E/kickstart(  346): HTC: RECEIVED <-- SAHARA_READ_DATA
I/kickstart(  346): INFO: function: start_image_transfer:899 start_image_transfer: 
I/kickstart(  346): INFO: function: tx_data:346 Transmitting 6660 bytes
I/kickstart(  346): INFO: function: tx_data:367 Total bytes sent so far: 1630704
I/kickstart(  346): INFO: function: start_image_transfer:939 Calculating throughput for chunk..
I/kickstart(  346): INFO: function: time_throughput_calculate:1219 Throughput = 17760000.000000
E/libgenlock(  326): perform_lock_unlock_operation: GENLOCK_IOC_DREADLOCK failed (lockType0x1,err=Invalid argument fd=22)
W/Adreno200-EGLSUB(  326): <GetBackBuffer:2121>: genlock_lock_buffer GENLOCK_WRITE_LOCK failed
W/Adreno200-EGL(  326): <qeglDrvAPI_eglSwapBuffers:3477>: EGL_BAD_ALLOC
I/kickstart(  346): INFO: function: rx_data:386 Entered rx_data. Buffer size (i.e. expected length): 20
I/kickstart(  346): INFO: function: rx_data:425 Expected length changed to 20
I/kickstart(  346): INFO: function: rx_data:485 Total bytes received so far: 636
I/kickstart(  346): INFO: function: start_sahara_based_transfer:257 STATE <-- SAHARA_WAIT_COMMAND
E/kickstart(  346): HTC: RECEIVED <-- SAHARA_READ_DATA
I/kickstart(  346): INFO: function: start_image_transfer:899 start_image_transfer: 
I/kickstart(  346): INFO: function: tx_data:346 Transmitting 1344 bytes
I/kickstart(  346): INFO: function: tx_data:367 Total bytes sent so far: 1632048
I/kickstart(  346): INFO: function: start_image_transfer:939 Calculating throughput for chunk..
I/kickstart(  346): INFO: function: time_throughput_calculate:1219 Throughput = Inf
I/kickstart(  346): INFO: function: rx_data:386 Entered rx_data. Buffer size (i.e. expected length): 20
I/kickstart(  346): INFO: function: rx_data:425 Expected length changed to 20
I/kickstart(  346): INFO: function: rx_data:485 Total bytes received so far: 656
I/kickstart(  346): INFO: function: start_sahara_based_transfer:257 STATE <-- SAHARA_WAIT_COMMAND
E/kickstart(  346): HTC: RECEIVED <-- SAHARA_READ_DATA
I/kickstart(  346): INFO: function: start_image_transfer:899 start_image_transfer: 
E/libgenlock(  326): perform_lock_unlock_operation: GENLOCK_IOC_DREADLOCK failed (lockType0x1,err=Invalid argument fd=22)
W/Adreno200-EGLSUB(  326): <GetBackBuffer:2121>: genlock_lock_buffer GENLOCK_WRITE_LOCK failed
W/Adreno200-EGL(  326): <qeglDrvAPI_eglSwapBuffers:3477>: EGL_BAD_ALLOC
I/kickstart(  346): INFO: function: tx_data:346 Transmitting 1048576 bytes
E/libgenlock(  326): perform_lock_unlock_operation: GENLOCK_IOC_DREADLOCK failed (lockType0x1,err=Invalid argument fd=22)
W/Adreno200-EGLSUB(  326): <GetBackBuffer:2121>: genlock_lock_buffer GENLOCK_WRITE_LOCK failed
W/Adreno200-EGL(  326): <qeglDrvAPI_eglSwapBuffers:3477>: EGL_BAD_ALLOC
I/kickstart(  346): INFO: function: tx_data:367 Total bytes sent so far: 2680624
I/kickstart(  346): INFO: function: start_image_transfer:939 Calculating throughput for chunk..
I/kickstart(  346): INFO: function: time_throughput_calculate:1219 Throughput = 119837257.142857
E/libgenlock(  326): perform_lock_unlock_operation: GENLOCK_IOC_DREADLOCK failed (lockType0x1,err=Invalid argument fd=22)
W/Adreno200-EGLSUB(  326): <GetBackBuffer:2121>: genlock_lock_buffer GENLOCK_WRITE_LOCK failed
W/Adreno200-EGL(  326): <qeglDrvAPI_eglSwapBuffers:3477>: EGL_BAD_ALLOC
I/kickstart(  346): INFO: function: rx_data:386 Entered rx_data. Buffer size (i.e. expected length): 20
I/kickstart(  346): INFO: function: rx_data:425 Expected length changed to 20
I/kickstart(  346): INFO: function: rx_data:485 Total bytes received so far: 676
I/kickstart(  346): INFO: function: start_sahara_based_transfer:257 STATE <-- SAHARA_WAIT_COMMAND
E/kickstart(  346): HTC: RECEIVED <-- SAHARA_READ_DATA
I/kickstart(  346): INFO: function: start_image_transfer:899 start_image_transfer: 
I/kickstart(  346): INFO: function: tx_data:346 Transmitting 303072 bytes
I/kickstart(  346): INFO: function: tx_data:367 Total bytes sent so far: 2983696
I/kickstart(  346): INFO: function: start_image_transfer:939 Calculating throughput for chunk..
I/kickstart(  346): INFO: function: time_throughput_calculate:1219 Throughput = 151536000.000000
E/libgenlock(  326): perform_lock_unlock_operation: GENLOCK_IOC_DREADLOCK failed (lockType0x1,err=Invalid argument fd=22)
W/Adreno200-EGLSUB(  326): <GetBackBuffer:2121>: genlock_lock_buffer GENLOCK_WRITE_LOCK failed
W/Adreno200-EGL(  326): <qeglDrvAPI_eglSwapBuffers:3477>: EGL_BAD_ALLOC
I/kickstart(  346): INFO: function: rx_data:386 Entered rx_data. Buffer size (i.e. expected length): 20
I/kickstart(  346): INFO: function: rx_data:425 Expected length changed to 20
I/kickstart(  346): INFO: function: rx_data:485 Total bytes received so far: 696
I/kickstart(  346): INFO: function: start_sahara_based_transfer:257 STATE <-- SAHARA_WAIT_COMMAND
E/kickstart(  346): HTC: RECEIVED <-- SAHARA_READ_DATA
I/kickstart(  346): INFO: function: start_image_transfer:899 start_image_transfer: 
I/kickstart(  346): INFO: function: tx_data:346 Transmitting 317128 bytes
I/kickstart(  346): INFO: function: tx_data:367 Total bytes sent so far: 3300824
I/kickstart(  346): INFO: function: start_image_transfer:939 Calculating throughput for chunk..
I/kickstart(  346): INFO: function: time_throughput_calculate:1219 Throughput = 149236705.882353
E/libgenlock(  326): perform_lock_unlock_operation: GENLOCK_IOC_DREADLOCK failed (lockType0x1,err=Invalid argument fd=22)
W/Adreno200-EGLSUB(  326): <GetBackBuffer:2121>: genlock_lock_buffer GENLOCK_WRITE_LOCK failed
W/Adreno200-EGL(  326): <qeglDrvAPI_eglSwapBuffers:3477>: EGL_BAD_ALLOC
I/kickstart(  346): INFO: function: rx_data:386 Entered rx_data. Buffer size (i.e. expected length): 20
I/kickstart(  346): INFO: function: rx_data:425 Expected length changed to 20
I/kickstart(  346): INFO: function: rx_data:485 Total bytes received so far: 716
I/kickstart(  346): INFO: function: start_sahara_based_transfer:257 STATE <-- SAHARA_WAIT_COMMAND
E/kickstart(  346): HTC: RECEIVED <-- SAHARA_READ_DATA
I/kickstart(  346): INFO: function: start_image_transfer:899 start_image_transfer: 
I/kickstart(  346): INFO: function: tx_data:346 Transmitting 221076 bytes
I/kickstart(  346): INFO: function: tx_data:367 Total bytes sent so far: 3521900
I/kickstart(  346): INFO: function: start_image_transfer:939 Calculating throughput for chunk..
I/kickstart(  346): INFO: function: time_throughput_calculate:1219 Throughput = 117907200.000000
I/kickstart(  346): INFO: function: rx_data:386 Entered rx_data. Buffer size (i.e. expected length): 20
I/kickstart(  346): INFO: function: rx_data:425 Expected length changed to 20
I/kickstart(  346): INFO: function: rx_data:485 Total bytes received so far: 736
I/kickstart(  346): INFO: function: start_sahara_based_transfer:257 STATE <-- SAHARA_WAIT_COMMAND
E/kickstart(  346): HTC: RECEIVED <-- SAHARA_READ_DATA
I/kickstart(  346): INFO: function: start_image_transfer:899 start_image_transfer: 
I/kickstart(  346): INFO: function: tx_data:346 Transmitting 20800 bytes
I/kickstart(  346): INFO: function: tx_data:367 Total bytes sent so far: 3542700
I/kickstart(  346): INFO: function: start_image_transfer:939 Calculating throughput for chunk..
I/kickstart(  346): INFO: function: time_throughput_calculate:1219 Throughput = Inf
I/kickstart(  346): INFO: function: rx_data:386 Entered rx_data. Buffer size (i.e. expected length): 20
I/kickstart(  346): INFO: function: rx_data:425 Expected length changed to 20
I/kickstart(  346): INFO: function: rx_data:485 Total bytes received so far: 756
I/kickstart(  346): INFO: function: start_sahara_based_transfer:257 STATE <-- SAHARA_WAIT_COMMAND
E/kickstart(  346): HTC: RECEIVED <-- SAHARA_READ_DATA
I/kickstart(  346): INFO: function: start_image_transfer:899 start_image_transfer: 
I/kickstart(  346): INFO: function: tx_data:346 Transmitting 80320 bytes
E/libgenlock(  326): perform_lock_unlock_operation: GENLOCK_IOC_DREADLOCK failed (lockType0x1,err=Invalid argument fd=22)
W/Adreno200-EGLSUB(  326): <GetBackBuffer:2121>: genlock_lock_buffer GENLOCK_WRITE_LOCK failed
W/Adreno200-EGL(  326): <qeglDrvAPI_eglSwapBuffers:3477>: EGL_BAD_ALLOC
I/kickstart(  346): INFO: function: tx_data:367 Total bytes sent so far: 3623020
I/kickstart(  346): INFO: function: start_image_transfer:939 Calculating throughput for chunk..
I/kickstart(  346): INFO: function: time_throughput_calculate:1219 Throughput = 71395555.555556
I/kickstart(  346): INFO: function: rx_data:386 Entered rx_data. Buffer size (i.e. expected length): 20
I/kickstart(  346): INFO: function: rx_data:425 Expected length changed to 20
I/kickstart(  346): INFO: function: rx_data:485 Total bytes received so far: 776
I/kickstart(  346): INFO: function: start_sahara_based_transfer:257 STATE <-- SAHARA_WAIT_COMMAND
E/kickstart(  346): HTC: RECEIVED <-- SAHARA_READ_DATA
I/kickstart(  346): INFO: function: start_image_transfer:899 start_image_transfer: 
I/kickstart(  346): INFO: function: tx_data:346 Transmitting 88880 bytes
I/kickstart(  346): INFO: function: tx_data:367 Total bytes sent so far: 3711900
I/kickstart(  346): INFO: function: start_image_transfer:939 Calculating throughput for chunk..
I/kickstart(  346): INFO: function: time_throughput_calculate:1219 Throughput = 39502222.222222
E/libgenlock(  326): perform_lock_unlock_operation: GENLOCK_IOC_DREADLOCK failed (lockType0x1,err=Invalid argument fd=22)
W/Adreno200-EGLSUB(  326): <GetBackBuffer:2121>: genlock_lock_buffer GENLOCK_WRITE_LOCK failed
W/Adreno200-EGL(  326): <qeglDrvAPI_eglSwapBuffers:3477>: EGL_BAD_ALLOC
I/kickstart(  346): INFO: function: rx_data:386 Entered rx_data. Buffer size (i.e. expected length): 20
I/kickstart(  346): INFO: function: rx_data:425 Expected length changed to 20
I/kickstart(  346): INFO: function: rx_data:485 Total bytes received so far: 796
I/kickstart(  346): INFO: function: start_sahara_based_transfer:257 STATE <-- SAHARA_WAIT_COMMAND
E/kickstart(  346): HTC: RECEIVED <-- SAHARA_READ_DATA
I/kickstart(  346): INFO: function: start_image_transfer:899 start_image_transfer: 
I/kickstart(  346): INFO: function: tx_data:346 Transmitting 165576 bytes
I/kickstart(  346): INFO: function: tx_data:367 Total bytes sent so far: 3877476
I/kickstart(  346): INFO: function: start_image_transfer:939 Calculating throughput for chunk..
I/kickstart(  346): INFO: function: time_throughput_calculate:1219 Throughput = 110384000.000000
I/kickstart(  346): INFO: function: rx_data:386 Entered rx_data. Buffer size (i.e. expected length): 20
I/kickstart(  346): INFO: function: rx_data:425 Expected length changed to 16
I/kickstart(  346): INFO: function: rx_data:485 Total bytes received so far: 812
I/kickstart(  346): INFO: function: start_sahara_based_transfer:257 STATE <-- SAHARA_WAIT_COMMAND
E/kickstart(  346): HTC: RECEIVED <-- SAHARA_END_IMAGE_TX
I/kickstart(  346): INFO: function: is_ack_successful:693 SAHARA_STATUS_SUCCESS
E/kickstart(  346): HTC: SENDING --> SAHARA_DONE
I/kickstart(  346): INFO: function: tx_data:346 Transmitting 8 bytes
I/kickstart(  346): INFO: function: tx_data:367 Total bytes sent so far: 3877484
I/kickstart(  346): INFO: function: start_sahara_based_transfer:566 SAHARA_WAIT_DONE_RESP recieved with SAHARA_MODE_IMAGE_TX_PENDING=0x00000000
I/kickstart(  346): INFO: function: rx_data:386 Entered rx_data. Buffer size (i.e. expected length): 12
I/kickstart(  346): INFO: function: rx_data:485 Total bytes received so far: 824
E/kickstart(  346): HTC: STATE <-- SAHARA_WAIT_DONE_RESP
E/kickstart(  346): HTC: Still More images to be uploaded, entering Hello wait state
I/kickstart(  346): EVENT: STATE <-- SAHARA_WAIT_HELLO
E/libgenlock(  326): perform_lock_unlock_operation: GENLOCK_IOC_DREADLOCK failed (lockType0x1,err=Invalid argument fd=22)
W/Adreno200-EGLSUB(  326): <GetBackBuffer:2121>: genlock_lock_buffer GENLOCK_WRITE_LOCK failed
W/Adreno200-EGL(  326): <qeglDrvAPI_eglSwapBuffers:3477>: EGL_BAD_ALLOC
D/dalvikvm(  349): Note: class Landroid/opengl/GLWrapperBase; has 250 unimplemented (abstract) methods
I/kickstart(  346): INFO: function: rx_data:386 Entered rx_data. Buffer size (i.e. expected length): 48
I/kickstart(  346): INFO: function: rx_data:485 Total bytes received so far: 872
E/kickstart(  346): HTC: RECEIVED <-- SAHARA_HELLO
E/kickstart(  346): HTC: SENDING --> SAHARA_HELLO_RESPONSE
E/kickstart(  346): HTC: 	sahara_mode                         = 4
E/kickstart(  346): HTC: 	m_comm->sahara_hello_packet_rx.mode = 0
E/kickstart(  346): HTC: 	helloRx.mode                        = 0
I/kickstart(  346): INFO: function: tx_data:346 Transmitting 48 bytes
I/kickstart(  346): INFO: function: tx_data:367 Total bytes sent so far: 3877532
I/kickstart(  346): INFO: function: rx_data:386 Entered rx_data. Buffer size (i.e. expected length): 20
I/kickstart(  346): INFO: function: rx_data:425 Expected length changed to 20
I/kickstart(  346): INFO: function: rx_data:485 Total bytes received so far: 892
I/kickstart(  346): INFO: function: start_sahara_based_transfer:257 STATE <-- SAHARA_WAIT_COMMAND
E/kickstart(  346): HTC: RECEIVED <-- SAHARA_READ_DATA
E/kickstart(  346): HTC: Requested "/vendor/firmware/dsp2.mbn"
E/kickstart(  346): HTC: Uploading file: /vendor/firmware/dsp2.mbn
I/kickstart(  346): INFO: function: start_image_transfer:899 start_image_transfer: 
I/kickstart(  346): INFO: function: tx_data:346 Transmitting 52 bytes
I/kickstart(  346): INFO: function: tx_data:367 Total bytes sent so far: 3877584
I/kickstart(  346): INFO: function: start_image_transfer:939 Calculating throughput for chunk..
I/kickstart(  346): INFO: function: time_throughput_calculate:1219 Throughput = Inf
I/kickstart(  346): INFO: function: rx_data:386 Entered rx_data. Buffer size (i.e. expected length): 20
I/kickstart(  346): INFO: function: rx_data:425 Expected length changed to 20
I/kickstart(  346): INFO: function: rx_data:485 Total bytes received so far: 912
I/kickstart(  346): INFO: function: start_sahara_based_transfer:257 STATE <-- SAHARA_WAIT_COMMAND
E/kickstart(  346): HTC: RECEIVED <-- SAHARA_READ_DATA
I/kickstart(  346): INFO: function: start_image_transfer:899 start_image_transfer: 
I/kickstart(  346): INFO: function: tx_data:346 Transmitting 256 bytes
I/kickstart(  346): INFO: function: tx_data:367 Total bytes sent so far: 3877840
I/kickstart(  346): INFO: function: start_image_transfer:939 Calculating throughput for chunk..
I/kickstart(  346): INFO: function: time_throughput_calculate:1219 Throughput = Inf
I/kickstart(  346): INFO: function: rx_data:386 Entered rx_data. Buffer size (i.e. expected length): 20
I/kickstart(  346): INFO: function: rx_data:425 Expected length changed to 20
I/kickstart(  346): INFO: function: rx_data:485 Total bytes received so far: 932
I/kickstart(  346): INFO: function: start_sahara_based_transfer:257 STATE <-- SAHARA_WAIT_COMMAND
E/kickstart(  346): HTC: RECEIVED <-- SAHARA_READ_DATA
I/kickstart(  346): INFO: function: start_image_transfer:899 start_image_transfer: 
I/kickstart(  346): INFO: function: tx_data:346 Transmitting 6580 bytes
I/kickstart(  346): INFO: function: tx_data:367 Total bytes sent so far: 3884420
I/kickstart(  346): INFO: function: start_image_transfer:939 Calculating throughput for chunk..
I/kickstart(  346): INFO: function: time_throughput_calculate:1219 Throughput = Inf
I/kickstart(  346): INFO: function: rx_data:386 Entered rx_data. Buffer size (i.e. expected length): 20
I/kickstart(  346): INFO: function: rx_data:425 Expected length changed to 20
I/kickstart(  346): INFO: function: rx_data:485 Total bytes received so far: 952
I/kickstart(  346): INFO: function: start_sahara_based_transfer:257 STATE <-- SAHARA_WAIT_COMMAND
E/kickstart(  346): HTC: RECEIVED <-- SAHARA_READ_DATA
I/kickstart(  346): INFO: function: start_image_transfer:899 start_image_transfer: 
I/kickstart(  346): INFO: function: tx_data:346 Transmitting 1760 bytes
I/kickstart(  346): INFO: function: tx_data:367 Total bytes sent so far: 3886180
I/kickstart(  346): INFO: function: start_image_transfer:939 Calculating throughput for chunk..
I/kickstart(  346): INFO: function: time_throughput_calculate:1219 Throughput = Inf
I/kickstart(  346): INFO: function: rx_data:386 Entered rx_data. Buffer size (i.e. expected length): 20
I/kickstart(  346): INFO: function: rx_data:425 Expected length changed to 20
I/kickstart(  346): INFO: function: rx_data:485 Total bytes received so far: 972
I/kickstart(  346): INFO: function: start_sahara_based_transfer:257 STATE <-- SAHARA_WAIT_COMMAND
E/kickstart(  346): HTC: RECEIVED <-- SAHARA_READ_DATA
I/kickstart(  346): INFO: function: start_image_transfer:899 start_image_transfer: 
E/libgenlock(  326): perform_lock_unlock_operation: GENLOCK_IOC_DREADLOCK failed (lockType0x1,err=Invalid argument fd=22)
W/Adreno200-EGLSUB(  326): <GetBackBuffer:2121>: genlock_lock_buffer GENLOCK_WRITE_LOCK failed
W/Adreno200-EGL(  326): <qeglDrvAPI_eglSwapBuffers:3477>: EGL_BAD_ALLOC
I/kickstart(  346): INFO: function: tx_data:346 Transmitting 1048576 bytes
E/libgenlock(  326): perform_lock_unlock_operation: GENLOCK_IOC_DREADLOCK failed (lockType0x1,err=Invalid argument fd=22)
W/Adreno200-EGLSUB(  326): <GetBackBuffer:2121>: genlock_lock_buffer GENLOCK_WRITE_LOCK failed
W/Adreno200-EGL(  326): <qeglDrvAPI_eglSwapBuffers:3477>: EGL_BAD_ALLOC
I/kickstart(  346): INFO: function: tx_data:367 Total bytes sent so far: 4934756
I/kickstart(  346): INFO: function: start_image_transfer:939 Calculating throughput for chunk..
I/kickstart(  346): INFO: function: time_throughput_calculate:1219 Throughput = 111848106.666667
I/kickstart(  346): INFO: function: rx_data:386 Entered rx_data. Buffer size (i.e. expected length): 20
I/kickstart(  346): INFO: function: rx_data:425 Expected length changed to 20
I/kickstart(  346): INFO: function: rx_data:485 Total bytes received so far: 992
I/kickstart(  346): INFO: function: start_sahara_based_transfer:257 STATE <-- SAHARA_WAIT_COMMAND
E/kickstart(  346): HTC: RECEIVED <-- SAHARA_READ_DATA
I/kickstart(  346): INFO: function: start_image_transfer:899 start_image_transfer: 
E/libgenlock(  326): perform_lock_unlock_operation: GENLOCK_IOC_DREADLOCK failed (lockType0x1,err=Invalid argument fd=22)
W/Adreno200-EGLSUB(  326): <GetBackBuffer:2121>: genlock_lock_buffer GENLOCK_WRITE_LOCK failed
W/Adreno200-EGL(  326): <qeglDrvAPI_eglSwapBuffers:3477>: EGL_BAD_ALLOC
I/kickstart(  346): INFO: function: tx_data:346 Transmitting 1048576 bytes
E/libgenlock(  326): perform_lock_unlock_operation: GENLOCK_IOC_DREADLOCK failed (lockType0x1,err=Invalid argument fd=22)
W/Adreno200-EGLSUB(  326): <GetBackBuffer:2121>: genlock_lock_buffer GENLOCK_WRITE_LOCK failed
W/Adreno200-EGL(  326): <qeglDrvAPI_eglSwapBuffers:3477>: EGL_BAD_ALLOC
E/libgenlock(  326): perform_lock_unlock_operation: GENLOCK_IOC_DREADLOCK failed (lockType0x1,err=Invalid argument fd=22)
W/Adreno200-EGLSUB(  326): <GetBackBuffer:2121>: genlock_lock_buffer GENLOCK_WRITE_LOCK failed
W/Adreno200-EGL(  326): <qeglDrvAPI_eglSwapBuffers:3477>: EGL_BAD_ALLOC
I/kickstart(  346): INFO: function: tx_data:367 Total bytes sent so far: 5983332
I/kickstart(  346): INFO: function: start_image_transfer:939 Calculating throughput for chunk..
I/kickstart(  346): INFO: function: time_throughput_calculate:1219 Throughput = 147168561.403509
I/kickstart(  346): INFO: function: rx_data:386 Entered rx_data. Buffer size (i.e. expected length): 20
I/kickstart(  346): INFO: function: rx_data:425 Expected length changed to 20
I/kickstart(  346): INFO: function: rx_data:485 Total bytes received so far: 1012
I/kickstart(  346): INFO: function: start_sahara_based_transfer:257 STATE <-- SAHARA_WAIT_COMMAND
E/kickstart(  346): HTC: RECEIVED <-- SAHARA_READ_DATA
I/kickstart(  346): INFO: function: start_image_transfer:899 start_image_transfer: 
E/libgenlock(  326): perform_lock_unlock_operation: GENLOCK_IOC_DREADLOCK failed (lockType0x1,err=Invalid argument fd=22)
W/Adreno200-EGLSUB(  326): <GetBackBuffer:2121>: genlock_lock_buffer GENLOCK_WRITE_LOCK failed
W/Adreno200-EGL(  326): <qeglDrvAPI_eglSwapBuffers:3477>: EGL_BAD_ALLOC
I/kickstart(  346): INFO: function: tx_data:346 Transmitting 1048576 bytes
E/libgenlock(  326): perform_lock_unlock_operation: GENLOCK_IOC_DREADLOCK failed (lockType0x1,err=Invalid argument fd=22)
W/Adreno200-EGLSUB(  326): <GetBackBuffer:2121>: genlock_lock_buffer GENLOCK_WRITE_LOCK failed
W/Adreno200-EGL(  326): <qeglDrvAPI_eglSwapBuffers:3477>: EGL_BAD_ALLOC
I/kickstart(  346): INFO: function: tx_data:367 Total bytes sent so far: 7031908
I/kickstart(  346): INFO: function: start_image_transfer:939 Calculating throughput for chunk..
I/kickstart(  346): INFO: function: time_throughput_calculate:1219 Throughput = 135300129.032258
I/kickstart(  346): INFO: function: rx_data:386 Entered rx_data. Buffer size (i.e. expected length): 20
I/kickstart(  346): INFO: function: rx_data:425 Expected length changed to 20
I/kickstart(  346): INFO: function: rx_data:485 Total bytes received so far: 1032
I/kickstart(  346): INFO: function: start_sahara_based_transfer:257 STATE <-- SAHARA_WAIT_COMMAND
E/kickstart(  346): HTC: RECEIVED <-- SAHARA_READ_DATA
I/kickstart(  346): INFO: function: start_image_transfer:899 start_image_transfer: 
E/libgenlock(  326): perform_lock_unlock_operation: GENLOCK_IOC_DREADLOCK failed (lockType0x1,err=Invalid argument fd=22)
W/Adreno200-EGLSUB(  326): <GetBackBuffer:2121>: genlock_lock_buffer GENLOCK_WRITE_LOCK failed
W/Adreno200-EGL(  326): <qeglDrvAPI_eglSwapBuffers:3477>: EGL_BAD_ALLOC
I/kickstart(  346): INFO: function: tx_data:346 Transmitting 1048576 bytes
E/libgenlock(  326): perform_lock_unlock_operation: GENLOCK_IOC_DREADLOCK failed (lockType0x1,err=Invalid argument fd=22)
W/Adreno200-EGLSUB(  326): <GetBackBuffer:2121>: genlock_lock_buffer GENLOCK_WRITE_LOCK failed
W/Adreno200-EGL(  326): <qeglDrvAPI_eglSwapBuffers:3477>: EGL_BAD_ALLOC
I/kickstart(  346): INFO: function: tx_data:367 Total bytes sent so far: 8080484
I/kickstart(  346): INFO: function: start_image_transfer:939 Calculating throughput for chunk..
I/kickstart(  346): INFO: function: time_throughput_calculate:1219 Throughput = 147168561.403509
E/libgenlock(  326): perform_lock_unlock_operation: GENLOCK_IOC_DREADLOCK failed (lockType0x1,err=Invalid argument fd=22)
W/Adreno200-EGLSUB(  326): <GetBackBuffer:2121>: genlock_lock_buffer GENLOCK_WRITE_LOCK failed
W/Adreno200-EGL(  326): <qeglDrvAPI_eglSwapBuffers:3477>: EGL_BAD_ALLOC
I/kickstart(  346): INFO: function: rx_data:386 Entered rx_data. Buffer size (i.e. expected length): 20
I/kickstart(  346): INFO: function: rx_data:425 Expected length changed to 20
I/kickstart(  346): INFO: function: rx_data:485 Total bytes received so far: 1052
I/kickstart(  346): INFO: function: start_sahara_based_transfer:257 STATE <-- SAHARA_WAIT_COMMAND
E/kickstart(  346): HTC: RECEIVED <-- SAHARA_READ_DATA
I/kickstart(  346): INFO: function: start_image_transfer:899 start_image_transfer: 
I/kickstart(  346): INFO: function: tx_data:346 Transmitting 1048576 bytes
E/libgenlock(  326): perform_lock_unlock_operation: GENLOCK_IOC_DREADLOCK failed (lockType0x1,err=Invalid argument fd=22)
W/Adreno200-EGLSUB(  326): <GetBackBuffer:2121>: genlock_lock_buffer GENLOCK_WRITE_LOCK failed
W/Adreno200-EGL(  326): <qeglDrvAPI_eglSwapBuffers:3477>: EGL_BAD_ALLOC
E/libgenlock(  326): perform_lock_unlock_operation: GENLOCK_IOC_DREADLOCK failed (lockType0x1,err=Invalid argument fd=22)
W/Adreno200-EGLSUB(  326): <GetBackBuffer:2121>: genlock_lock_buffer GENLOCK_WRITE_LOCK failed
W/Adreno200-EGL(  326): <qeglDrvAPI_eglSwapBuffers:3477>: EGL_BAD_ALLOC
I/kickstart(  346): INFO: function: tx_data:367 Total bytes sent so far: 9129060
I/kickstart(  346): INFO: function: start_image_transfer:939 Calculating throughput for chunk..
I/kickstart(  346): INFO: function: time_throughput_calculate:1219 Throughput = 119837257.142857
I/kickstart(  346): INFO: function: rx_data:386 Entered rx_data. Buffer size (i.e. expected length): 20
I/kickstart(  346): INFO: function: rx_data:425 Expected length changed to 20
I/kickstart(  346): INFO: function: rx_data:485 Total bytes received so far: 1072
I/kickstart(  346): INFO: function: start_sahara_based_transfer:257 STATE <-- SAHARA_WAIT_COMMAND
E/kickstart(  346): HTC: RECEIVED <-- SAHARA_READ_DATA
I/kickstart(  346): INFO: function: start_image_transfer:899 start_image_transfer: 
E/libgenlock(  326): perform_lock_unlock_operation: GENLOCK_IOC_DREADLOCK failed (lockType0x1,err=Invalid argument fd=22)
W/Adreno200-EGLSUB(  326): <GetBackBuffer:2121>: genlock_lock_buffer GENLOCK_WRITE_LOCK failed
W/Adreno200-EGL(  326): <qeglDrvAPI_eglSwapBuffers:3477>: EGL_BAD_ALLOC
I/kickstart(  346): INFO: function: tx_data:346 Transmitting 1048576 bytes
E/libgenlock(  326): perform_lock_unlock_operation: GENLOCK_IOC_DREADLOCK failed (lockType0x1,err=Invalid argument fd=22)
W/Adreno200-EGLSUB(  326): <GetBackBuffer:2121>: genlock_lock_buffer GENLOCK_WRITE_LOCK failed
W/Adreno200-EGL(  326): <qeglDrvAPI_eglSwapBuffers:3477>: EGL_BAD_ALLOC
I/kickstart(  346): INFO: function: tx_data:367 Total bytes sent so far: 10177636
I/kickstart(  346): INFO: function: start_image_transfer:939 Calculating throughput for chunk..
I/kickstart(  346): INFO: function: time_throughput_calculate:1219 Throughput = 147168561.403509
E/libgenlock(  326): perform_lock_unlock_operation: GENLOCK_IOC_DREADLOCK failed (lockType0x1,err=Invalid argument fd=22)
W/Adreno200-EGLSUB(  326): <GetBackBuffer:2121>: genlock_lock_buffer GENLOCK_WRITE_LOCK failed
W/Adreno200-EGL(  326): <qeglDrvAPI_eglSwapBuffers:3477>: EGL_BAD_ALLOC
I/kickstart(  346): INFO: function: rx_data:386 Entered rx_data. Buffer size (i.e. expected length): 20
I/kickstart(  346): INFO: function: rx_data:425 Expected length changed to 20
I/kickstart(  346): INFO: function: rx_data:485 Total bytes received so far: 1092
I/kickstart(  346): INFO: function: start_sahara_based_transfer:257 STATE <-- SAHARA_WAIT_COMMAND
E/kickstart(  346): HTC: RECEIVED <-- SAHARA_READ_DATA
I/kickstart(  346): INFO: function: start_image_transfer:899 start_image_transfer: 
I/kickstart(  346): INFO: function: tx_data:346 Transmitting 1048576 bytes
E/libgenlock(  326): perform_lock_unlock_operation: GENLOCK_IOC_DREADLOCK failed (lockType0x1,err=Invalid argument fd=22)
W/Adreno200-EGLSUB(  326): <GetBackBuffer:2121>: genlock_lock_buffer GENLOCK_WRITE_LOCK failed
W/Adreno200-EGL(  326): <qeglDrvAPI_eglSwapBuffers:3477>: EGL_BAD_ALLOC
E/libgenlock(  326): perform_lock_unlock_operation: GENLOCK_IOC_DREADLOCK failed (lockType0x1,err=Invalid argument fd=22)
W/Adreno200-EGLSUB(  326): <GetBackBuffer:2121>: genlock_lock_buffer GENLOCK_WRITE_LOCK failed
W/Adreno200-EGL(  326): <qeglDrvAPI_eglSwapBuffers:3477>: EGL_BAD_ALLOC
I/kickstart(  346): INFO: function: tx_data:367 Total bytes sent so far: 11226212
I/kickstart(  346): INFO: function: start_image_transfer:939 Calculating throughput for chunk..
I/kickstart(  346): INFO: function: time_throughput_calculate:1219 Throughput = 144631172.413793
I/kickstart(  346): INFO: function: rx_data:386 Entered rx_data. Buffer size (i.e. expected length): 20
I/kickstart(  346): INFO: function: rx_data:425 Expected length changed to 20
I/kickstart(  346): INFO: function: rx_data:485 Total bytes received so far: 1112
I/kickstart(  346): INFO: function: start_sahara_based_transfer:257 STATE <-- SAHARA_WAIT_COMMAND
E/kickstart(  346): HTC: RECEIVED <-- SAHARA_READ_DATA
I/kickstart(  346): INFO: function: start_image_transfer:899 start_image_transfer: 
E/libgenlock(  326): perform_lock_unlock_operation: GENLOCK_IOC_DREADLOCK failed (lockType0x1,err=Invalid argument fd=22)
W/Adreno200-EGLSUB(  326): <GetBackBuffer:2121>: genlock_lock_buffer GENLOCK_WRITE_LOCK failed
W/Adreno200-EGL(  326): <qeglDrvAPI_eglSwapBuffers:3477>: EGL_BAD_ALLOC
I/kickstart(  346): INFO: function: tx_data:346 Transmitting 1048576 bytes
E/libgenlock(  326): perform_lock_unlock_operation: GENLOCK_IOC_DREADLOCK failed (lockType0x1,err=Invalid argument fd=22)
W/Adreno200-EGLSUB(  326): <GetBackBuffer:2121>: genlock_lock_buffer GENLOCK_WRITE_LOCK failed
W/Adreno200-EGL(  326): <qeglDrvAPI_eglSwapBuffers:3477>: EGL_BAD_ALLOC
I/kickstart(  346): INFO: function: tx_data:367 Total bytes sent so far: 12274788
I/kickstart(  346): INFO: function: start_image_transfer:939 Calculating throughput for chunk..
I/kickstart(  346): INFO: function: time_throughput_calculate:1219 Throughput = 144631172.413793
I/kickstart(  346): INFO: function: rx_data:386 Entered rx_data. Buffer size (i.e. expected length): 20
I/kickstart(  346): INFO: function: rx_data:425 Expected length changed to 20
I/kickstart(  346): INFO: function: rx_data:485 Total bytes received so far: 1132
I/kickstart(  346): INFO: function: start_sahara_based_transfer:257 STATE <-- SAHARA_WAIT_COMMAND
E/kickstart(  346): HTC: RECEIVED <-- SAHARA_READ_DATA
I/kickstart(  346): INFO: function: start_image_transfer:899 start_image_transfer: 
E/libgenlock(  326): perform_lock_unlock_operation: GENLOCK_IOC_DREADLOCK failed (lockType0x1,err=Invalid argument fd=22)
W/Adreno200-EGLSUB(  326): <GetBackBuffer:2121>: genlock_lock_buffer GENLOCK_WRITE_LOCK failed
W/Adreno200-EGL(  326): <qeglDrvAPI_eglSwapBuffers:3477>: EGL_BAD_ALLOC
I/kickstart(  346): INFO: function: tx_data:346 Transmitting 1048576 bytes
E/libgenlock(  326): perform_lock_unlock_operation: GENLOCK_IOC_DREADLOCK failed (lockType0x1,err=Invalid argument fd=22)
W/Adreno200-EGLSUB(  326): <GetBackBuffer:2121>: genlock_lock_buffer GENLOCK_WRITE_LOCK failed
W/Adreno200-EGL(  326): <qeglDrvAPI_eglSwapBuffers:3477>: EGL_BAD_ALLOC
I/kickstart(  346): INFO: function: tx_data:367 Total bytes sent so far: 13323364
I/kickstart(  346): INFO: function: start_image_transfer:939 Calculating throughput for chunk..
I/kickstart(  346): INFO: function: time_throughput_calculate:1219 Throughput = 158275622.641509
E/libgenlock(  326): perform_lock_unlock_operation: GENLOCK_IOC_DREADLOCK failed (lockType0x1,err=Invalid argument fd=22)
W/Adreno200-EGLSUB(  326): <GetBackBuffer:2121>: genlock_lock_buffer GENLOCK_WRITE_LOCK failed
W/Adreno200-EGL(  326): <qeglDrvAPI_eglSwapBuffers:3477>: EGL_BAD_ALLOC
I/kickstart(  346): INFO: function: rx_data:386 Entered rx_data. Buffer size (i.e. expected length): 20
I/kickstart(  346): INFO: function: rx_data:425 Expected length changed to 20
I/kickstart(  346): INFO: function: rx_data:485 Total bytes received so far: 1152
I/kickstart(  346): INFO: function: start_sahara_based_transfer:257 STATE <-- SAHARA_WAIT_COMMAND
E/kickstart(  346): HTC: RECEIVED <-- SAHARA_READ_DATA
I/kickstart(  346): INFO: function: start_image_transfer:899 start_image_transfer: 
I/kickstart(  346): INFO: function: tx_data:346 Transmitting 1048576 bytes
E/libgenlock(  326): perform_lock_unlock_operation: GENLOCK_IOC_DREADLOCK failed (lockType0x1,err=Invalid argument fd=22)
W/Adreno200-EGLSUB(  326): <GetBackBuffer:2121>: genlock_lock_buffer GENLOCK_WRITE_LOCK failed
W/Adreno200-EGL(  326): <qeglDrvAPI_eglSwapBuffers:3477>: EGL_BAD_ALLOC
E/libgenlock(  326): perform_lock_unlock_operation: GENLOCK_IOC_DREADLOCK failed (lockType0x1,err=Invalid argument fd=22)
W/Adreno200-EGLSUB(  326): <GetBackBuffer:2121>: genlock_lock_buffer GENLOCK_WRITE_LOCK failed
W/Adreno200-EGL(  326): <qeglDrvAPI_eglSwapBuffers:3477>: EGL_BAD_ALLOC
I/kickstart(  346): INFO: function: tx_data:367 Total bytes sent so far: 14371940
I/kickstart(  346): INFO: function: start_image_transfer:939 Calculating throughput for chunk..
I/kickstart(  346): INFO: function: time_throughput_calculate:1219 Throughput = 139810133.333333
I/kickstart(  346): INFO: function: rx_data:386 Entered rx_data. Buffer size (i.e. expected length): 20
I/kickstart(  346): INFO: function: rx_data:425 Expected length changed to 20
I/kickstart(  346): INFO: function: rx_data:485 Total bytes received so far: 1172
I/kickstart(  346): INFO: function: start_sahara_based_transfer:257 STATE <-- SAHARA_WAIT_COMMAND
E/kickstart(  346): HTC: RECEIVED <-- SAHARA_READ_DATA
I/kickstart(  346): INFO: function: start_image_transfer:899 start_image_transfer: 
E/libgenlock(  326): perform_lock_unlock_operation: GENLOCK_IOC_DREADLOCK failed (lockType0x1,err=Invalid argument fd=22)
W/Adreno200-EGLSUB(  326): <GetBackBuffer:2121>: genlock_lock_buffer GENLOCK_WRITE_LOCK failed
W/Adreno200-EGL(  326): <qeglDrvAPI_eglSwapBuffers:3477>: EGL_BAD_ALLOC
I/kickstart(  346): INFO: function: tx_data:346 Transmitting 1048576 bytes
E/libgenlock(  326): perform_lock_unlock_operation: GENLOCK_IOC_DREADLOCK failed (lockType0x1,err=Invalid argument fd=22)
W/Adreno200-EGLSUB(  326): <GetBackBuffer:2121>: genlock_lock_buffer GENLOCK_WRITE_LOCK failed
W/Adreno200-EGL(  326): <qeglDrvAPI_eglSwapBuffers:3477>: EGL_BAD_ALLOC
I/kickstart(  346): INFO: function: tx_data:367 Total bytes sent so far: 15420516
I/kickstart(  346): INFO: function: start_image_transfer:939 Calculating throughput for chunk..
I/kickstart(  346): INFO: function: time_throughput_calculate:1219 Throughput = 144631172.413793
I/kickstart(  346): INFO: function: rx_data:386 Entered rx_data. Buffer size (i.e. expected length): 20
I/kickstart(  346): INFO: function: rx_data:425 Expected length changed to 20
I/kickstart(  346): INFO: function: rx_data:485 Total bytes received so far: 1192
I/kickstart(  346): INFO: function: start_sahara_based_transfer:257 STATE <-- SAHARA_WAIT_COMMAND
E/kickstart(  346): HTC: RECEIVED <-- SAHARA_READ_DATA
I/kickstart(  346): INFO: function: start_image_transfer:899 start_image_transfer: 
E/libgenlock(  326): perform_lock_unlock_operation: GENLOCK_IOC_DREADLOCK failed (lockType0x1,err=Invalid argument fd=22)
W/Adreno200-EGLSUB(  326): <GetBackBuffer:2121>: genlock_lock_buffer GENLOCK_WRITE_LOCK failed
W/Adreno200-EGL(  326): <qeglDrvAPI_eglSwapBuffers:3477>: EGL_BAD_ALLOC
I/kickstart(  346): INFO: function: tx_data:346 Transmitting 1048576 bytes
E/libgenlock(  326): perform_lock_unlock_operation: GENLOCK_IOC_DREADLOCK failed (lockType0x1,err=Invalid argument fd=22)
W/Adreno200-EGLSUB(  326): <GetBackBuffer:2121>: genlock_lock_buffer GENLOCK_WRITE_LOCK failed
W/Adreno200-EGL(  326): <qeglDrvAPI_eglSwapBuffers:3477>: EGL_BAD_ALLOC
E/libgenlock(  326): perform_lock_unlock_operation: GENLOCK_IOC_DREADLOCK failed (lockType0x1,err=Invalid argument fd=22)
W/Adreno200-EGLSUB(  326): <GetBackBuffer:2121>: genlock_lock_buffer GENLOCK_WRITE_LOCK failed
W/Adreno200-EGL(  326): <qeglDrvAPI_eglSwapBuffers:3477>: EGL_BAD_ALLOC
I/kickstart(  346): INFO: function: tx_data:367 Total bytes sent so far: 16469092
I/kickstart(  346): INFO: function: start_image_transfer:939 Calculating throughput for chunk..
I/kickstart(  346): INFO: function: time_throughput_calculate:1219 Throughput = 142179796.610170
I/kickstart(  346): INFO: function: rx_data:386 Entered rx_data. Buffer size (i.e. expected length): 20
I/kickstart(  346): INFO: function: rx_data:425 Expected length changed to 20
I/kickstart(  346): INFO: function: rx_data:485 Total bytes received so far: 1212
I/kickstart(  346): INFO: function: start_sahara_based_transfer:257 STATE <-- SAHARA_WAIT_COMMAND
E/kickstart(  346): HTC: RECEIVED <-- SAHARA_READ_DATA
I/kickstart(  346): INFO: function: start_image_transfer:899 start_image_transfer: 
I/kickstart(  346): INFO: function: tx_data:346 Transmitting 161716 bytes
I/kickstart(  346): INFO: function: tx_data:367 Total bytes sent so far: 16630808
I/kickstart(  346): INFO: function: start_image_transfer:939 Calculating throughput for chunk..
I/kickstart(  346): INFO: function: time_throughput_calculate:1219 Throughput = 107810666.666667
I/kickstart(  346): INFO: function: rx_data:386 Entered rx_data. Buffer size (i.e. expected length): 20
I/kickstart(  346): INFO: function: rx_data:425 Expected length changed to 20
I/kickstart(  346): INFO: function: rx_data:485 Total bytes received so far: 1232
I/kickstart(  346): INFO: function: start_sahara_based_transfer:257 STATE <-- SAHARA_WAIT_COMMAND
E/kickstart(  346): HTC: RECEIVED <-- SAHARA_READ_DATA
I/kickstart(  346): INFO: function: start_image_transfer:899 start_image_transfer: 
E/libgenlock(  326): perform_lock_unlock_operation: GENLOCK_IOC_DREADLOCK failed (lockType0x1,err=Invalid argument fd=22)
W/Adreno200-EGLSUB(  326): <GetBackBuffer:2121>: genlock_lock_buffer GENLOCK_WRITE_LOCK failed
W/Adreno200-EGL(  326): <qeglDrvAPI_eglSwapBuffers:3477>: EGL_BAD_ALLOC
I/kickstart(  346): INFO: function: tx_data:346 Transmitting 1048576 bytes
E/libgenlock(  326): perform_lock_unlock_operation: GENLOCK_IOC_DREADLOCK failed (lockType0x1,err=Invalid argument fd=22)
W/Adreno200-EGLSUB(  326): <GetBackBuffer:2121>: genlock_lock_buffer GENLOCK_WRITE_LOCK failed
W/Adreno200-EGL(  326): <qeglDrvAPI_eglSwapBuffers:3477>: EGL_BAD_ALLOC
E/libgenlock(  326): perform_lock_unlock_operation: GENLOCK_IOC_DREADLOCK failed (lockType0x1,err=Invalid argument fd=22)
W/Adreno200-EGLSUB(  326): <GetBackBuffer:2121>: genlock_lock_buffer GENLOCK_WRITE_LOCK failed
W/Adreno200-EGL(  326): <qeglDrvAPI_eglSwapBuffers:3477>: EGL_BAD_ALLOC
I/kickstart(  346): INFO: function: tx_data:367 Total bytes sent so far: 17679384
I/kickstart(  346): INFO: function: start_image_transfer:939 Calculating throughput for chunk..
I/kickstart(  346): INFO: function: time_throughput_calculate:1219 Throughput = 129055507.692308
I/kickstart(  346): INFO: function: rx_data:386 Entered rx_data. Buffer size (i.e. expected length): 20
I/kickstart(  346): INFO: function: rx_data:425 Expected length changed to 20
I/kickstart(  346): INFO: function: rx_data:485 Total bytes received so far: 1252
I/kickstart(  346): INFO: function: start_sahara_based_transfer:257 STATE <-- SAHARA_WAIT_COMMAND
E/kickstart(  346): HTC: RECEIVED <-- SAHARA_READ_DATA
I/kickstart(  346): INFO: function: start_image_transfer:899 start_image_transfer: 
E/libgenlock(  326): perform_lock_unlock_operation: GENLOCK_IOC_DREADLOCK failed (lockType0x1,err=Invalid argument fd=22)
W/Adreno200-EGLSUB(  326): <GetBackBuffer:2121>: genlock_lock_buffer GENLOCK_WRITE_LOCK failed
W/Adreno200-EGL(  326): <qeglDrvAPI_eglSwapBuffers:3477>: EGL_BAD_ALLOC
I/kickstart(  346): INFO: function: tx_data:346 Transmitting 1048576 bytes
E/libgenlock(  326): perform_lock_unlock_operation: GENLOCK_IOC_DREADLOCK failed (lockType0x1,err=Invalid argument fd=22)
W/Adreno200-EGLSUB(  326): <GetBackBuffer:2121>: genlock_lock_buffer GENLOCK_WRITE_LOCK failed
W/Adreno200-EGL(  326): <qeglDrvAPI_eglSwapBuffers:3477>: EGL_BAD_ALLOC
I/kickstart(  346): INFO: function: tx_data:367 Total bytes sent so far: 18727960
I/kickstart(  346): INFO: function: start_image_transfer:939 Calculating throughput for chunk..
I/kickstart(  346): INFO: function: time_throughput_calculate:1219 Throughput = 149796571.428571
I/kickstart(  346): INFO: function: rx_data:386 Entered rx_data. Buffer size (i.e. expected length): 20
I/kickstart(  346): INFO: function: rx_data:425 Expected length changed to 20
I/kickstart(  346): INFO: function: rx_data:485 Total bytes received so far: 1272
I/kickstart(  346): INFO: function: start_sahara_based_transfer:257 STATE <-- SAHARA_WAIT_COMMAND
E/kickstart(  346): HTC: RECEIVED <-- SAHARA_READ_DATA
I/kickstart(  346): INFO: function: start_image_transfer:899 start_image_transfer: 
E/libgenlock(  326): perform_lock_unlock_operation: GENLOCK_IOC_DREADLOCK failed (lockType0x1,err=Invalid argument fd=22)
W/Adreno200-EGLSUB(  326): <GetBackBuffer:2121>: genlock_lock_buffer GENLOCK_WRITE_LOCK failed
W/Adreno200-EGL(  326): <qeglDrvAPI_eglSwapBuffers:3477>: EGL_BAD_ALLOC
I/kickstart(  346): INFO: function: tx_data:346 Transmitting 1048576 bytes
E/libgenlock(  326): perform_lock_unlock_operation: GENLOCK_IOC_DREADLOCK failed (lockType0x1,err=Invalid argument fd=22)
W/Adreno200-EGLSUB(  326): <GetBackBuffer:2121>: genlock_lock_buffer GENLOCK_WRITE_LOCK failed
W/Adreno200-EGL(  326): <qeglDrvAPI_eglSwapBuffers:3477>: EGL_BAD_ALLOC
I/kickstart(  346): INFO: function: tx_data:367 Total bytes sent so far: 19776536
I/kickstart(  346): INFO: function: start_image_transfer:939 Calculating throughput for chunk..
I/kickstart(  346): INFO: function: time_throughput_calculate:1219 Throughput = 142179796.610170
I/kickstart(  346): INFO: function: rx_data:386 Entered rx_data. Buffer size (i.e. expected length): 20
I/kickstart(  346): INFO: function: rx_data:425 Expected length changed to 20
I/kickstart(  346): INFO: function: rx_data:485 Total bytes received so far: 1292
I/kickstart(  346): INFO: function: start_sahara_based_transfer:257 STATE <-- SAHARA_WAIT_COMMAND
E/kickstart(  346): HTC: RECEIVED <-- SAHARA_READ_DATA
I/kickstart(  346): INFO: function: start_image_transfer:899 start_image_transfer: 
E/libgenlock(  326): perform_lock_unlock_operation: GENLOCK_IOC_DREADLOCK failed (lockType0x1,err=Invalid argument fd=22)
W/Adreno200-EGLSUB(  326): <GetBackBuffer:2121>: genlock_lock_buffer GENLOCK_WRITE_LOCK failed
W/Adreno200-EGL(  326): <qeglDrvAPI_eglSwapBuffers:3477>: EGL_BAD_ALLOC
I/kickstart(  346): INFO: function: tx_data:346 Transmitting 1048576 bytes
E/libgenlock(  326): perform_lock_unlock_operation: GENLOCK_IOC_DREADLOCK failed (lockType0x1,err=Invalid argument fd=22)
W/Adreno200-EGLSUB(  326): <GetBackBuffer:2121>: genlock_lock_buffer GENLOCK_WRITE_LOCK failed
W/Adreno200-EGL(  326): <qeglDrvAPI_eglSwapBuffers:3477>: EGL_BAD_ALLOC
I/kickstart(  346): INFO: function: tx_data:367 Total bytes sent so far: 20825112
I/kickstart(  346): INFO: function: start_image_transfer:939 Calculating throughput for chunk..
I/kickstart(  346): INFO: function: time_throughput_calculate:1219 Throughput = 155344592.592593
E/libgenlock(  326): perform_lock_unlock_operation: GENLOCK_IOC_DREADLOCK failed (lockType0x1,err=Invalid argument fd=22)
W/Adreno200-EGLSUB(  326): <GetBackBuffer:2121>: genlock_lock_buffer GENLOCK_WRITE_LOCK failed
W/Adreno200-EGL(  326): <qeglDrvAPI_eglSwapBuffers:3477>: EGL_BAD_ALLOC
I/kickstart(  346): INFO: function: rx_data:386 Entered rx_data. Buffer size (i.e. expected length): 20
I/kickstart(  346): INFO: function: rx_data:425 Expected length changed to 20
I/kickstart(  346): INFO: function: rx_data:485 Total bytes received so far: 1312
I/kickstart(  346): INFO: function: start_sahara_based_transfer:257 STATE <-- SAHARA_WAIT_COMMAND
E/kickstart(  346): HTC: RECEIVED <-- SAHARA_READ_DATA
I/kickstart(  346): INFO: function: start_image_transfer:899 start_image_transfer: 
I/kickstart(  346): INFO: function: tx_data:333 Size was 643513, adding 3 bytes of padding
I/kickstart(  346): INFO: function: tx_data:346 Transmitting 643516 bytes
E/libgenlock(  326): perform_lock_unlock_operation: GENLOCK_IOC_DREADLOCK failed (lockType0x1,err=Invalid argument fd=22)
W/Adreno200-EGLSUB(  326): <GetBackBuffer:2121>: genlock_lock_buffer GENLOCK_WRITE_LOCK failed
W/Adreno200-EGL(  326): <qeglDrvAPI_eglSwapBuffers:3477>: EGL_BAD_ALLOC
I/kickstart(  346): INFO: function: tx_data:367 Total bytes sent so far: 21468628
I/kickstart(  346): INFO: function: start_image_transfer:939 Calculating throughput for chunk..
I/kickstart(  346): INFO: function: time_throughput_calculate:1219 Throughput = 87256000.000000
E/libgenlock(  326): perform_lock_unlock_operation: GENLOCK_IOC_DREADLOCK failed (lockType0x1,err=Invalid argument fd=22)
W/Adreno200-EGLSUB(  326): <GetBackBuffer:2121>: genlock_lock_buffer GENLOCK_WRITE_LOCK failed
W/Adreno200-EGL(  326): <qeglDrvAPI_eglSwapBuffers:3477>: EGL_BAD_ALLOC
I/kickstart(  346): INFO: function: rx_data:386 Entered rx_data. Buffer size (i.e. expected length): 20
I/kickstart(  346): INFO: function: rx_data:425 Expected length changed to 20
I/kickstart(  346): INFO: function: rx_data:485 Total bytes received so far: 1332
I/kickstart(  346): INFO: function: start_sahara_based_transfer:257 STATE <-- SAHARA_WAIT_COMMAND
E/kickstart(  346): HTC: RECEIVED <-- SAHARA_READ_DATA
I/kickstart(  346): INFO: function: start_image_transfer:899 start_image_transfer: 
I/kickstart(  346): INFO: function: tx_data:346 Transmitting 1048576 bytes
E/libgenlock(  326): perform_lock_unlock_operation: GENLOCK_IOC_DREADLOCK failed (lockType0x1,err=Invalid argument fd=22)
W/Adreno200-EGLSUB(  326): <GetBackBuffer:2121>: genlock_lock_buffer GENLOCK_WRITE_LOCK failed
W/Adreno200-EGL(  326): <qeglDrvAPI_eglSwapBuffers:3477>: EGL_BAD_ALLOC
E/libgenlock(  326): perform_lock_unlock_operation: GENLOCK_IOC_DREADLOCK failed (lockType0x1,err=Invalid argument fd=22)
W/Adreno200-EGLSUB(  326): <GetBackBuffer:2121>: genlock_lock_buffer GENLOCK_WRITE_LOCK failed
W/Adreno200-EGL(  326): <qeglDrvAPI_eglSwapBuffers:3477>: EGL_BAD_ALLOC
I/kickstart(  346): INFO: function: tx_data:367 Total bytes sent so far: 22517204
I/kickstart(  346): INFO: function: start_image_transfer:939 Calculating throughput for chunk..
I/kickstart(  346): INFO: function: time_throughput_calculate:1219 Throughput = 155344592.592593
I/kickstart(  346): INFO: function: rx_data:386 Entered rx_data. Buffer size (i.e. expected length): 20
I/kickstart(  346): INFO: function: rx_data:425 Expected length changed to 20
I/kickstart(  346): INFO: function: rx_data:485 Total bytes received so far: 1352
I/kickstart(  346): INFO: function: start_sahara_based_transfer:257 STATE <-- SAHARA_WAIT_COMMAND
E/kickstart(  346): HTC: RECEIVED <-- SAHARA_READ_DATA
I/kickstart(  346): INFO: function: start_image_transfer:899 start_image_transfer: 
E/libgenlock(  326): perform_lock_unlock_operation: GENLOCK_IOC_DREADLOCK failed (lockType0x1,err=Invalid argument fd=22)
W/Adreno200-EGLSUB(  326): <GetBackBuffer:2121>: genlock_lock_buffer GENLOCK_WRITE_LOCK failed
W/Adreno200-EGL(  326): <qeglDrvAPI_eglSwapBuffers:3477>: EGL_BAD_ALLOC
I/kickstart(  346): INFO: function: tx_data:346 Transmitting 1030152 bytes
E/libgenlock(  326): perform_lock_unlock_operation: GENLOCK_IOC_DREADLOCK failed (lockType0x1,err=Invalid argument fd=22)
W/Adreno200-EGLSUB(  326): <GetBackBuffer:2121>: genlock_lock_buffer GENLOCK_WRITE_LOCK failed
W/Adreno200-EGL(  326): <qeglDrvAPI_eglSwapBuffers:3477>: EGL_BAD_ALLOC
I/kickstart(  346): INFO: function: tx_data:367 Total bytes sent so far: 23547356
I/kickstart(  346): INFO: function: start_image_transfer:939 Calculating throughput for chunk..
I/kickstart(  346): INFO: function: time_throughput_calculate:1219 Throughput = 130812952.380952
I/kickstart(  346): INFO: function: rx_data:386 Entered rx_data. Buffer size (i.e. expected length): 20
I/kickstart(  346): INFO: function: rx_data:425 Expected length changed to 20
I/kickstart(  346): INFO: function: rx_data:485 Total bytes received so far: 1372
I/kickstart(  346): INFO: function: start_sahara_based_transfer:257 STATE <-- SAHARA_WAIT_COMMAND
E/kickstart(  346): HTC: RECEIVED <-- SAHARA_READ_DATA
I/kickstart(  346): INFO: function: start_image_transfer:899 start_image_transfer: 
I/kickstart(  346): INFO: function: tx_data:346 Transmitting 120248 bytes
I/kickstart(  346): INFO: function: tx_data:367 Total bytes sent so far: 23667604
I/kickstart(  346): INFO: function: start_image_transfer:939 Calculating throughput for chunk..
E/libgenlock(  326): perform_lock_unlock_operation: GENLOCK_IOC_DREADLOCK failed (lockType0x1,err=Invalid argument fd=22)
W/Adreno200-EGLSUB(  326): <GetBackBuffer:2121>: genlock_lock_buffer GENLOCK_WRITE_LOCK failed
W/Adreno200-EGL(  326): <qeglDrvAPI_eglSwapBuffers:3477>: EGL_BAD_ALLOC
I/kickstart(  346): INFO: function: time_throughput_calculate:1219 Throughput = 137426285.714286
I/kickstart(  346): INFO: function: rx_data:386 Entered rx_data. Buffer size (i.e. expected length): 20
I/kickstart(  346): INFO: function: rx_data:425 Expected length changed to 16
I/kickstart(  346): INFO: function: rx_data:485 Total bytes received so far: 1388
I/kickstart(  346): INFO: function: start_sahara_based_transfer:257 STATE <-- SAHARA_WAIT_COMMAND
E/kickstart(  346): HTC: RECEIVED <-- SAHARA_END_IMAGE_TX
I/kickstart(  346): INFO: function: is_ack_successful:693 SAHARA_STATUS_SUCCESS
E/kickstart(  346): HTC: SENDING --> SAHARA_DONE
I/kickstart(  346): INFO: function: tx_data:346 Transmitting 8 bytes
I/kickstart(  346): INFO: function: tx_data:367 Total bytes sent so far: 23667612
I/kickstart(  346): INFO: function: start_sahara_based_transfer:566 SAHARA_WAIT_DONE_RESP recieved with SAHARA_MODE_IMAGE_TX_PENDING=0x00000000
I/kickstart(  346): INFO: function: rx_data:386 Entered rx_data. Buffer size (i.e. expected length): 12
I/kickstart(  346): INFO: function: rx_data:485 Total bytes received so far: 1400
E/kickstart(  346): HTC: STATE <-- SAHARA_WAIT_DONE_RESP
E/kickstart(  346): HTC: Still More images to be uploaded, entering Hello wait state
I/kickstart(  346): EVENT: STATE <-- SAHARA_WAIT_HELLO
E/libgenlock(  326): perform_lock_unlock_operation: GENLOCK_IOC_DREADLOCK failed (lockType0x1,err=Invalid argument fd=22)
W/Adreno200-EGLSUB(  326): <GetBackBuffer:2121>: genlock_lock_buffer GENLOCK_WRITE_LOCK failed
W/Adreno200-EGL(  326): <qeglDrvAPI_eglSwapBuffers:3477>: EGL_BAD_ALLOC
I/kickstart(  346): INFO: function: rx_data:386 Entered rx_data. Buffer size (i.e. expected length): 48
I/kickstart(  346): INFO: function: rx_data:485 Total bytes received so far: 1448
E/kickstart(  346): HTC: RECEIVED <-- SAHARA_HELLO
E/kickstart(  346): HTC: SENDING --> SAHARA_HELLO_RESPONSE
E/kickstart(  346): HTC: 	sahara_mode                         = 4
E/kickstart(  346): HTC: 	m_comm->sahara_hello_packet_rx.mode = 0
E/kickstart(  346): HTC: 	helloRx.mode                        = 0
I/kickstart(  346): INFO: function: tx_data:346 Transmitting 48 bytes
I/kickstart(  346): INFO: function: tx_data:367 Total bytes sent so far: 23667660
I/kickstart(  346): INFO: function: rx_data:386 Entered rx_data. Buffer size (i.e. expected length): 20
I/kickstart(  346): INFO: function: rx_data:425 Expected length changed to 20
I/kickstart(  346): INFO: function: rx_data:485 Total bytes received so far: 1468
I/kickstart(  346): INFO: function: start_sahara_based_transfer:257 STATE <-- SAHARA_WAIT_COMMAND
E/kickstart(  346): HTC: RECEIVED <-- SAHARA_READ_DATA
E/kickstart(  346): HTC: Requested "/data/qcks/efs1.bin"
