E/kickstart(  346): HTC: Uploading file: /data/qcks/efs1.bin
I/kickstart(  346): INFO: function: start_image_transfer:899 start_image_transfer: 
I/kickstart(  346): INFO: function: tx_data:346 Transmitting 40 bytes
I/kickstart(  346): INFO: function: tx_data:367 Total bytes sent so far: 23667700
I/kickstart(  346): INFO: function: start_image_transfer:939 Calculating throughput for chunk..
I/kickstart(  346): INFO: function: time_throughput_calculate:1219 Throughput = 320000.000000
I/kickstart(  346): INFO: function: rx_data:386 Entered rx_data. Buffer size (i.e. expected length): 20
I/kickstart(  346): INFO: function: rx_data:425 Expected length changed to 20
I/kickstart(  346): INFO: function: rx_data:485 Total bytes received so far: 1488
I/kickstart(  346): INFO: function: start_sahara_based_transfer:257 STATE <-- SAHARA_WAIT_COMMAND
E/kickstart(  346): HTC: RECEIVED <-- SAHARA_READ_DATA
I/kickstart(  346): INFO: function: start_image_transfer:899 start_image_transfer: 
E/libgenlock(  326): perform_lock_unlock_operation: GENLOCK_IOC_DREADLOCK failed (lockType0x1,err=Invalid argument fd=22)
W/Adreno200-EGLSUB(  326): <GetBackBuffer:2121>: genlock_lock_buffer GENLOCK_WRITE_LOCK failed
W/Adreno200-EGL(  326): <qeglDrvAPI_eglSwapBuffers:3477>: EGL_BAD_ALLOC
I/kickstart(  346): INFO: function: tx_data:346 Transmitting 770048 bytes
I/kickstart(  346): INFO: function: tx_data:367 Total bytes sent so far: 24437748
I/kickstart(  346): INFO: function: start_image_transfer:939 Calculating throughput for chunk..
I/kickstart(  346): INFO: function: time_throughput_calculate:1219 Throughput = 171121777.777778
E/libgenlock(  326): perform_lock_unlock_operation: GENLOCK_IOC_DREADLOCK failed (lockType0x1,err=Invalid argument fd=22)
W/Adreno200-EGLSUB(  326): <GetBackBuffer:2121>: genlock_lock_buffer GENLOCK_WRITE_LOCK failed
W/Adreno200-EGL(  326): <qeglDrvAPI_eglSwapBuffers:3477>: EGL_BAD_ALLOC
I/kickstart(  346): INFO: function: rx_data:386 Entered rx_data. Buffer size (i.e. expected length): 20
I/kickstart(  346): INFO: function: rx_data:425 Expected length changed to 16
I/kickstart(  346): INFO: function: rx_data:485 Total bytes received so far: 1504
I/kickstart(  346): INFO: function: start_sahara_based_transfer:257 STATE <-- SAHARA_WAIT_COMMAND
E/kickstart(  346): HTC: RECEIVED <-- SAHARA_END_IMAGE_TX
I/kickstart(  346): INFO: function: is_ack_successful:693 SAHARA_STATUS_SUCCESS
E/kickstart(  346): HTC: SENDING --> SAHARA_DONE
I/kickstart(  346): INFO: function: tx_data:346 Transmitting 8 bytes
I/kickstart(  346): INFO: function: tx_data:367 Total bytes sent so far: 24437756
I/kickstart(  346): INFO: function: start_sahara_based_transfer:566 SAHARA_WAIT_DONE_RESP recieved with SAHARA_MODE_IMAGE_TX_PENDING=0x00000000
I/kickstart(  346): INFO: function: rx_data:386 Entered rx_data. Buffer size (i.e. expected length): 12
I/kickstart(  346): INFO: function: rx_data:485 Total bytes received so far: 1516
E/kickstart(  346): HTC: STATE <-- SAHARA_WAIT_DONE_RESP
E/kickstart(  346): HTC: Still More images to be uploaded, entering Hello wait state
I/kickstart(  346): EVENT: STATE <-- SAHARA_WAIT_HELLO
I/kickstart(  346): INFO: function: rx_data:386 Entered rx_data. Buffer size (i.e. expected length): 48
I/kickstart(  346): INFO: function: rx_data:485 Total bytes received so far: 1564
E/kickstart(  346): HTC: RECEIVED <-- SAHARA_HELLO
E/kickstart(  346): HTC: SENDING --> SAHARA_HELLO_RESPONSE
E/kickstart(  346): HTC: 	sahara_mode                         = 4
E/kickstart(  346): HTC: 	m_comm->sahara_hello_packet_rx.mode = 0
E/kickstart(  346): HTC: 	helloRx.mode                        = 0
I/kickstart(  346): INFO: function: tx_data:346 Transmitting 48 bytes
I/kickstart(  346): INFO: function: tx_data:367 Total bytes sent so far: 24437804
I/kickstart(  346): INFO: function: rx_data:386 Entered rx_data. Buffer size (i.e. expected length): 20
I/kickstart(  346): INFO: function: rx_data:425 Expected length changed to 20
I/kickstart(  346): INFO: function: rx_data:485 Total bytes received so far: 1584
I/kickstart(  346): INFO: function: start_sahara_based_transfer:257 STATE <-- SAHARA_WAIT_COMMAND
E/kickstart(  346): HTC: RECEIVED <-- SAHARA_READ_DATA
E/kickstart(  346): HTC: Requested "/data/qcks/efs2.bin"
E/kickstart(  346): HTC: Uploading file: /data/qcks/efs2.bin
I/kickstart(  346): INFO: function: start_image_transfer:899 start_image_transfer: 
I/kickstart(  346): INFO: function: tx_data:346 Transmitting 40 bytes
I/kickstart(  346): INFO: function: tx_data:367 Total bytes sent so far: 24437844
I/kickstart(  346): INFO: function: start_image_transfer:939 Calculating throughput for chunk..
I/kickstart(  346): INFO: function: time_throughput_calculate:1219 Throughput = Inf
I/kickstart(  346): INFO: function: rx_data:386 Entered rx_data. Buffer size (i.e. expected length): 20
I/kickstart(  346): INFO: function: rx_data:425 Expected length changed to 20
I/kickstart(  346): INFO: function: rx_data:485 Total bytes received so far: 1604
I/kickstart(  346): INFO: function: start_sahara_based_transfer:257 STATE <-- SAHARA_WAIT_COMMAND
E/kickstart(  346): HTC: RECEIVED <-- SAHARA_READ_DATA
I/kickstart(  346): INFO: function: start_image_transfer:899 start_image_transfer: 
I/kickstart(  346): INFO: function: tx_data:346 Transmitting 770048 bytes
E/libgenlock(  326): perform_lock_unlock_operation: GENLOCK_IOC_DREADLOCK failed (lockType0x1,err=Invalid argument fd=22)
W/Adreno200-EGLSUB(  326): <GetBackBuffer:2121>: genlock_lock_buffer GENLOCK_WRITE_LOCK failed
W/Adreno200-EGL(  326): <qeglDrvAPI_eglSwapBuffers:3477>: EGL_BAD_ALLOC
I/kickstart(  346): INFO: function: tx_data:367 Total bytes sent so far: 25207892
I/kickstart(  346): INFO: function: start_image_transfer:939 Calculating throughput for chunk..
I/kickstart(  346): INFO: function: time_throughput_calculate:1219 Throughput = 162115368.421053
I/kickstart(  346): INFO: function: rx_data:386 Entered rx_data. Buffer size (i.e. expected length): 20
I/kickstart(  346): INFO: function: rx_data:425 Expected length changed to 16
I/kickstart(  346): INFO: function: rx_data:485 Total bytes received so far: 1620
I/kickstart(  346): INFO: function: start_sahara_based_transfer:257 STATE <-- SAHARA_WAIT_COMMAND
E/kickstart(  346): HTC: RECEIVED <-- SAHARA_END_IMAGE_TX
I/kickstart(  346): INFO: function: is_ack_successful:693 SAHARA_STATUS_SUCCESS
E/kickstart(  346): HTC: SENDING --> SAHARA_DONE
I/kickstart(  346): INFO: function: tx_data:346 Transmitting 8 bytes
I/kickstart(  346): INFO: function: tx_data:367 Total bytes sent so far: 25207900
I/kickstart(  346): INFO: function: start_sahara_based_transfer:566 SAHARA_WAIT_DONE_RESP recieved with SAHARA_MODE_IMAGE_TX_PENDING=0x00000000
I/kickstart(  346): INFO: function: rx_data:386 Entered rx_data. Buffer size (i.e. expected length): 12
I/kickstart(  346): INFO: function: rx_data:485 Total bytes received so far: 1632
E/kickstart(  346): HTC: STATE <-- SAHARA_WAIT_DONE_RESP
E/kickstart(  346): HTC: Still More images to be uploaded, entering Hello wait state
I/kickstart(  346): EVENT: STATE <-- SAHARA_WAIT_HELLO
I/kickstart(  346): INFO: function: rx_data:386 Entered rx_data. Buffer size (i.e. expected length): 48
I/kickstart(  346): INFO: function: rx_data:485 Total bytes received so far: 1680
E/kickstart(  346): HTC: RECEIVED <-- SAHARA_HELLO
E/kickstart(  346): HTC: SENDING --> SAHARA_HELLO_RESPONSE
E/kickstart(  346): HTC: 	sahara_mode                         = 4
E/kickstart(  346): HTC: 	m_comm->sahara_hello_packet_rx.mode = 0
E/kickstart(  346): HTC: 	helloRx.mode                        = 0
I/kickstart(  346): INFO: function: tx_data:346 Transmitting 48 bytes
I/kickstart(  346): INFO: function: tx_data:367 Total bytes sent so far: 25207948
I/kickstart(  346): INFO: function: rx_data:386 Entered rx_data. Buffer size (i.e. expected length): 20
I/kickstart(  346): INFO: function: rx_data:425 Expected length changed to 20
I/kickstart(  346): INFO: function: rx_data:485 Total bytes received so far: 1700
I/kickstart(  346): INFO: function: start_sahara_based_transfer:257 STATE <-- SAHARA_WAIT_COMMAND
E/kickstart(  346): HTC: RECEIVED <-- SAHARA_READ_DATA
E/kickstart(  346): HTC: Requested "/data/qcks/htcnvbak.bin"
E/kickstart(  346): HTC: Uploading file: /data/qcks/htcnvbak.bin
I/kickstart(  346): INFO: function: start_image_transfer:899 start_image_transfer: 
I/kickstart(  346): INFO: function: tx_data:346 Transmitting 40 bytes
I/kickstart(  346): INFO: function: tx_data:367 Total bytes sent so far: 25207988
I/kickstart(  346): INFO: function: start_image_transfer:939 Calculating throughput for chunk..
I/kickstart(  346): INFO: function: time_throughput_calculate:1219 Throughput = Inf
I/kickstart(  346): INFO: function: rx_data:386 Entered rx_data. Buffer size (i.e. expected length): 20
I/kickstart(  346): INFO: function: rx_data:425 Expected length changed to 20
I/kickstart(  346): INFO: function: rx_data:485 Total bytes received so far: 1720
I/kickstart(  346): INFO: function: start_sahara_based_transfer:257 STATE <-- SAHARA_WAIT_COMMAND
E/kickstart(  346): HTC: RECEIVED <-- SAHARA_READ_DATA
I/kickstart(  346): INFO: function: start_image_transfer:899 start_image_transfer: 
I/kickstart(  346): INFO: function: tx_data:346 Transmitting 131072 bytes
I/kickstart(  346): INFO: function: tx_data:367 Total bytes sent so far: 25339060
E/libgenlock(  326): perform_lock_unlock_operation: GENLOCK_IOC_DREADLOCK failed (lockType0x1,err=Invalid argument fd=22)
W/Adreno200-EGLSUB(  326): <GetBackBuffer:2121>: genlock_lock_buffer GENLOCK_WRITE_LOCK failed
W/Adreno200-EGL(  326): <qeglDrvAPI_eglSwapBuffers:3477>: EGL_BAD_ALLOC
I/kickstart(  346): INFO: function: start_image_transfer:939 Calculating throughput for chunk..
I/kickstart(  346): INFO: function: time_throughput_calculate:1219 Throughput = 104857600.000000
I/kickstart(  346): INFO: function: rx_data:386 Entered rx_data. Buffer size (i.e. expected length): 20
I/kickstart(  346): INFO: function: rx_data:425 Expected length changed to 16
I/kickstart(  346): INFO: function: rx_data:485 Total bytes received so far: 1736
I/kickstart(  346): INFO: function: start_sahara_based_transfer:257 STATE <-- SAHARA_WAIT_COMMAND
E/kickstart(  346): HTC: RECEIVED <-- SAHARA_END_IMAGE_TX
I/kickstart(  346): INFO: function: is_ack_successful:693 SAHARA_STATUS_SUCCESS
E/kickstart(  346): HTC: SENDING --> SAHARA_DONE
I/kickstart(  346): INFO: function: tx_data:346 Transmitting 8 bytes
I/kickstart(  346): INFO: function: tx_data:367 Total bytes sent so far: 25339068
I/kickstart(  346): INFO: function: start_sahara_based_transfer:566 SAHARA_WAIT_DONE_RESP recieved with SAHARA_MODE_IMAGE_TX_PENDING=0x00000000
I/kickstart(  346): INFO: function: rx_data:386 Entered rx_data. Buffer size (i.e. expected length): 12
I/kickstart(  346): INFO: function: rx_data:485 Total bytes received so far: 1748
E/kickstart(  346): HTC: STATE <-- SAHARA_WAIT_DONE_RESP
E/kickstart(  346): HTC: Still More images to be uploaded, entering Hello wait state
I/kickstart(  346): EVENT: STATE <-- SAHARA_WAIT_HELLO
I/kickstart(  346): INFO: function: rx_data:386 Entered rx_data. Buffer size (i.e. expected length): 48
I/kickstart(  346): INFO: function: rx_data:485 Total bytes received so far: 1796
E/kickstart(  346): HTC: RECEIVED <-- SAHARA_HELLO
E/kickstart(  346): HTC: SENDING --> SAHARA_HELLO_RESPONSE
E/kickstart(  346): HTC: 	sahara_mode                         = 4
E/kickstart(  346): HTC: 	m_comm->sahara_hello_packet_rx.mode = 1
E/kickstart(  346): HTC: 	helloRx.mode                        = 1
I/kickstart(  346): INFO: function: tx_data:346 Transmitting 48 bytes
I/kickstart(  346): INFO: function: tx_data:367 Total bytes sent so far: 25339116
I/kickstart(  346): INFO: function: rx_data:386 Entered rx_data. Buffer size (i.e. expected length): 20
I/kickstart(  346): INFO: function: rx_data:425 Expected length changed to 20
I/kickstart(  346): INFO: function: rx_data:485 Total bytes received so far: 1816
I/kickstart(  346): INFO: function: start_sahara_based_transfer:257 STATE <-- SAHARA_WAIT_COMMAND
E/kickstart(  346): HTC: RECEIVED <-- SAHARA_READ_DATA
E/kickstart(  346): HTC: Requested "/data/qcks/htcrcust.bin"
E/kickstart(  346): HTC: Uploading file: /data/qcks/htcrcust.bin
I/kickstart(  346): INFO: function: start_image_transfer:899 start_image_transfer: 
I/kickstart(  346): INFO: function: tx_data:346 Transmitting 40 bytes
I/kickstart(  346): INFO: function: tx_data:367 Total bytes sent so far: 25339156
I/kickstart(  346): INFO: function: start_image_transfer:939 Calculating throughput for chunk..
I/kickstart(  346): INFO: function: time_throughput_calculate:1219 Throughput = 320000.000000
I/kickstart(  346): INFO: function: rx_data:386 Entered rx_data. Buffer size (i.e. expected length): 20
I/kickstart(  346): INFO: function: rx_data:425 Expected length changed to 20
I/kickstart(  346): INFO: function: rx_data:485 Total bytes received so far: 1836
I/kickstart(  346): INFO: function: start_sahara_based_transfer:257 STATE <-- SAHARA_WAIT_COMMAND
E/kickstart(  346): HTC: RECEIVED <-- SAHARA_READ_DATA
I/kickstart(  346): INFO: function: start_image_transfer:899 start_image_transfer: 
I/kickstart(  346): INFO: function: tx_data:346 Transmitting 8192 bytes
I/kickstart(  346): INFO: function: tx_data:367 Total bytes sent so far: 25347348
I/kickstart(  346): INFO: function: start_image_transfer:939 Calculating throughput for chunk..
I/kickstart(  346): INFO: function: time_throughput_calculate:1219 Throughput = 65536000.000000
I/kickstart(  346): INFO: function: rx_data:386 Entered rx_data. Buffer size (i.e. expected length): 20
I/kickstart(  346): INFO: function: rx_data:425 Expected length changed to 16
I/kickstart(  346): INFO: function: rx_data:485 Total bytes received so far: 1852
I/kickstart(  346): INFO: function: start_sahara_based_transfer:257 STATE <-- SAHARA_WAIT_COMMAND
E/kickstart(  346): HTC: RECEIVED <-- SAHARA_END_IMAGE_TX
I/kickstart(  346): INFO: function: is_ack_successful:693 SAHARA_STATUS_SUCCESS
E/kickstart(  346): HTC: SENDING --> SAHARA_DONE
I/kickstart(  346): INFO: function: tx_data:346 Transmitting 8 bytes
I/kickstart(  346): INFO: function: tx_data:367 Total bytes sent so far: 25347356
I/kickstart(  346): INFO: function: start_sahara_based_transfer:566 SAHARA_WAIT_DONE_RESP recieved with SAHARA_MODE_IMAGE_TX_PENDING=0x00000000
I/kickstart(  346): INFO: function: rx_data:386 Entered rx_data. Buffer size (i.e. expected length): 12
I/kickstart(  346): INFO: function: rx_data:485 Total bytes received so far: 1864
E/kickstart(  346): HTC: STATE <-- SAHARA_WAIT_DONE_RESP
E/kickstart(  346): HTC: Successfully uploaded all images
I/kickstart(  346): INFO: function: start_sahara_based_transfer:580 Calculating overall throughput..
E/libgenlock(  326): perform_lock_unlock_operation: GENLOCK_IOC_DREADLOCK failed (lockType0x1,err=Invalid argument fd=22)
W/Adreno200-EGLSUB(  326): <GetBackBuffer:2121>: genlock_lock_buffer GENLOCK_WRITE_LOCK failed
W/Adreno200-EGL(  326): <qeglDrvAPI_eglSwapBuffers:3477>: EGL_BAD_ALLOC
I/kickstart(  346): INFO: function: time_throughput_calculate:1219 Throughput = 63946636.392305
I/kickstart(  143): RetCode = 0
E/kickstart(  143): Sahara transfer completed successfully
E/kickstart(  143): Checking on boot status
E/kickstart(  143): MDM2AP_STATUS is high
I/kickstart(  143): Trying to release MDM9K KD_PWR
E/libgenlock(  326): perform_lock_unlock_operation: GENLOCK_IOC_DREADLOCK failed (lockType0x1,err=Invalid argument fd=22)
W/Adreno200-EGLSUB(  326): <GetBackBuffer:2121>: genlock_lock_buffer GENLOCK_WRITE_LOCK failed
W/Adreno200-EGL(  326): <qeglDrvAPI_eglSwapBuffers:3477>: EGL_BAD_ALLOC
E/libgenlock(  326): perform_lock_unlock_operation: GENLOCK_IOC_DREADLOCK failed (lockType0x1,err=Invalid argument fd=22)
W/Adreno200-EGLSUB(  326): <GetBackBuffer:2121>: genlock_lock_buffer GENLOCK_WRITE_LOCK failed
W/Adreno200-EGL(  326): <qeglDrvAPI_eglSwapBuffers:3477>: EGL_BAD_ALLOC
E/libgenlock(  326): perform_lock_unlock_operation: GENLOCK_IOC_DREADLOCK failed (lockType0x1,err=Invalid argument fd=22)
W/Adreno200-EGLSUB(  326): <GetBackBuffer:2121>: genlock_lock_buffer GENLOCK_WRITE_LOCK failed
W/Adreno200-EGL(  326): <qeglDrvAPI_eglSwapBuffers:3477>: EGL_BAD_ALLOC
E/libgenlock(  326): perform_lock_unlock_operation: GENLOCK_IOC_DREADLOCK failed (lockType0x1,err=Invalid argument fd=22)
W/Adreno200-EGLSUB(  326): <GetBackBuffer:2121>: genlock_lock_buffer GENLOCK_WRITE_LOCK failed
W/Adreno200-EGL(  326): <qeglDrvAPI_eglSwapBuffers:3477>: EGL_BAD_ALLOC
E/libgenlock(  326): perform_lock_unlock_operation: GENLOCK_IOC_DREADLOCK failed (lockType0x1,err=Invalid argument fd=22)
W/Adreno200-EGLSUB(  326): <GetBackBuffer:2121>: genlock_lock_buffer GENLOCK_WRITE_LOCK failed
W/Adreno200-EGL(  326): <qeglDrvAPI_eglSwapBuffers:3477>: EGL_BAD_ALLOC
E/libgenlock(  326): perform_lock_unlock_operation: GENLOCK_IOC_DREADLOCK failed (lockType0x1,err=Invalid argument fd=22)
W/Adreno200-EGLSUB(  326): <GetBackBuffer:2121>: genlock_lock_buffer GENLOCK_WRITE_LOCK failed
W/Adreno200-EGL(  326): <qeglDrvAPI_eglSwapBuffers:3477>: EGL_BAD_ALLOC
E/libgenlock(  326): perform_lock_unlock_operation: GENLOCK_IOC_DREADLOCK failed (lockType0x1,err=Invalid argument fd=22)
W/Adreno200-EGLSUB(  326): <GetBackBuffer:2121>: genlock_lock_buffer GENLOCK_WRITE_LOCK failed
W/Adreno200-EGL(  326): <qeglDrvAPI_eglSwapBuffers:3477>: EGL_BAD_ALLOC
E/libgenlock(  326): perform_lock_unlock_operation: GENLOCK_IOC_DREADLOCK failed (lockType0x1,err=Invalid argument fd=22)
W/Adreno200-EGLSUB(  326): <GetBackBuffer:2121>: genlock_lock_buffer GENLOCK_WRITE_LOCK failed
W/Adreno200-EGL(  326): <qeglDrvAPI_eglSwapBuffers:3477>: EGL_BAD_ALLOC
E/libgenlock(  326): perform_lock_unlock_operation: GENLOCK_IOC_DREADLOCK failed (lockType0x1,err=Invalid argument fd=22)
W/Adreno200-EGLSUB(  326): <GetBackBuffer:2121>: genlock_lock_buffer GENLOCK_WRITE_LOCK failed
W/Adreno200-EGL(  326): <qeglDrvAPI_eglSwapBuffers:3477>: EGL_BAD_ALLOC
E/libgenlock(  326): perform_lock_unlock_operation: GENLOCK_IOC_DREADLOCK failed (lockType0x1,err=Invalid argument fd=22)
W/Adreno200-EGLSUB(  326): <GetBackBuffer:2121>: genlock_lock_buffer GENLOCK_WRITE_LOCK failed
W/Adreno200-EGL(  326): <qeglDrvAPI_eglSwapBuffers:3477>: EGL_BAD_ALLOC
E/libgenlock(  326): perform_lock_unlock_operation: GENLOCK_IOC_DREADLOCK failed (lockType0x1,err=Invalid argument fd=22)
W/Adreno200-EGLSUB(  326): <GetBackBuffer:2121>: genlock_lock_buffer GENLOCK_WRITE_LOCK failed
W/Adreno200-EGL(  326): <qeglDrvAPI_eglSwapBuffers:3477>: EGL_BAD_ALLOC
E/libgenlock(  326): perform_lock_unlock_operation: GENLOCK_IOC_DREADLOCK failed (lockType0x1,err=Invalid argument fd=22)
W/Adreno200-EGLSUB(  326): <GetBackBuffer:2121>: genlock_lock_buffer GENLOCK_WRITE_LOCK failed
W/Adreno200-EGL(  326): <qeglDrvAPI_eglSwapBuffers:3477>: EGL_BAD_ALLOC
E/libgenlock(  326): perform_lock_unlock_operation: GENLOCK_IOC_DREADLOCK failed (lockType0x1,err=Invalid argument fd=22)
W/Adreno200-EGLSUB(  326): <GetBackBuffer:2121>: genlock_lock_buffer GENLOCK_WRITE_LOCK failed
W/Adreno200-EGL(  326): <qeglDrvAPI_eglSwapBuffers:3477>: EGL_BAD_ALLOC
E/libgenlock(  326): perform_lock_unlock_operation: GENLOCK_IOC_DREADLOCK failed (lockType0x1,err=Invalid argument fd=22)
W/Adreno200-EGLSUB(  326): <GetBackBuffer:2121>: genlock_lock_buffer GENLOCK_WRITE_LOCK failed
W/Adreno200-EGL(  326): <qeglDrvAPI_eglSwapBuffers:3477>: EGL_BAD_ALLOC
E/libgenlock(  326): perform_lock_unlock_operation: GENLOCK_IOC_DREADLOCK failed (lockType0x1,err=Invalid argument fd=22)
W/Adreno200-EGLSUB(  326): <GetBackBuffer:2121>: genlock_lock_buffer GENLOCK_WRITE_LOCK failed
W/Adreno200-EGL(  326): <qeglDrvAPI_eglSwapBuffers:3477>: EGL_BAD_ALLOC
E/libgenlock(  326): perform_lock_unlock_operation: GENLOCK_IOC_DREADLOCK failed (lockType0x1,err=Invalid argument fd=22)
W/Adreno200-EGLSUB(  326): <GetBackBuffer:2121>: genlock_lock_buffer GENLOCK_WRITE_LOCK failed
W/Adreno200-EGL(  326): <qeglDrvAPI_eglSwapBuffers:3477>: EGL_BAD_ALLOC
E/libgenlock(  326): perform_lock_unlock_operation: GENLOCK_IOC_DREADLOCK failed (lockType0x1,err=Invalid argument fd=22)
W/Adreno200-EGLSUB(  326): <GetBackBuffer:2121>: genlock_lock_buffer GENLOCK_WRITE_LOCK failed
W/Adreno200-EGL(  326): <qeglDrvAPI_eglSwapBuffers:3477>: EGL_BAD_ALLOC
E/libgenlock(  326): perform_lock_unlock_operation: GENLOCK_IOC_DREADLOCK failed (lockType0x1,err=Invalid argument fd=22)
W/Adreno200-EGLSUB(  326): <GetBackBuffer:2121>: genlock_lock_buffer GENLOCK_WRITE_LOCK failed
W/Adreno200-EGL(  326): <qeglDrvAPI_eglSwapBuffers:3477>: EGL_BAD_ALLOC
E/libgenlock(  326): perform_lock_unlock_operation: GENLOCK_IOC_DREADLOCK failed (lockType0x1,err=Invalid argument fd=22)
W/Adreno200-EGLSUB(  326): <GetBackBuffer:2121>: genlock_lock_buffer GENLOCK_WRITE_LOCK failed
W/Adreno200-EGL(  326): <qeglDrvAPI_eglSwapBuffers:3477>: EGL_BAD_ALLOC
E/libgenlock(  326): perform_lock_unlock_operation: GENLOCK_IOC_DREADLOCK failed (lockType0x1,err=Invalid argument fd=22)
W/Adreno200-EGLSUB(  326): <GetBackBuffer:2121>: genlock_lock_buffer GENLOCK_WRITE_LOCK failed
W/Adreno200-EGL(  326): <qeglDrvAPI_eglSwapBuffers:3477>: EGL_BAD_ALLOC
E/libgenlock(  326): perform_lock_unlock_operation: GENLOCK_IOC_DREADLOCK failed (lockType0x1,err=Invalid argument fd=22)
W/Adreno200-EGLSUB(  326): <GetBackBuffer:2121>: genlock_lock_buffer GENLOCK_WRITE_LOCK failed
W/Adreno200-EGL(  326): <qeglDrvAPI_eglSwapBuffers:3477>: EGL_BAD_ALLOC
E/libgenlock(  326): perform_lock_unlock_operation: GENLOCK_IOC_DREADLOCK failed (lockType0x1,err=Invalid argument fd=22)
W/Adreno200-EGLSUB(  326): <GetBackBuffer:2121>: genlock_lock_buffer GENLOCK_WRITE_LOCK failed
W/Adreno200-EGL(  326): <qeglDrvAPI_eglSwapBuffers:3477>: EGL_BAD_ALLOC
E/libgenlock(  326): perform_lock_unlock_operation: GENLOCK_IOC_DREADLOCK failed (lockType0x1,err=Invalid argument fd=22)
W/Adreno200-EGLSUB(  326): <GetBackBuffer:2121>: genlock_lock_buffer GENLOCK_WRITE_LOCK failed
W/Adreno200-EGL(  326): <qeglDrvAPI_eglSwapBuffers:3477>: EGL_BAD_ALLOC
E/libgenlock(  326): perform_lock_unlock_operation: GENLOCK_IOC_DREADLOCK failed (lockType0x1,err=Invalid argument fd=22)
W/Adreno200-EGLSUB(  326): <GetBackBuffer:2121>: genlock_lock_buffer GENLOCK_WRITE_LOCK failed
W/Adreno200-EGL(  326): <qeglDrvAPI_eglSwapBuffers:3477>: EGL_BAD_ALLOC
E/libgenlock(  326): perform_lock_unlock_operation: GENLOCK_IOC_DREADLOCK failed (lockType0x1,err=Invalid argument fd=22)
W/Adreno200-EGLSUB(  326): <GetBackBuffer:2121>: genlock_lock_buffer GENLOCK_WRITE_LOCK failed
W/Adreno200-EGL(  326): <qeglDrvAPI_eglSwapBuffers:3477>: EGL_BAD_ALLOC
E/libgenlock(  326): perform_lock_unlock_operation: GENLOCK_IOC_DREADLOCK failed (lockType0x1,err=Invalid argument fd=22)
W/Adreno200-EGLSUB(  326): <GetBackBuffer:2121>: genlock_lock_buffer GENLOCK_WRITE_LOCK failed
W/Adreno200-EGL(  326): <qeglDrvAPI_eglSwapBuffers:3477>: EGL_BAD_ALLOC
E/libgenlock(  326): perform_lock_unlock_operation: GENLOCK_IOC_DREADLOCK failed (lockType0x1,err=Invalid argument fd=22)
W/Adreno200-EGLSUB(  326): <GetBackBuffer:2121>: genlock_lock_buffer GENLOCK_WRITE_LOCK failed
W/Adreno200-EGL(  326): <qeglDrvAPI_eglSwapBuffers:3477>: EGL_BAD_ALLOC
E/libgenlock(  326): perform_lock_unlock_operation: GENLOCK_IOC_DREADLOCK failed (lockType0x1,err=Invalid argument fd=22)
W/Adreno200-EGLSUB(  326): <GetBackBuffer:2121>: genlock_lock_buffer GENLOCK_WRITE_LOCK failed
W/Adreno200-EGL(  326): <qeglDrvAPI_eglSwapBuffers:3477>: EGL_BAD_ALLOC
E/libgenlock(  326): perform_lock_unlock_operation: GENLOCK_IOC_DREADLOCK failed (lockType0x1,err=Invalid argument fd=22)
W/Adreno200-EGLSUB(  326): <GetBackBuffer:2121>: genlock_lock_buffer GENLOCK_WRITE_LOCK failed
W/Adreno200-EGL(  326): <qeglDrvAPI_eglSwapBuffers:3477>: EGL_BAD_ALLOC
E/libgenlock(  326): perform_lock_unlock_operation: GENLOCK_IOC_DREADLOCK failed (lockType0x1,err=Invalid argument fd=22)
W/Adreno200-EGLSUB(  326): <GetBackBuffer:2121>: genlock_lock_buffer GENLOCK_WRITE_LOCK failed
W/Adreno200-EGL(  326): <qeglDrvAPI_eglSwapBuffers:3477>: EGL_BAD_ALLOC
E/libgenlock(  326): perform_lock_unlock_operation: GENLOCK_IOC_DREADLOCK failed (lockType0x1,err=Invalid argument fd=22)
W/Adreno200-EGLSUB(  326): <GetBackBuffer:2121>: genlock_lock_buffer GENLOCK_WRITE_LOCK failed
W/Adreno200-EGL(  326): <qeglDrvAPI_eglSwapBuffers:3477>: EGL_BAD_ALLOC
E/libgenlock(  326): perform_lock_unlock_operation: GENLOCK_IOC_DREADLOCK failed (lockType0x1,err=Invalid argument fd=22)
W/Adreno200-EGLSUB(  326): <GetBackBuffer:2121>: genlock_lock_buffer GENLOCK_WRITE_LOCK failed
W/Adreno200-EGL(  326): <qeglDrvAPI_eglSwapBuffers:3477>: EGL_BAD_ALLOC
E/libgenlock(  326): perform_lock_unlock_operation: GENLOCK_IOC_DREADLOCK failed (lockType0x1,err=Invalid argument fd=22)
W/Adreno200-EGLSUB(  326): <GetBackBuffer:2121>: genlock_lock_buffer GENLOCK_WRITE_LOCK failed
W/Adreno200-EGL(  326): <qeglDrvAPI_eglSwapBuffers:3477>: EGL_BAD_ALLOC
E/libgenlock(  326): perform_lock_unlock_operation: GENLOCK_IOC_DREADLOCK failed (lockType0x1,err=Invalid argument fd=22)
W/Adreno200-EGLSUB(  326): <GetBackBuffer:2121>: genlock_lock_buffer GENLOCK_WRITE_LOCK failed
W/Adreno200-EGL(  326): <qeglDrvAPI_eglSwapBuffers:3477>: EGL_BAD_ALLOC
E/libgenlock(  326): perform_lock_unlock_operation: GENLOCK_IOC_DREADLOCK failed (lockType0x1,err=Invalid argument fd=22)
W/Adreno200-EGLSUB(  326): <GetBackBuffer:2121>: genlock_lock_buffer GENLOCK_WRITE_LOCK failed
W/Adreno200-EGL(  326): <qeglDrvAPI_eglSwapBuffers:3477>: EGL_BAD_ALLOC
E/libgenlock(  326): perform_lock_unlock_operation: GENLOCK_IOC_DREADLOCK failed (lockType0x1,err=Invalid argument fd=22)
W/Adreno200-EGLSUB(  326): <GetBackBuffer:2121>: genlock_lock_buffer GENLOCK_WRITE_LOCK failed
W/Adreno200-EGL(  326): <qeglDrvAPI_eglSwapBuffers:3477>: EGL_BAD_ALLOC
E/libgenlock(  326): perform_lock_unlock_operation: GENLOCK_IOC_DREADLOCK failed (lockType0x1,err=Invalid argument fd=22)
W/Adreno200-EGLSUB(  326): <GetBackBuffer:2121>: genlock_lock_buffer GENLOCK_WRITE_LOCK failed
W/Adreno200-EGL(  326): <qeglDrvAPI_eglSwapBuffers:3477>: EGL_BAD_ALLOC
E/libgenlock(  326): perform_lock_unlock_operation: GENLOCK_IOC_DREADLOCK failed (lockType0x1,err=Invalid argument fd=22)
W/Adreno200-EGLSUB(  326): <GetBackBuffer:2121>: genlock_lock_buffer GENLOCK_WRITE_LOCK failed
W/Adreno200-EGL(  326): <qeglDrvAPI_eglSwapBuffers:3477>: EGL_BAD_ALLOC
E/libgenlock(  326): perform_lock_unlock_operation: GENLOCK_IOC_DREADLOCK failed (lockType0x1,err=Invalid argument fd=22)
W/Adreno200-EGLSUB(  326): <GetBackBuffer:2121>: genlock_lock_buffer GENLOCK_WRITE_LOCK failed
W/Adreno200-EGL(  326): <qeglDrvAPI_eglSwapBuffers:3477>: EGL_BAD_ALLOC
E/libgenlock(  326): perform_lock_unlock_operation: GENLOCK_IOC_DREADLOCK failed (lockType0x1,err=Invalid argument fd=22)
W/Adreno200-EGLSUB(  326): <GetBackBuffer:2121>: genlock_lock_buffer GENLOCK_WRITE_LOCK failed
W/Adreno200-EGL(  326): <qeglDrvAPI_eglSwapBuffers:3477>: EGL_BAD_ALLOC
E/libgenlock(  326): perform_lock_unlock_operation: GENLOCK_IOC_DREADLOCK failed (lockType0x1,err=Invalid argument fd=22)
W/Adreno200-EGLSUB(  326): <GetBackBuffer:2121>: genlock_lock_buffer GENLOCK_WRITE_LOCK failed
W/Adreno200-EGL(  326): <qeglDrvAPI_eglSwapBuffers:3477>: EGL_BAD_ALLOC
E/libgenlock(  326): perform_lock_unlock_operation: GENLOCK_IOC_DREADLOCK failed (lockType0x1,err=Invalid argument fd=22)
W/Adreno200-EGLSUB(  326): <GetBackBuffer:2121>: genlock_lock_buffer GENLOCK_WRITE_LOCK failed
W/Adreno200-EGL(  326): <qeglDrvAPI_eglSwapBuffers:3477>: EGL_BAD_ALLOC
E/libgenlock(  326): perform_lock_unlock_operation: GENLOCK_IOC_DREADLOCK failed (lockType0x1,err=Invalid argument fd=22)
W/Adreno200-EGLSUB(  326): <GetBackBuffer:2121>: genlock_lock_buffer GENLOCK_WRITE_LOCK failed
W/Adreno200-EGL(  326): <qeglDrvAPI_eglSwapBuffers:3477>: EGL_BAD_ALLOC
E/libgenlock(  326): perform_lock_unlock_operation: GENLOCK_IOC_DREADLOCK failed (lockType0x1,err=Invalid argument fd=22)
W/Adreno200-EGLSUB(  326): <GetBackBuffer:2121>: genlock_lock_buffer GENLOCK_WRITE_LOCK failed
W/Adreno200-EGL(  326): <qeglDrvAPI_eglSwapBuffers:3477>: EGL_BAD_ALLOC
E/libgenlock(  326): perform_lock_unlock_operation: GENLOCK_IOC_DREADLOCK failed (lockType0x1,err=Invalid argument fd=22)
W/Adreno200-EGLSUB(  326): <GetBackBuffer:2121>: genlock_lock_buffer GENLOCK_WRITE_LOCK failed
W/Adreno200-EGL(  326): <qeglDrvAPI_eglSwapBuffers:3477>: EGL_BAD_ALLOC
E/libgenlock(  326): perform_lock_unlock_operation: GENLOCK_IOC_DREADLOCK failed (lockType0x1,err=Invalid argument fd=22)
W/Adreno200-EGLSUB(  326): <GetBackBuffer:2121>: genlock_lock_buffer GENLOCK_WRITE_LOCK failed
W/Adreno200-EGL(  326): <qeglDrvAPI_eglSwapBuffers:3477>: EGL_BAD_ALLOC
E/libgenlock(  326): perform_lock_unlock_operation: GENLOCK_IOC_DREADLOCK failed (lockType0x1,err=Invalid argument fd=22)
W/Adreno200-EGLSUB(  326): <GetBackBuffer:2121>: genlock_lock_buffer GENLOCK_WRITE_LOCK failed
W/Adreno200-EGL(  326): <qeglDrvAPI_eglSwapBuffers:3477>: EGL_BAD_ALLOC
E/libgenlock(  326): perform_lock_unlock_operation: GENLOCK_IOC_DREADLOCK failed (lockType0x1,err=Invalid argument fd=22)
W/Adreno200-EGLSUB(  326): <GetBackBuffer:2121>: genlock_lock_buffer GENLOCK_WRITE_LOCK failed
W/Adreno200-EGL(  326): <qeglDrvAPI_eglSwapBuffers:3477>: EGL_BAD_ALLOC
E/libgenlock(  326): perform_lock_unlock_operation: GENLOCK_IOC_DREADLOCK failed (lockType0x1,err=Invalid argument fd=22)
W/Adreno200-EGLSUB(  326): <GetBackBuffer:2121>: genlock_lock_buffer GENLOCK_WRITE_LOCK failed
W/Adreno200-EGL(  326): <qeglDrvAPI_eglSwapBuffers:3477>: EGL_BAD_ALLOC
E/libgenlock(  326): perform_lock_unlock_operation: GENLOCK_IOC_DREADLOCK failed (lockType0x1,err=Invalid argument fd=22)
W/Adreno200-EGLSUB(  326): <GetBackBuffer:2121>: genlock_lock_buffer GENLOCK_WRITE_LOCK failed
W/Adreno200-EGL(  326): <qeglDrvAPI_eglSwapBuffers:3477>: EGL_BAD_ALLOC
E/libgenlock(  326): perform_lock_unlock_operation: GENLOCK_IOC_DREADLOCK failed (lockType0x1,err=Invalid argument fd=22)
W/Adreno200-EGLSUB(  326): <GetBackBuffer:2121>: genlock_lock_buffer GENLOCK_WRITE_LOCK failed
W/Adreno200-EGL(  326): <qeglDrvAPI_eglSwapBuffers:3477>: EGL_BAD_ALLOC
E/libgenlock(  326): perform_lock_unlock_operation: GENLOCK_IOC_DREADLOCK failed (lockType0x1,err=Invalid argument fd=22)
W/Adreno200-EGLSUB(  326): <GetBackBuffer:2121>: genlock_lock_buffer GENLOCK_WRITE_LOCK failed
W/Adreno200-EGL(  326): <qeglDrvAPI_eglSwapBuffers:3477>: EGL_BAD_ALLOC
E/libgenlock(  326): perform_lock_unlock_operation: GENLOCK_IOC_DREADLOCK failed (lockType0x1,err=Invalid argument fd=22)
W/Adreno200-EGLSUB(  326): <GetBackBuffer:2121>: genlock_lock_buffer GENLOCK_WRITE_LOCK failed
W/Adreno200-EGL(  326): <qeglDrvAPI_eglSwapBuffers:3477>: EGL_BAD_ALLOC
E/libgenlock(  326): perform_lock_unlock_operation: GENLOCK_IOC_DREADLOCK failed (lockType0x1,err=Invalid argument fd=22)
W/Adreno200-EGLSUB(  326): <GetBackBuffer:2121>: genlock_lock_buffer GENLOCK_WRITE_LOCK failed
W/Adreno200-EGL(  326): <qeglDrvAPI_eglSwapBuffers:3477>: EGL_BAD_ALLOC
E/libgenlock(  326): perform_lock_unlock_operation: GENLOCK_IOC_DREADLOCK failed (lockType0x1,err=Invalid argument fd=22)
W/Adreno200-EGLSUB(  326): <GetBackBuffer:2121>: genlock_lock_buffer GENLOCK_WRITE_LOCK failed
W/Adreno200-EGL(  326): <qeglDrvAPI_eglSwapBuffers:3477>: EGL_BAD_ALLOC
E/libgenlock(  326): perform_lock_unlock_operation: GENLOCK_IOC_DREADLOCK failed (lockType0x1,err=Invalid argument fd=22)
W/Adreno200-EGLSUB(  326): <GetBackBuffer:2121>: genlock_lock_buffer GENLOCK_WRITE_LOCK failed
W/Adreno200-EGL(  326): <qeglDrvAPI_eglSwapBuffers:3477>: EGL_BAD_ALLOC
E/libgenlock(  326): perform_lock_unlock_operation: GENLOCK_IOC_DREADLOCK failed (lockType0x1,err=Invalid argument fd=22)
W/Adreno200-EGLSUB(  326): <GetBackBuffer:2121>: genlock_lock_buffer GENLOCK_WRITE_LOCK failed
W/Adreno200-EGL(  326): <qeglDrvAPI_eglSwapBuffers:3477>: EGL_BAD_ALLOC
E/libgenlock(  326): perform_lock_unlock_operation: GENLOCK_IOC_DREADLOCK failed (lockType0x1,err=Invalid argument fd=22)
W/Adreno200-EGLSUB(  326): <GetBackBuffer:2121>: genlock_lock_buffer GENLOCK_WRITE_LOCK failed
W/Adreno200-EGL(  326): <qeglDrvAPI_eglSwapBuffers:3477>: EGL_BAD_ALLOC
E/libgenlock(  326): perform_lock_unlock_operation: GENLOCK_IOC_DREADLOCK failed (lockType0x1,err=Invalid argument fd=22)
W/Adreno200-EGLSUB(  326): <GetBackBuffer:2121>: genlock_lock_buffer GENLOCK_WRITE_LOCK failed
W/Adreno200-EGL(  326): <qeglDrvAPI_eglSwapBuffers:3477>: EGL_BAD_ALLOC
E/libgenlock(  326): perform_lock_unlock_operation: GENLOCK_IOC_DREADLOCK failed (lockType0x1,err=Invalid argument fd=22)
W/Adreno200-EGLSUB(  326): <GetBackBuffer:2121>: genlock_lock_buffer GENLOCK_WRITE_LOCK failed
W/Adreno200-EGL(  326): <qeglDrvAPI_eglSwapBuffers:3477>: EGL_BAD_ALLOC
E/libgenlock(  326): perform_lock_unlock_operation: GENLOCK_IOC_DREADLOCK failed (lockType0x1,err=Invalid argument fd=22)
W/Adreno200-EGLSUB(  326): <GetBackBuffer:2121>: genlock_lock_buffer GENLOCK_WRITE_LOCK failed
W/Adreno200-EGL(  326): <qeglDrvAPI_eglSwapBuffers:3477>: EGL_BAD_ALLOC
E/libgenlock(  326): perform_lock_unlock_operation: GENLOCK_IOC_DREADLOCK failed (lockType0x1,err=Invalid argument fd=22)
W/Adreno200-EGLSUB(  326): <GetBackBuffer:2121>: genlock_lock_buffer GENLOCK_WRITE_LOCK failed
W/Adreno200-EGL(  326): <qeglDrvAPI_eglSwapBuffers:3477>: EGL_BAD_ALLOC
E/libgenlock(  326): perform_lock_unlock_operation: GENLOCK_IOC_DREADLOCK failed (lockType0x1,err=Invalid argument fd=22)
W/Adreno200-EGLSUB(  326): <GetBackBuffer:2121>: genlock_lock_buffer GENLOCK_WRITE_LOCK failed
W/Adreno200-EGL(  326): <qeglDrvAPI_eglSwapBuffers:3477>: EGL_BAD_ALLOC
E/libgenlock(  326): perform_lock_unlock_operation: GENLOCK_IOC_DREADLOCK failed (lockType0x1,err=Invalid argument fd=22)
W/Adreno200-EGLSUB(  326): <GetBackBuffer:2121>: genlock_lock_buffer GENLOCK_WRITE_LOCK failed
W/Adreno200-EGL(  326): <qeglDrvAPI_eglSwapBuffers:3477>: EGL_BAD_ALLOC
E/libgenlock(  326): perform_lock_unlock_operation: GENLOCK_IOC_DREADLOCK failed (lockType0x1,err=Invalid argument fd=22)
W/Adreno200-EGLSUB(  326): <GetBackBuffer:2121>: genlock_lock_buffer GENLOCK_WRITE_LOCK failed
W/Adreno200-EGL(  326): <qeglDrvAPI_eglSwapBuffers:3477>: EGL_BAD_ALLOC
E/libgenlock(  326): perform_lock_unlock_operation: GENLOCK_IOC_DREADLOCK failed (lockType0x1,err=Invalid argument fd=22)
W/Adreno200-EGLSUB(  326): <GetBackBuffer:2121>: genlock_lock_buffer GENLOCK_WRITE_LOCK failed
W/Adreno200-EGL(  326): <qeglDrvAPI_eglSwapBuffers:3477>: EGL_BAD_ALLOC
E/libgenlock(  326): perform_lock_unlock_operation: GENLOCK_IOC_DREADLOCK failed (lockType0x1,err=Invalid argument fd=22)
W/Adreno200-EGLSUB(  326): <GetBackBuffer:2121>: genlock_lock_buffer GENLOCK_WRITE_LOCK failed
W/Adreno200-EGL(  326): <qeglDrvAPI_eglSwapBuffers:3477>: EGL_BAD_ALLOC
E/libgenlock(  326): perform_lock_unlock_operation: GENLOCK_IOC_DREADLOCK failed (lockType0x1,err=Invalid argument fd=22)
W/Adreno200-EGLSUB(  326): <GetBackBuffer:2121>: genlock_lock_buffer GENLOCK_WRITE_LOCK failed
W/Adreno200-EGL(  326): <qeglDrvAPI_eglSwapBuffers:3477>: EGL_BAD_ALLOC
E/libgenlock(  326): perform_lock_unlock_operation: GENLOCK_IOC_DREADLOCK failed (lockType0x1,err=Invalid argument fd=22)
W/Adreno200-EGLSUB(  326): <GetBackBuffer:2121>: genlock_lock_buffer GENLOCK_WRITE_LOCK failed
W/Adreno200-EGL(  326): <qeglDrvAPI_eglSwapBuffers:3477>: EGL_BAD_ALLOC
E/libgenlock(  326): perform_lock_unlock_operation: GENLOCK_IOC_DREADLOCK failed (lockType0x1,err=Invalid argument fd=22)
W/Adreno200-EGLSUB(  326): <GetBackBuffer:2121>: genlock_lock_buffer GENLOCK_WRITE_LOCK failed
W/Adreno200-EGL(  326): <qeglDrvAPI_eglSwapBuffers:3477>: EGL_BAD_ALLOC
E/libgenlock(  326): perform_lock_unlock_operation: GENLOCK_IOC_DREADLOCK failed (lockType0x1,err=Invalid argument fd=22)
W/Adreno200-EGLSUB(  326): <GetBackBuffer:2121>: genlock_lock_buffer GENLOCK_WRITE_LOCK failed
W/Adreno200-EGL(  326): <qeglDrvAPI_eglSwapBuffers:3477>: EGL_BAD_ALLOC
E/libgenlock(  326): perform_lock_unlock_operation: GENLOCK_IOC_DREADLOCK failed (lockType0x1,err=Invalid argument fd=22)
W/Adreno200-EGLSUB(  326): <GetBackBuffer:2121>: genlock_lock_buffer GENLOCK_WRITE_LOCK failed
W/Adreno200-EGL(  326): <qeglDrvAPI_eglSwapBuffers:3477>: EGL_BAD_ALLOC
E/libgenlock(  326): perform_lock_unlock_operation: GENLOCK_IOC_DREADLOCK failed (lockType0x1,err=Invalid argument fd=22)
W/Adreno200-EGLSUB(  326): <GetBackBuffer:2121>: genlock_lock_buffer GENLOCK_WRITE_LOCK failed
W/Adreno200-EGL(  326): <qeglDrvAPI_eglSwapBuffers:3477>: EGL_BAD_ALLOC
E/libgenlock(  326): perform_lock_unlock_operation: GENLOCK_IOC_DREADLOCK failed (lockType0x1,err=Invalid argument fd=22)
W/Adreno200-EGLSUB(  326): <GetBackBuffer:2121>: genlock_lock_buffer GENLOCK_WRITE_LOCK failed
W/Adreno200-EGL(  326): <qeglDrvAPI_eglSwapBuffers:3477>: EGL_BAD_ALLOC
E/libgenlock(  326): perform_lock_unlock_operation: GENLOCK_IOC_DREADLOCK failed (lockType0x1,err=Invalid argument fd=22)
W/Adreno200-EGLSUB(  326): <GetBackBuffer:2121>: genlock_lock_buffer GENLOCK_WRITE_LOCK failed
W/Adreno200-EGL(  326): <qeglDrvAPI_eglSwapBuffers:3477>: EGL_BAD_ALLOC
E/libgenlock(  326): perform_lock_unlock_operation: GENLOCK_IOC_DREADLOCK failed (lockType0x1,err=Invalid argument fd=22)
W/Adreno200-EGLSUB(  326): <GetBackBuffer:2121>: genlock_lock_buffer GENLOCK_WRITE_LOCK failed
W/Adreno200-EGL(  326): <qeglDrvAPI_eglSwapBuffers:3477>: EGL_BAD_ALLOC
E/libgenlock(  326): perform_lock_unlock_operation: GENLOCK_IOC_DREADLOCK failed (lockType0x1,err=Invalid argument fd=22)
W/Adreno200-EGLSUB(  326): <GetBackBuffer:2121>: genlock_lock_buffer GENLOCK_WRITE_LOCK failed
W/Adreno200-EGL(  326): <qeglDrvAPI_eglSwapBuffers:3477>: EGL_BAD_ALLOC
E/libgenlock(  326): perform_lock_unlock_operation: GENLOCK_IOC_DREADLOCK failed (lockType0x1,err=Invalid argument fd=22)
W/Adreno200-EGLSUB(  326): <GetBackBuffer:2121>: genlock_lock_buffer GENLOCK_WRITE_LOCK failed
W/Adreno200-EGL(  326): <qeglDrvAPI_eglSwapBuffers:3477>: EGL_BAD_ALLOC
E/libgenlock(  326): perform_lock_unlock_operation: GENLOCK_IOC_DREADLOCK failed (lockType0x1,err=Invalid argument fd=22)
W/Adreno200-EGLSUB(  326): <GetBackBuffer:2121>: genlock_lock_buffer GENLOCK_WRITE_LOCK failed
W/Adreno200-EGL(  326): <qeglDrvAPI_eglSwapBuffers:3477>: EGL_BAD_ALLOC
E/libgenlock(  326): perform_lock_unlock_operation: GENLOCK_IOC_DREADLOCK failed (lockType0x1,err=Invalid argument fd=22)
W/Adreno200-EGLSUB(  326): <GetBackBuffer:2121>: genlock_lock_buffer GENLOCK_WRITE_LOCK failed
W/Adreno200-EGL(  326): <qeglDrvAPI_eglSwapBuffers:3477>: EGL_BAD_ALLOC
E/libgenlock(  326): perform_lock_unlock_operation: GENLOCK_IOC_DREADLOCK failed (lockType0x1,err=Invalid argument fd=22)
W/Adreno200-EGLSUB(  326): <GetBackBuffer:2121>: genlock_lock_buffer GENLOCK_WRITE_LOCK failed
W/Adreno200-EGL(  326): <qeglDrvAPI_eglSwapBuffers:3477>: EGL_BAD_ALLOC
E/libgenlock(  326): perform_lock_unlock_operation: GENLOCK_IOC_DREADLOCK failed (lockType0x1,err=Invalid argument fd=22)
W/Adreno200-EGLSUB(  326): <GetBackBuffer:2121>: genlock_lock_buffer GENLOCK_WRITE_LOCK failed
W/Adreno200-EGL(  326): <qeglDrvAPI_eglSwapBuffers:3477>: EGL_BAD_ALLOC
E/libgenlock(  326): perform_lock_unlock_operation: GENLOCK_IOC_DREADLOCK failed (lockType0x1,err=Invalid argument fd=22)
W/Adreno200-EGLSUB(  326): <GetBackBuffer:2121>: genlock_lock_buffer GENLOCK_WRITE_LOCK failed
W/Adreno200-EGL(  326): <qeglDrvAPI_eglSwapBuffers:3477>: EGL_BAD_ALLOC
E/libgenlock(  326): perform_lock_unlock_operation: GENLOCK_IOC_DREADLOCK failed (lockType0x1,err=Invalid argument fd=22)
W/Adreno200-EGLSUB(  326): <GetBackBuffer:2121>: genlock_lock_buffer GENLOCK_WRITE_LOCK failed
W/Adreno200-EGL(  326): <qeglDrvAPI_eglSwapBuffers:3477>: EGL_BAD_ALLOC
E/libgenlock(  326): perform_lock_unlock_operation: GENLOCK_IOC_DREADLOCK failed (lockType0x1,err=Invalid argument fd=22)
W/Adreno200-EGLSUB(  326): <GetBackBuffer:2121>: genlock_lock_buffer GENLOCK_WRITE_LOCK failed
W/Adreno200-EGL(  326): <qeglDrvAPI_eglSwapBuffers:3477>: EGL_BAD_ALLOC
E/libgenlock(  326): perform_lock_unlock_operation: GENLOCK_IOC_DREADLOCK failed (lockType0x1,err=Invalid argument fd=22)
W/Adreno200-EGLSUB(  326): <GetBackBuffer:2121>: genlock_lock_buffer GENLOCK_WRITE_LOCK failed
W/Adreno200-EGL(  326): <qeglDrvAPI_eglSwapBuffers:3477>: EGL_BAD_ALLOC
E/libgenlock(  326): perform_lock_unlock_operation: GENLOCK_IOC_DREADLOCK failed (lockType0x1,err=Invalid argument fd=22)
W/Adreno200-EGLSUB(  326): <GetBackBuffer:2121>: genlock_lock_buffer GENLOCK_WRITE_LOCK failed
W/Adreno200-EGL(  326): <qeglDrvAPI_eglSwapBuffers:3477>: EGL_BAD_ALLOC
E/libgenlock(  326): perform_lock_unlock_operation: GENLOCK_IOC_DREADLOCK failed (lockType0x1,err=Invalid argument fd=22)
W/Adreno200-EGLSUB(  326): <GetBackBuffer:2121>: genlock_lock_buffer GENLOCK_WRITE_LOCK failed
W/Adreno200-EGL(  326): <qeglDrvAPI_eglSwapBuffers:3477>: EGL_BAD_ALLOC
E/libgenlock(  326): perform_lock_unlock_operation: GENLOCK_IOC_DREADLOCK failed (lockType0x1,err=Invalid argument fd=22)
W/Adreno200-EGLSUB(  326): <GetBackBuffer:2121>: genlock_lock_buffer GENLOCK_WRITE_LOCK failed
W/Adreno200-EGL(  326): <qeglDrvAPI_eglSwapBuffers:3477>: EGL_BAD_ALLOC
E/libgenlock(  326): perform_lock_unlock_operation: GENLOCK_IOC_DREADLOCK failed (lockType0x1,err=Invalid argument fd=22)
W/Adreno200-EGLSUB(  326): <GetBackBuffer:2121>: genlock_lock_buffer GENLOCK_WRITE_LOCK failed
W/Adreno200-EGL(  326): <qeglDrvAPI_eglSwapBuffers:3477>: EGL_BAD_ALLOC
E/libgenlock(  326): perform_lock_unlock_operation: GENLOCK_IOC_DREADLOCK failed (lockType0x1,err=Invalid argument fd=22)
W/Adreno200-EGLSUB(  326): <GetBackBuffer:2121>: genlock_lock_buffer GENLOCK_WRITE_LOCK failed
W/Adreno200-EGL(  326): <qeglDrvAPI_eglSwapBuffers:3477>: EGL_BAD_ALLOC
E/libgenlock(  326): perform_lock_unlock_operation: GENLOCK_IOC_DREADLOCK failed (lockType0x1,err=Invalid argument fd=22)
W/Adreno200-EGLSUB(  326): <GetBackBuffer:2121>: genlock_lock_buffer GENLOCK_WRITE_LOCK failed
W/Adreno200-EGL(  326): <qeglDrvAPI_eglSwapBuffers:3477>: EGL_BAD_ALLOC
E/libgenlock(  326): perform_lock_unlock_operation: GENLOCK_IOC_DREADLOCK failed (lockType0x1,err=Invalid argument fd=22)
W/Adreno200-EGLSUB(  326): <GetBackBuffer:2121>: genlock_lock_buffer GENLOCK_WRITE_LOCK failed
W/Adreno200-EGL(  326): <qeglDrvAPI_eglSwapBuffers:3477>: EGL_BAD_ALLOC
E/libgenlock(  326): perform_lock_unlock_operation: GENLOCK_IOC_DREADLOCK failed (lockType0x1,err=Invalid argument fd=22)
W/Adreno200-EGLSUB(  326): <GetBackBuffer:2121>: genlock_lock_buffer GENLOCK_WRITE_LOCK failed
W/Adreno200-EGL(  326): <qeglDrvAPI_eglSwapBuffers:3477>: EGL_BAD_ALLOC
E/libgenlock(  326): perform_lock_unlock_operation: GENLOCK_IOC_DREADLOCK failed (lockType0x1,err=Invalid argument fd=22)
W/Adreno200-EGLSUB(  326): <GetBackBuffer:2121>: genlock_lock_buffer GENLOCK_WRITE_LOCK failed
W/Adreno200-EGL(  326): <qeglDrvAPI_eglSwapBuffers:3477>: EGL_BAD_ALLOC
D/dalvikvm(  349): DexOpt: load 529ms, verify+opt 5816ms, 5512604 bytes
E/libgenlock(  326): perform_lock_unlock_operation: GENLOCK_IOC_DREADLOCK failed (lockType0x1,err=Invalid argument fd=22)
W/Adreno200-EGLSUB(  326): <GetBackBuffer:2121>: genlock_lock_buffer GENLOCK_WRITE_LOCK failed
W/Adreno200-EGL(  326): <qeglDrvAPI_eglSwapBuffers:3477>: EGL_BAD_ALLOC
E/libgenlock(  326): perform_lock_unlock_operation: GENLOCK_IOC_DREADLOCK failed (lockType0x1,err=Invalid argument fd=22)
W/Adreno200-EGLSUB(  326): <GetBackBuffer:2121>: genlock_lock_buffer GENLOCK_WRITE_LOCK failed
W/Adreno200-EGL(  326): <qeglDrvAPI_eglSwapBuffers:3477>: EGL_BAD_ALLOC
E/libgenlock(  326): perform_lock_unlock_operation: GENLOCK_IOC_DREADLOCK failed (lockType0x1,err=Invalid argument fd=22)
W/Adreno200-EGLSUB(  326): <GetBackBuffer:2121>: genlock_lock_buffer GENLOCK_WRITE_LOCK failed
W/Adreno200-EGL(  326): <qeglDrvAPI_eglSwapBuffers:3477>: EGL_BAD_ALLOC
E/libgenlock(  326): perform_lock_unlock_operation: GENLOCK_IOC_DREADLOCK failed (lockType0x1,err=Invalid argument fd=22)
W/Adreno200-EGLSUB(  326): <GetBackBuffer:2121>: genlock_lock_buffer GENLOCK_WRITE_LOCK failed
W/Adreno200-EGL(  326): <qeglDrvAPI_eglSwapBuffers:3477>: EGL_BAD_ALLOC
E/libgenlock(  326): perform_lock_unlock_operation: GENLOCK_IOC_DREADLOCK failed (lockType0x1,err=Invalid argument fd=22)
W/Adreno200-EGLSUB(  326): <GetBackBuffer:2121>: genlock_lock_buffer GENLOCK_WRITE_LOCK failed
W/Adreno200-EGL(  326): <qeglDrvAPI_eglSwapBuffers:3477>: EGL_BAD_ALLOC
E/libgenlock(  326): perform_lock_unlock_operation: GENLOCK_IOC_DREADLOCK failed (lockType0x1,err=Invalid argument fd=22)
W/Adreno200-EGLSUB(  326): <GetBackBuffer:2121>: genlock_lock_buffer GENLOCK_WRITE_LOCK failed
W/Adreno200-EGL(  326): <qeglDrvAPI_eglSwapBuffers:3477>: EGL_BAD_ALLOC
E/libgenlock(  326): perform_lock_unlock_operation: GENLOCK_IOC_DREADLOCK failed (lockType0x1,err=Invalid argument fd=22)
W/Adreno200-EGLSUB(  326): <GetBackBuffer:2121>: genlock_lock_buffer GENLOCK_WRITE_LOCK failed
W/Adreno200-EGL(  326): <qeglDrvAPI_eglSwapBuffers:3477>: EGL_BAD_ALLOC
E/libgenlock(  326): perform_lock_unlock_operation: GENLOCK_IOC_DREADLOCK failed (lockType0x1,err=Invalid argument fd=22)
W/Adreno200-EGLSUB(  326): <GetBackBuffer:2121>: genlock_lock_buffer GENLOCK_WRITE_LOCK failed
W/Adreno200-EGL(  326): <qeglDrvAPI_eglSwapBuffers:3477>: EGL_BAD_ALLOC
E/libgenlock(  326): perform_lock_unlock_operation: GENLOCK_IOC_DREADLOCK failed (lockType0x1,err=Invalid argument fd=22)
W/Adreno200-EGLSUB(  326): <GetBackBuffer:2121>: genlock_lock_buffer GENLOCK_WRITE_LOCK failed
W/Adreno200-EGL(  326): <qeglDrvAPI_eglSwapBuffers:3477>: EGL_BAD_ALLOC
E/libgenlock(  326): perform_lock_unlock_operation: GENLOCK_IOC_DREADLOCK failed (lockType0x1,err=Invalid argument fd=22)
W/Adreno200-EGLSUB(  326): <GetBackBuffer:2121>: genlock_lock_buffer GENLOCK_WRITE_LOCK failed
W/Adreno200-EGL(  326): <qeglDrvAPI_eglSwapBuffers:3477>: EGL_BAD_ALLOC
E/libgenlock(  326): perform_lock_unlock_operation: GENLOCK_IOC_DREADLOCK failed (lockType0x1,err=Invalid argument fd=22)
W/Adreno200-EGLSUB(  326): <GetBackBuffer:2121>: genlock_lock_buffer GENLOCK_WRITE_LOCK failed
W/Adreno200-EGL(  326): <qeglDrvAPI_eglSwapBuffers:3477>: EGL_BAD_ALLOC
E/libgenlock(  326): perform_lock_unlock_operation: GENLOCK_IOC_DREADLOCK failed (lockType0x1,err=Invalid argument fd=22)
W/Adreno200-EGLSUB(  326): <GetBackBuffer:2121>: genlock_lock_buffer GENLOCK_WRITE_LOCK failed
W/Adreno200-EGL(  326): <qeglDrvAPI_eglSwapBuffers:3477>: EGL_BAD_ALLOC
D/dalvikvm(  136): DexOpt: --- END 'framework.jar' (success) ---
D/dalvikvm(  136): DEX prep '/system/framework/framework.jar': unzip in 331ms, rewrite 7445ms
E/libgenlock(  326): perform_lock_unlock_operation: GENLOCK_IOC_DREADLOCK failed (lockType0x1,err=Invalid argument fd=22)
W/Adreno200-EGLSUB(  326): <GetBackBuffer:2121>: genlock_lock_buffer GENLOCK_WRITE_LOCK failed
W/Adreno200-EGL(  326): <qeglDrvAPI_eglSwapBuffers:3477>: EGL_BAD_ALLOC
D/dalvikvm(  136): DexOpt: --- BEGIN 'framework2.jar' (bootstrap=1) ---
E/libgenlock(  326): perform_lock_unlock_operation: GENLOCK_IOC_DREADLOCK failed (lockType0x1,err=Invalid argument fd=22)
W/Adreno200-EGLSUB(  326): <GetBackBuffer:2121>: genlock_lock_buffer GENLOCK_WRITE_LOCK failed
W/Adreno200-EGL(  326): <qeglDrvAPI_eglSwapBuffers:3477>: EGL_BAD_ALLOC
E/libgenlock(  326): perform_lock_unlock_operation: GENLOCK_IOC_DREADLOCK failed (lockType0x1,err=Invalid argument fd=22)
W/Adreno200-EGLSUB(  326): <GetBackBuffer:2121>: genlock_lock_buffer GENLOCK_WRITE_LOCK failed
W/Adreno200-EGL(  326): <qeglDrvAPI_eglSwapBuffers:3477>: EGL_BAD_ALLOC
E/libgenlock(  326): perform_lock_unlock_operation: GENLOCK_IOC_DREADLOCK failed (lockType0x1,err=Invalid argument fd=22)
W/Adreno200-EGLSUB(  326): <GetBackBuffer:2121>: genlock_lock_buffer GENLOCK_WRITE_LOCK failed
W/Adreno200-EGL(  326): <qeglDrvAPI_eglSwapBuffers:3477>: EGL_BAD_ALLOC
E/libgenlock(  326): perform_lock_unlock_operation: GENLOCK_IOC_DREADLOCK failed (lockType0x1,err=Invalid argument fd=22)
W/Adreno200-EGLSUB(  326): <GetBackBuffer:2121>: genlock_lock_buffer GENLOCK_WRITE_LOCK failed
W/Adreno200-EGL(  326): <qeglDrvAPI_eglSwapBuffers:3477>: EGL_BAD_ALLOC
E/libgenlock(  326): perform_lock_unlock_operation: GENLOCK_IOC_DREADLOCK failed (lockType0x1,err=Invalid argument fd=22)
W/Adreno200-EGLSUB(  326): <GetBackBuffer:2121>: genlock_lock_buffer GENLOCK_WRITE_LOCK failed
W/Adreno200-EGL(  326): <qeglDrvAPI_eglSwapBuffers:3477>: EGL_BAD_ALLOC
D/dalvikvm(  365): DexOpt: load 30ms, verify+opt 117ms, 691820 bytes
E/libgenlock(  326): perform_lock_unlock_operation: GENLOCK_IOC_DREADLOCK failed (lockType0x1,err=Invalid argument fd=22)
W/Adreno200-EGLSUB(  326): <GetBackBuffer:2121>: genlock_lock_buffer GENLOCK_WRITE_LOCK failed
W/Adreno200-EGL(  326): <qeglDrvAPI_eglSwapBuffers:3477>: EGL_BAD_ALLOC
E/libgenlock(  326): perform_lock_unlock_operation: GENLOCK_IOC_DREADLOCK failed (lockType0x1,err=Invalid argument fd=22)
W/Adreno200-EGLSUB(  326): <GetBackBuffer:2121>: genlock_lock_buffer GENLOCK_WRITE_LOCK failed
W/Adreno200-EGL(  326): <qeglDrvAPI_eglSwapBuffers:3477>: EGL_BAD_ALLOC
E/libgenlock(  326): perform_lock_unlock_operation: GENLOCK_IOC_DREADLOCK failed (lockType0x1,err=Invalid argument fd=22)
W/Adreno200-EGLSUB(  326): <GetBackBuffer:2121>: genlock_lock_buffer GENLOCK_WRITE_LOCK failed
W/Adreno200-EGL(  326): <qeglDrvAPI_eglSwapBuffers:3477>: EGL_BAD_ALLOC
E/libgenlock(  326): perform_lock_unlock_operation: GENLOCK_IOC_DREADLOCK failed (lockType0x1,err=Invalid argument fd=22)
W/Adreno200-EGLSUB(  326): <GetBackBuffer:2121>: genlock_lock_buffer GENLOCK_WRITE_LOCK failed
W/Adreno200-EGL(  326): <qeglDrvAPI_eglSwapBuffers:3477>: EGL_BAD_ALLOC
E/libgenlock(  326): perform_lock_unlock_operation: GENLOCK_IOC_DREADLOCK failed (lockType0x1,err=Invalid argument fd=22)
W/Adreno200-EGLSUB(  326): <GetBackBuffer:2121>: genlock_lock_buffer GENLOCK_WRITE_LOCK failed
W/Adreno200-EGL(  326): <qeglDrvAPI_eglSwapBuffers:3477>: EGL_BAD_ALLOC
E/libgenlock(  326): perform_lock_unlock_operation: GENLOCK_IOC_DREADLOCK failed (lockType0x1,err=Invalid argument fd=22)
