W/Adreno200-EGLSUB(  326): <GetBackBuffer:2121>: genlock_lock_buffer GENLOCK_WRITE_LOCK failed
W/Adreno200-ES20(  326): <gl2_surface_swap:43>: GL_OUT_OF_MEMORY
W/Adreno200-EGL(  326): <qeglDrvAPI_eglSwapBuffers:3477>: EGL_BAD_ALLOC
E/libgenlock(  326): perform_lock_unlock_operation: GENLOCK_IOC_DREADLOCK failed (lockType0x1,err=Invalid argument fd=22)
W/Adreno200-EGLSUB(  326): <GetBackBuffer:2121>: genlock_lock_buffer GENLOCK_WRITE_LOCK failed
W/Adreno200-ES20(  326): <gl2_surface_swap:43>: GL_OUT_OF_MEMORY
W/Adreno200-EGL(  326): <qeglDrvAPI_eglSwapBuffers:3477>: EGL_BAD_ALLOC
E/libgenlock(  326): perform_lock_unlock_operation: GENLOCK_IOC_DREADLOCK failed (lockType0x1,err=Invalid argument fd=22)
W/Adreno200-EGLSUB(  326): <GetBackBuffer:2121>: genlock_lock_buffer GENLOCK_WRITE_LOCK failed
W/Adreno200-ES20(  326): <gl2_surface_swap:43>: GL_OUT_OF_MEMORY
W/Adreno200-EGL(  326): <qeglDrvAPI_eglSwapBuffers:3477>: EGL_BAD_ALLOC
I/kickstart(  148): INFO: function: tx_data:346 Transmitting 1547 bytes
I/kickstart(  148): INFO: function: tx_data:367 Total bytes sent so far: 26316
I/kickstart(  148): INFO: function: tx_data:346 Transmitting 1548 bytes
I/kickstart(  148): INFO: function: tx_data:367 Total bytes sent so far: 27864
I/kickstart(  148): INFO: function: tx_data:346 Transmitting 1547 bytes
I/kickstart(  148): INFO: function: tx_data:367 Total bytes sent so far: 29411
E/libgenlock(  326): perform_lock_unlock_operation: GENLOCK_IOC_DREADLOCK failed (lockType0x1,err=Invalid argument fd=22)
W/Adreno200-EGLSUB(  326): <GetBackBuffer:2121>: genlock_lock_buffer GENLOCK_WRITE_LOCK failed
W/Adreno200-ES20(  326): <gl2_surface_swap:43>: GL_OUT_OF_MEMORY
W/Adreno200-EGL(  326): <qeglDrvAPI_eglSwapBuffers:3477>: EGL_BAD_ALLOC
E/libgenlock(  326): perform_lock_unlock_operation: GENLOCK_IOC_DREADLOCK failed (lockType0x1,err=Invalid argument fd=22)
W/Adreno200-EGLSUB(  326): <GetBackBuffer:2121>: genlock_lock_buffer GENLOCK_WRITE_LOCK failed
W/Adreno200-ES20(  326): <gl2_surface_swap:43>: GL_OUT_OF_MEMORY
W/Adreno200-EGL(  326): <qeglDrvAPI_eglSwapBuffers:3477>: EGL_BAD_ALLOC
I/kickstart(  148): INFO: function: tx_data:346 Transmitting 1549 bytes
I/kickstart(  148): INFO: function: tx_data:367 Total bytes sent so far: 30960
E/libgenlock(  326): perform_lock_unlock_operation: GENLOCK_IOC_DREADLOCK failed (lockType0x1,err=Invalid argument fd=22)
W/Adreno200-EGLSUB(  326): <GetBackBuffer:2121>: genlock_lock_buffer GENLOCK_WRITE_LOCK failed
W/Adreno200-ES20(  326): <gl2_surface_swap:43>: GL_OUT_OF_MEMORY
W/Adreno200-EGL(  326): <qeglDrvAPI_eglSwapBuffers:3477>: EGL_BAD_ALLOC
E/libgenlock(  326): perform_lock_unlock_operation: GENLOCK_IOC_DREADLOCK failed (lockType0x1,err=Invalid argument fd=22)
W/Adreno200-EGLSUB(  326): <GetBackBuffer:2121>: genlock_lock_buffer GENLOCK_WRITE_LOCK failed
W/Adreno200-ES20(  326): <gl2_surface_swap:43>: GL_OUT_OF_MEMORY
W/Adreno200-EGL(  326): <qeglDrvAPI_eglSwapBuffers:3477>: EGL_BAD_ALLOC
E/libgenlock(  326): perform_lock_unlock_operation: GENLOCK_IOC_DREADLOCK failed (lockType0x1,err=Invalid argument fd=22)
W/Adreno200-EGLSUB(  326): <GetBackBuffer:2121>: genlock_lock_buffer GENLOCK_WRITE_LOCK failed
W/Adreno200-ES20(  326): <gl2_surface_swap:43>: GL_OUT_OF_MEMORY
W/Adreno200-EGL(  326): <qeglDrvAPI_eglSwapBuffers:3477>: EGL_BAD_ALLOC
D/dalvikvm(  136): DexOpt: --- END 'core.jar' (success) ---
D/dalvikvm(  136): DEX prep '/system/framework/core.jar': unzip in 257ms, rewrite 2191ms
D/dalvikvm(  136): DexOpt: --- BEGIN 'core-junit.jar' (bootstrap=1) ---
E/libgenlock(  326): perform_lock_unlock_operation: GENLOCK_IOC_DREADLOCK failed (lockType0x1,err=Invalid argument fd=22)
W/Adreno200-EGLSUB(  326): <GetBackBuffer:2121>: genlock_lock_buffer GENLOCK_WRITE_LOCK failed
W/Adreno200-ES20(  326): <gl2_surface_swap:43>: GL_OUT_OF_MEMORY
W/Adreno200-EGL(  326): <qeglDrvAPI_eglSwapBuffers:3477>: EGL_BAD_ALLOC
D/dalvikvm(  334): DexOpt: load 4ms, verify+opt 9ms, 140348 bytes
I/kickstart(  148): INFO: function: tx_data:346 Transmitting 1547 bytes
I/kickstart(  148): INFO: function: tx_data:367 Total bytes sent so far: 32507
E/libgenlock(  326): perform_lock_unlock_operation: GENLOCK_IOC_DREADLOCK failed (lockType0x1,err=Invalid argument fd=22)
W/Adreno200-EGLSUB(  326): <GetBackBuffer:2121>: genlock_lock_buffer GENLOCK_WRITE_LOCK failed
W/Adreno200-ES20(  326): <gl2_surface_swap:43>: GL_OUT_OF_MEMORY
W/Adreno200-EGL(  326): <qeglDrvAPI_eglSwapBuffers:3477>: EGL_BAD_ALLOC
D/dalvikvm(  136): DexOpt: --- END 'core-junit.jar' (success) ---
D/dalvikvm(  136): DEX prep '/system/framework/core-junit.jar': unzip in 4ms, rewrite 108ms
E/libgenlock(  326): perform_lock_unlock_operation: GENLOCK_IOC_DREADLOCK failed (lockType0x1,err=Invalid argument fd=22)
W/Adreno200-EGLSUB(  326): <GetBackBuffer:2121>: genlock_lock_buffer GENLOCK_WRITE_LOCK failed
W/Adreno200-ES20(  326): <gl2_surface_swap:43>: GL_OUT_OF_MEMORY
W/Adreno200-EGL(  326): <qeglDrvAPI_eglSwapBuffers:3477>: EGL_BAD_ALLOC
D/dalvikvm(  136): DexOpt: --- BEGIN 'bouncycastle.jar' (bootstrap=1) ---
E/libgenlock(  326): perform_lock_unlock_operation: GENLOCK_IOC_DREADLOCK failed (lockType0x1,err=Invalid argument fd=22)
W/Adreno200-EGLSUB(  326): <GetBackBuffer:2121>: genlock_lock_buffer GENLOCK_WRITE_LOCK failed
W/Adreno200-ES20(  326): <gl2_surface_swap:43>: GL_OUT_OF_MEMORY
W/Adreno200-EGL(  326): <qeglDrvAPI_eglSwapBuffers:3477>: EGL_BAD_ALLOC
E/libgenlock(  326): perform_lock_unlock_operation: GENLOCK_IOC_DREADLOCK failed (lockType0x1,err=Invalid argument fd=22)
W/Adreno200-EGLSUB(  326): <GetBackBuffer:2121>: genlock_lock_buffer GENLOCK_WRITE_LOCK failed
W/Adreno200-ES20(  326): <gl2_surface_swap:43>: GL_OUT_OF_MEMORY
W/Adreno200-EGL(  326): <qeglDrvAPI_eglSwapBuffers:3477>: EGL_BAD_ALLOC
I/kickstart(  148): INFO: function: tx_data:346 Transmitting 1548 bytes
I/kickstart(  148): INFO: function: tx_data:367 Total bytes sent so far: 34055
E/libgenlock(  326): perform_lock_unlock_operation: GENLOCK_IOC_DREADLOCK failed (lockType0x1,err=Invalid argument fd=22)
W/Adreno200-EGLSUB(  326): <GetBackBuffer:2121>: genlock_lock_buffer GENLOCK_WRITE_LOCK failed
W/Adreno200-ES20(  326): <gl2_surface_swap:43>: GL_OUT_OF_MEMORY
W/Adreno200-EGL(  326): <qeglDrvAPI_eglSwapBuffers:3477>: EGL_BAD_ALLOC
E/libgenlock(  326): perform_lock_unlock_operation: GENLOCK_IOC_DREADLOCK failed (lockType0x1,err=Invalid argument fd=22)
W/Adreno200-EGLSUB(  326): <GetBackBuffer:2121>: genlock_lock_buffer GENLOCK_WRITE_LOCK failed
W/Adreno200-ES20(  326): <gl2_surface_swap:43>: GL_OUT_OF_MEMORY
W/Adreno200-EGL(  326): <qeglDrvAPI_eglSwapBuffers:3477>: EGL_BAD_ALLOC
E/libgenlock(  326): perform_lock_unlock_operation: GENLOCK_IOC_DREADLOCK failed (lockType0x1,err=Invalid argument fd=22)
W/Adreno200-EGLSUB(  326): <GetBackBuffer:2121>: genlock_lock_buffer GENLOCK_WRITE_LOCK failed
W/Adreno200-ES20(  326): <gl2_surface_swap:43>: GL_OUT_OF_MEMORY
W/Adreno200-EGL(  326): <qeglDrvAPI_eglSwapBuffers:3477>: EGL_BAD_ALLOC
E/libgenlock(  326): perform_lock_unlock_operation: GENLOCK_IOC_DREADLOCK failed (lockType0x1,err=Invalid argument fd=22)
W/Adreno200-EGLSUB(  326): <GetBackBuffer:2121>: genlock_lock_buffer GENLOCK_WRITE_LOCK failed
W/Adreno200-ES20(  326): <gl2_surface_swap:43>: GL_OUT_OF_MEMORY
W/Adreno200-EGL(  326): <qeglDrvAPI_eglSwapBuffers:3477>: EGL_BAD_ALLOC
I/kickstart(  148): INFO: function: tx_data:346 Transmitting 1548 bytes
I/kickstart(  148): INFO: function: tx_data:367 Total bytes sent so far: 35603
E/libgenlock(  326): perform_lock_unlock_operation: GENLOCK_IOC_DREADLOCK failed (lockType0x1,err=Invalid argument fd=22)
W/Adreno200-EGLSUB(  326): <GetBackBuffer:2121>: genlock_lock_buffer GENLOCK_WRITE_LOCK failed
W/Adreno200-ES20(  326): <gl2_surface_swap:43>: GL_OUT_OF_MEMORY
W/Adreno200-EGL(  326): <qeglDrvAPI_eglSwapBuffers:3477>: EGL_BAD_ALLOC
E/libgenlock(  326): perform_lock_unlock_operation: GENLOCK_IOC_DREADLOCK failed (lockType0x1,err=Invalid argument fd=22)
W/Adreno200-EGLSUB(  326): <GetBackBuffer:2121>: genlock_lock_buffer GENLOCK_WRITE_LOCK failed
W/Adreno200-ES20(  326): <gl2_surface_swap:43>: GL_OUT_OF_MEMORY
W/Adreno200-EGL(  326): <qeglDrvAPI_eglSwapBuffers:3477>: EGL_BAD_ALLOC
E/libgenlock(  326): perform_lock_unlock_operation: GENLOCK_IOC_DREADLOCK failed (lockType0x1,err=Invalid argument fd=22)
W/Adreno200-EGLSUB(  326): <GetBackBuffer:2121>: genlock_lock_buffer GENLOCK_WRITE_LOCK failed
W/Adreno200-ES20(  326): <gl2_surface_swap:43>: GL_OUT_OF_MEMORY
W/Adreno200-EGL(  326): <qeglDrvAPI_eglSwapBuffers:3477>: EGL_BAD_ALLOC
D/dalvikvm(  337): DexOpt: load 20ms, verify+opt 291ms, 601812 bytes
I/kickstart(  148): INFO: function: tx_data:346 Transmitting 1559 bytes
I/kickstart(  148): INFO: function: tx_data:367 Total bytes sent so far: 37162
E/libgenlock(  326): perform_lock_unlock_operation: GENLOCK_IOC_DREADLOCK failed (lockType0x1,err=Invalid argument fd=22)
W/Adreno200-EGLSUB(  326): <GetBackBuffer:2121>: genlock_lock_buffer GENLOCK_WRITE_LOCK failed
W/Adreno200-ES20(  326): <gl2_surface_swap:43>: GL_OUT_OF_MEMORY
W/Adreno200-EGL(  326): <qeglDrvAPI_eglSwapBuffers:3477>: EGL_BAD_ALLOC
I/uim-sysfs: (  131): uim: Inside st_uart_config
D/uim-sysfs: (  131): uim: Un-Installed N_TI_WL Line displine
D/uim-sysfs: (  131): uim:cleanup
E/libgenlock(  326): perform_lock_unlock_operation: GENLOCK_IOC_DREADLOCK failed (lockType0x1,err=Invalid argument fd=22)
W/Adreno200-EGLSUB(  326): <GetBackBuffer:2121>: genlock_lock_buffer GENLOCK_WRITE_LOCK failed
W/Adreno200-ES20(  326): <gl2_surface_swap:43>: GL_OUT_OF_MEMORY
W/Adreno200-EGL(  326): <qeglDrvAPI_eglSwapBuffers:3477>: EGL_BAD_ALLOC
E/libgenlock(  326): perform_lock_unlock_operation: GENLOCK_IOC_DREADLOCK failed (lockType0x1,err=Invalid argument fd=22)
W/Adreno200-EGLSUB(  326): <GetBackBuffer:2121>: genlock_lock_buffer GENLOCK_WRITE_LOCK failed
W/Adreno200-ES20(  326): <gl2_surface_swap:43>: GL_OUT_OF_MEMORY
W/Adreno200-EGL(  326): <qeglDrvAPI_eglSwapBuffers:3477>: EGL_BAD_ALLOC
E/libgenlock(  326): perform_lock_unlock_operation: GENLOCK_IOC_DREADLOCK failed (lockType0x1,err=Invalid argument fd=22)
W/Adreno200-EGLSUB(  326): <GetBackBuffer:2121>: genlock_lock_buffer GENLOCK_WRITE_LOCK failed
W/Adreno200-ES20(  326): <gl2_surface_swap:43>: GL_OUT_OF_MEMORY
W/Adreno200-EGL(  326): <qeglDrvAPI_eglSwapBuffers:3477>: EGL_BAD_ALLOC
I/kickstart(  148): INFO: function: tx_data:346 Transmitting 1551 bytes
I/kickstart(  148): INFO: function: tx_data:367 Total bytes sent so far: 38713
D/dalvikvm(  136): DexOpt: --- END 'bouncycastle.jar' (success) ---
D/dalvikvm(  136): DEX prep '/system/framework/bouncycastle.jar': unzip in 24ms, rewrite 568ms
E/libgenlock(  326): perform_lock_unlock_operation: GENLOCK_IOC_DREADLOCK failed (lockType0x1,err=Invalid argument fd=22)
W/Adreno200-EGLSUB(  326): <GetBackBuffer:2121>: genlock_lock_buffer GENLOCK_WRITE_LOCK failed
W/Adreno200-ES20(  326): <gl2_surface_swap:43>: GL_OUT_OF_MEMORY
W/Adreno200-EGL(  326): <qeglDrvAPI_eglSwapBuffers:3477>: EGL_BAD_ALLOC
E/libgenlock(  326): perform_lock_unlock_operation: GENLOCK_IOC_DREADLOCK failed (lockType0x1,err=Invalid argument fd=22)
W/Adreno200-EGLSUB(  326): <GetBackBuffer:2121>: genlock_lock_buffer GENLOCK_WRITE_LOCK failed
W/Adreno200-ES20(  326): <gl2_surface_swap:43>: GL_OUT_OF_MEMORY
W/Adreno200-EGL(  326): <qeglDrvAPI_eglSwapBuffers:3477>: EGL_BAD_ALLOC
D/dalvikvm(  136): DexOpt: --- BEGIN 'ext.jar' (bootstrap=1) ---
E/libgenlock(  326): perform_lock_unlock_operation: GENLOCK_IOC_DREADLOCK failed (lockType0x1,err=Invalid argument fd=22)
W/Adreno200-EGLSUB(  326): <GetBackBuffer:2121>: genlock_lock_buffer GENLOCK_WRITE_LOCK failed
W/Adreno200-ES20(  326): <gl2_surface_swap:43>: GL_OUT_OF_MEMORY
W/Adreno200-EGL(  326): <qeglDrvAPI_eglSwapBuffers:3477>: EGL_BAD_ALLOC
E/libgenlock(  326): perform_lock_unlock_operation: GENLOCK_IOC_DREADLOCK failed (lockType0x1,err=Invalid argument fd=22)
W/Adreno200-EGLSUB(  326): <GetBackBuffer:2121>: genlock_lock_buffer GENLOCK_WRITE_LOCK failed
W/Adreno200-ES20(  326): <gl2_surface_swap:43>: GL_OUT_OF_MEMORY
W/Adreno200-EGL(  326): <qeglDrvAPI_eglSwapBuffers:3477>: EGL_BAD_ALLOC
I/kickstart(  148): INFO: function: tx_data:346 Transmitting 1547 bytes
I/kickstart(  148): INFO: function: tx_data:367 Total bytes sent so far: 40260
E/libgenlock(  326): perform_lock_unlock_operation: GENLOCK_IOC_DREADLOCK failed (lockType0x1,err=Invalid argument fd=22)
W/Adreno200-EGLSUB(  326): <GetBackBuffer:2121>: genlock_lock_buffer GENLOCK_WRITE_LOCK failed
W/Adreno200-ES20(  326): <gl2_surface_swap:43>: GL_OUT_OF_MEMORY
W/Adreno200-EGL(  326): <qeglDrvAPI_eglSwapBuffers:3477>: EGL_BAD_ALLOC
E/libgenlock(  326): perform_lock_unlock_operation: GENLOCK_IOC_DREADLOCK failed (lockType0x1,err=Invalid argument fd=22)
W/Adreno200-EGLSUB(  326): <GetBackBuffer:2121>: genlock_lock_buffer GENLOCK_WRITE_LOCK failed
W/Adreno200-ES20(  326): <gl2_surface_swap:43>: GL_OUT_OF_MEMORY
W/Adreno200-EGL(  326): <qeglDrvAPI_eglSwapBuffers:3477>: EGL_BAD_ALLOC
E/libgenlock(  326): perform_lock_unlock_operation: GENLOCK_IOC_DREADLOCK failed (lockType0x1,err=Invalid argument fd=22)
W/Adreno200-EGLSUB(  326): <GetBackBuffer:2121>: genlock_lock_buffer GENLOCK_WRITE_LOCK failed
W/Adreno200-ES20(  326): <gl2_surface_swap:43>: GL_OUT_OF_MEMORY
W/Adreno200-EGL(  326): <qeglDrvAPI_eglSwapBuffers:3477>: EGL_BAD_ALLOC
E/libgenlock(  326): perform_lock_unlock_operation: GENLOCK_IOC_DREADLOCK failed (lockType0x1,err=Invalid argument fd=22)
W/Adreno200-EGLSUB(  326): <GetBackBuffer:2121>: genlock_lock_buffer GENLOCK_WRITE_LOCK failed
W/Adreno200-ES20(  326): <gl2_surface_swap:43>: GL_OUT_OF_MEMORY
W/Adreno200-EGL(  326): <qeglDrvAPI_eglSwapBuffers:3477>: EGL_BAD_ALLOC
I/kickstart(  148): INFO: function: tx_data:346 Transmitting 939 bytes
I/kickstart(  148): INFO: function: tx_data:367 Total bytes sent so far: 41199
E/libgenlock(  326): perform_lock_unlock_operation: GENLOCK_IOC_DREADLOCK failed (lockType0x1,err=Invalid argument fd=22)
W/Adreno200-EGLSUB(  326): <GetBackBuffer:2121>: genlock_lock_buffer GENLOCK_WRITE_LOCK failed
W/Adreno200-ES20(  326): <gl2_surface_swap:43>: GL_OUT_OF_MEMORY
W/Adreno200-EGL(  326): <qeglDrvAPI_eglSwapBuffers:3477>: EGL_BAD_ALLOC
E/libgenlock(  326): perform_lock_unlock_operation: GENLOCK_IOC_DREADLOCK failed (lockType0x1,err=Invalid argument fd=22)
W/Adreno200-EGLSUB(  326): <GetBackBuffer:2121>: genlock_lock_buffer GENLOCK_WRITE_LOCK failed
W/Adreno200-ES20(  326): <gl2_surface_swap:43>: GL_OUT_OF_MEMORY
W/Adreno200-EGL(  326): <qeglDrvAPI_eglSwapBuffers:3477>: EGL_BAD_ALLOC
E/kickstart(  148): HTC: Total Bytes Uploaded: 40864
I/kickstart(  148): INFO: function: tx_data:346 Transmitting 9 bytes
I/kickstart(  148): INFO: function: tx_data:367 Total bytes sent so far: 41208
E/libgenlock(  326): perform_lock_unlock_operation: GENLOCK_IOC_DREADLOCK failed (lockType0x1,err=Invalid argument fd=22)
W/Adreno200-EGLSUB(  326): <GetBackBuffer:2121>: genlock_lock_buffer GENLOCK_WRITE_LOCK failed
W/Adreno200-ES20(  326): <gl2_surface_swap:43>: GL_OUT_OF_MEMORY
W/Adreno200-EGL(  326): <qeglDrvAPI_eglSwapBuffers:3477>: EGL_BAD_ALLOC
E/libgenlock(  326): perform_lock_unlock_operation: GENLOCK_IOC_DREADLOCK failed (lockType0x1,err=Invalid argument fd=22)
W/Adreno200-EGLSUB(  326): <GetBackBuffer:2121>: genlock_lock_buffer GENLOCK_WRITE_LOCK failed
W/Adreno200-ES20(  326): <gl2_surface_swap:43>: GL_OUT_OF_MEMORY
W/Adreno200-EGL(  326): <qeglDrvAPI_eglSwapBuffers:3477>: EGL_BAD_ALLOC
E/libgenlock(  326): perform_lock_unlock_operation: GENLOCK_IOC_DREADLOCK failed (lockType0x1,err=Invalid argument fd=22)
W/Adreno200-EGLSUB(  326): <GetBackBuffer:2121>: genlock_lock_buffer GENLOCK_WRITE_LOCK failed
W/Adreno200-ES20(  326): <gl2_surface_swap:43>: GL_OUT_OF_MEMORY
W/Adreno200-EGL(  326): <qeglDrvAPI_eglSwapBuffers:3477>: EGL_BAD_ALLOC
E/libgenlock(  326): perform_lock_unlock_operation: GENLOCK_IOC_DREADLOCK failed (lockType0x1,err=Invalid argument fd=22)
W/Adreno200-EGLSUB(  326): <GetBackBuffer:2121>: genlock_lock_buffer GENLOCK_WRITE_LOCK failed
W/Adreno200-ES20(  326): <gl2_surface_swap:43>: GL_OUT_OF_MEMORY
W/Adreno200-EGL(  326): <qeglDrvAPI_eglSwapBuffers:3477>: EGL_BAD_ALLOC
E/libgenlock(  326): perform_lock_unlock_operation: GENLOCK_IOC_DREADLOCK failed (lockType0x1,err=Invalid argument fd=22)
W/Adreno200-EGLSUB(  326): <GetBackBuffer:2121>: genlock_lock_buffer GENLOCK_WRITE_LOCK failed
W/Adreno200-ES20(  326): <gl2_surface_swap:43>: GL_OUT_OF_MEMORY
W/Adreno200-EGL(  326): <qeglDrvAPI_eglSwapBuffers:3477>: EGL_BAD_ALLOC
E/libgenlock(  326): perform_lock_unlock_operation: GENLOCK_IOC_DREADLOCK failed (lockType0x1,err=Invalid argument fd=22)
W/Adreno200-EGLSUB(  326): <GetBackBuffer:2121>: genlock_lock_buffer GENLOCK_WRITE_LOCK failed
W/Adreno200-ES20(  326): <gl2_surface_swap:43>: GL_OUT_OF_MEMORY
W/Adreno200-EGL(  326): <qeglDrvAPI_eglSwapBuffers:3477>: EGL_BAD_ALLOC
E/libgenlock(  326): perform_lock_unlock_operation: GENLOCK_IOC_DREADLOCK failed (lockType0x1,err=Invalid argument fd=22)
W/Adreno200-EGLSUB(  326): <GetBackBuffer:2121>: genlock_lock_buffer GENLOCK_WRITE_LOCK failed
W/Adreno200-ES20(  326): <gl2_surface_swap:43>: GL_OUT_OF_MEMORY
W/Adreno200-EGL(  326): <qeglDrvAPI_eglSwapBuffers:3477>: EGL_BAD_ALLOC
E/kickstart(  148): HTC: Uploaded the Dbl Image - SUCCESS
I/kickstart(  148): INFO: function: disconnect:190 Disconnecting from com port
I/kickstart(  148): INFO: function: disconnect:198 closed successfully
I/kickstart(  148): INFO: function: deinit_com_port:88 free the buffer used for storing rxpayload
I/kickstart(  148): INFO: function: deinit_com_port:95 free tx buffer
I/kickstart(  148): INFO: function: deinit_com_port:102 destroy the input file list <id, file_name>
I/kickstart(  148): INFO: function: destroy_input_file_list:185 destroy the input file list <id, file_name>
E/kickstart(  143): Dload completed successfully
I/kickstart(  143): EFS Prepend
I/kickstart(  143): File:'/vendor/firmware/efs1.mbn' is available for reading
I/kickstart(  143): File:'/vendor/firmware/efs2.mbn' is available for reading
I/kickstart(  143): File:'/dev/block/mmcblk0p27' is available for reading
I/kickstart(  143): File:'/dev/block/mmcblk0p28' is available for reading
I/kickstart(  143): Reading RAW EFS1 partition
E/libgenlock(  326): perform_lock_unlock_operation: GENLOCK_IOC_DREADLOCK failed (lockType0x1,err=Invalid argument fd=22)
W/Adreno200-EGLSUB(  326): <GetBackBuffer:2121>: genlock_lock_buffer GENLOCK_WRITE_LOCK failed
W/Adreno200-ES20(  326): <gl2_surface_swap:43>: GL_OUT_OF_MEMORY
W/Adreno200-EGL(  326): <qeglDrvAPI_eglSwapBuffers:3477>: EGL_BAD_ALLOC
I/kickstart(  143): Combining Header1 with RAW EFS1 partition
I/kickstart(  143): Running cat /vendor/firmware/efs1.mbn /data/qcks/temp.dump > /data/qcks/efs1.bin
D/dalvikvm(  338): DexOpt: load 37ms, verify+opt 526ms, 940124 bytes
I/kickstart(  143): Reading RAW EFS2 partition
E/libgenlock(  326): perform_lock_unlock_operation: GENLOCK_IOC_DREADLOCK failed (lockType0x1,err=Invalid argument fd=22)
W/Adreno200-EGLSUB(  326): <GetBackBuffer:2121>: genlock_lock_buffer GENLOCK_WRITE_LOCK failed
W/Adreno200-ES20(  326): <gl2_surface_swap:43>: GL_OUT_OF_MEMORY
W/Adreno200-EGL(  326): <qeglDrvAPI_eglSwapBuffers:3477>: EGL_BAD_ALLOC
E/libgenlock(  326): perform_lock_unlock_operation: GENLOCK_IOC_DREADLOCK failed (lockType0x1,err=Invalid argument fd=22)
W/Adreno200-EGLSUB(  326): <GetBackBuffer:2121>: genlock_lock_buffer GENLOCK_WRITE_LOCK failed
W/Adreno200-EGL(  326): <qeglDrvAPI_eglSwapBuffers:3477>: EGL_BAD_ALLOC
E/libgenlock(  326): perform_lock_unlock_operation: GENLOCK_IOC_DREADLOCK failed (lockType0x1,err=Invalid argument fd=22)
W/Adreno200-EGLSUB(  326): <GetBackBuffer:2121>: genlock_lock_buffer GENLOCK_WRITE_LOCK failed
W/Adreno200-EGL(  326): <qeglDrvAPI_eglSwapBuffers:3477>: EGL_BAD_ALLOC
E/libgenlock(  326): perform_lock_unlock_operation: GENLOCK_IOC_DREADLOCK failed (lockType0x1,err=Invalid argument fd=22)
W/Adreno200-EGLSUB(  326): <GetBackBuffer:2121>: genlock_lock_buffer GENLOCK_WRITE_LOCK failed
W/Adreno200-EGL(  326): <qeglDrvAPI_eglSwapBuffers:3477>: EGL_BAD_ALLOC
E/libgenlock(  326): perform_lock_unlock_operation: GENLOCK_IOC_DREADLOCK failed (lockType0x1,err=Invalid argument fd=22)
W/Adreno200-EGLSUB(  326): <GetBackBuffer:2121>: genlock_lock_buffer GENLOCK_WRITE_LOCK failed
W/Adreno200-EGL(  326): <qeglDrvAPI_eglSwapBuffers:3477>: EGL_BAD_ALLOC
E/libgenlock(  326): perform_lock_unlock_operation: GENLOCK_IOC_DREADLOCK failed (lockType0x1,err=Invalid argument fd=22)
W/Adreno200-EGLSUB(  326): <GetBackBuffer:2121>: genlock_lock_buffer GENLOCK_WRITE_LOCK failed
W/Adreno200-EGL(  326): <qeglDrvAPI_eglSwapBuffers:3477>: EGL_BAD_ALLOC
E/libgenlock(  326): perform_lock_unlock_operation: GENLOCK_IOC_DREADLOCK failed (lockType0x1,err=Invalid argument fd=22)
W/Adreno200-EGLSUB(  326): <GetBackBuffer:2121>: genlock_lock_buffer GENLOCK_WRITE_LOCK failed
W/Adreno200-EGL(  326): <qeglDrvAPI_eglSwapBuffers:3477>: EGL_BAD_ALLOC
E/libgenlock(  326): perform_lock_unlock_operation: GENLOCK_IOC_DREADLOCK failed (lockType0x1,err=Invalid argument fd=22)
W/Adreno200-EGLSUB(  326): <GetBackBuffer:2121>: genlock_lock_buffer GENLOCK_WRITE_LOCK failed
W/Adreno200-EGL(  326): <qeglDrvAPI_eglSwapBuffers:3477>: EGL_BAD_ALLOC
E/libgenlock(  326): perform_lock_unlock_operation: GENLOCK_IOC_DREADLOCK failed (lockType0x1,err=Invalid argument fd=22)
W/Adreno200-EGLSUB(  326): <GetBackBuffer:2121>: genlock_lock_buffer GENLOCK_WRITE_LOCK failed
W/Adreno200-EGL(  326): <qeglDrvAPI_eglSwapBuffers:3477>: EGL_BAD_ALLOC
E/libgenlock(  326): perform_lock_unlock_operation: GENLOCK_IOC_DREADLOCK failed (lockType0x1,err=Invalid argument fd=22)
W/Adreno200-EGLSUB(  326): <GetBackBuffer:2121>: genlock_lock_buffer GENLOCK_WRITE_LOCK failed
W/Adreno200-EGL(  326): <qeglDrvAPI_eglSwapBuffers:3477>: EGL_BAD_ALLOC
I/kickstart(  143): Combining Header2 with RAW EFS2 partition
I/kickstart(  143): Running cat /vendor/firmware/efs2.mbn /data/qcks/temp.dump > /data/qcks/efs2.bin
E/libgenlock(  326): perform_lock_unlock_operation: GENLOCK_IOC_DREADLOCK failed (lockType0x1,err=Invalid argument fd=22)
W/Adreno200-EGLSUB(  326): <GetBackBuffer:2121>: genlock_lock_buffer GENLOCK_WRITE_LOCK failed
W/Adreno200-EGL(  326): <qeglDrvAPI_eglSwapBuffers:3477>: EGL_BAD_ALLOC
D/dalvikvm(  136): DexOpt: --- END 'ext.jar' (success) ---
D/dalvikvm(  136): DEX prep '/system/framework/ext.jar': unzip in 57ms, rewrite 1098ms
I/kickstart(  143): Reading HTC partition: nvbak
E/libgenlock(  326): perform_lock_unlock_operation: GENLOCK_IOC_DREADLOCK failed (lockType0x1,err=Invalid argument fd=22)
W/Adreno200-EGLSUB(  326): <GetBackBuffer:2121>: genlock_lock_buffer GENLOCK_WRITE_LOCK failed
W/Adreno200-EGL(  326): <qeglDrvAPI_eglSwapBuffers:3477>: EGL_BAD_ALLOC
I/kickstart(  143): Combining Header with HTC RAW partition
I/kickstart(  143): Running cat /vendor/firmware/misc_mdm/image/htcnvbak.mbn /data/qcks/temp.dump > /data/qcks/htcnvbak.bin
I/kickstart(  143): Reading HTC partition: rust
I/kickstart(  143): Combining Header with HTC RAW partition
I/kickstart(  143): Running cat /vendor/firmware/misc_mdm/image/htcrcust.mbn /data/qcks/temp.dump > /data/qcks/htcrcust.bin
I/kickstart(  143): Reading HTC partition: ssmem
E/libgenlock(  326): perform_lock_unlock_operation: GENLOCK_IOC_DREADLOCK failed (lockType0x1,err=Invalid argument fd=22)
W/Adreno200-EGLSUB(  326): <GetBackBuffer:2121>: genlock_lock_buffer GENLOCK_WRITE_LOCK failed
W/Adreno200-EGL(  326): <qeglDrvAPI_eglSwapBuffers:3477>: EGL_BAD_ALLOC
I/kickstart(  143): Combining Header with HTC RAW partition
I/kickstart(  143): Running cat /vendor/firmware/misc_mdm/image/htcssmem.mbn /data/qcks/temp.dump > /data/qcks/htcssmem.bin
I/kickstart(  143): Loading Sahara images
I/kickstart(  143): Testing if port "/dev/tty_sdio_00" exists
E/kickstart(  143): RUNNING:	/system/bin/ks -v  -w /data/tombstones/mdm/ -p /dev/tty_sdio_00 -s 11:/vendor/firmware/osbl.mbn -s 2:/vendor/firmware/amss.mbn -s 8:/vendor/firmware/dsp1.mbn -s 12:/vendor/firmware/dsp2.mbn -s 16:/data/qcks/efs1.bin -s 17:/data/qcks/efs2.bin -s 30:/data/qcks/htcssmem.bin -s 31:/data/qcks/htcnvbak.bin -s 32:/data/qcks/htcrcust.bin
I/kickstart(  346): INFO: function: main:141 
I/kickstart(  346): Parsing 'where to save memorydump' options
I/kickstart(  346): INFO: function: main:144 
I/kickstart(  346): PathToSaveFiles=/data/tombstones/mdm/
I/kickstart(  346): INFO: function: main:111 
I/kickstart(  346): port_name=/dev/tty_sdio_00
I/kickstart(  346): EVENT: STATE <-- SAHARA_WAIT_HELLO
I/kickstart(  346): INFO: function: rx_data:386 Entered rx_data. Buffer size (i.e. expected length): 48
I/kickstart(  346): INFO: function: rx_data:485 Total bytes received so far: 48
E/kickstart(  346): HTC: RECEIVED <-- SAHARA_HELLO
E/kickstart(  346): HTC: SENDING --> SAHARA_HELLO_RESPONSE
E/kickstart(  346): HTC: 	sahara_mode                         = 4
E/kickstart(  346): HTC: 	m_comm->sahara_hello_packet_rx.mode = 0
E/kickstart(  346): HTC: 	helloRx.mode                        = 0
I/kickstart(  346): INFO: function: tx_data:346 Transmitting 48 bytes
I/kickstart(  346): INFO: function: tx_data:367 Total bytes sent so far: 48
E/libgenlock(  326): perform_lock_unlock_operation: GENLOCK_IOC_DREADLOCK failed (lockType0x1,err=Invalid argument fd=22)
W/Adreno200-EGLSUB(  326): <GetBackBuffer:2121>: genlock_lock_buffer GENLOCK_WRITE_LOCK failed
W/Adreno200-EGL(  326): <qeglDrvAPI_eglSwapBuffers:3477>: EGL_BAD_ALLOC
I/kickstart(  346): INFO: function: rx_data:386 Entered rx_data. Buffer size (i.e. expected length): 20
I/kickstart(  346): INFO: function: rx_data:425 Expected length changed to 20
I/kickstart(  346): INFO: function: rx_data:485 Total bytes received so far: 68
I/kickstart(  346): INFO: function: start_sahara_based_transfer:257 STATE <-- SAHARA_WAIT_COMMAND
E/kickstart(  346): HTC: RECEIVED <-- SAHARA_READ_DATA
E/kickstart(  346): HTC: Requested "/vendor/firmware/osbl.mbn"
E/kickstart(  346): HTC: Uploading file: /vendor/firmware/osbl.mbn
I/kickstart(  346): INFO: function: start_image_transfer:899 start_image_transfer: 
I/kickstart(  346): INFO: function: tx_data:346 Transmitting 40 bytes
I/kickstart(  346): INFO: function: tx_data:367 Total bytes sent so far: 88
I/kickstart(  346): INFO: function: start_image_transfer:939 Calculating throughput for chunk..
I/kickstart(  346): INFO: function: time_throughput_calculate:1219 Throughput = 160000.000000
I/kickstart(  346): INFO: function: rx_data:386 Entered rx_data. Buffer size (i.e. expected length): 20
I/kickstart(  346): INFO: function: rx_data:425 Expected length changed to 20
I/kickstart(  346): INFO: function: rx_data:485 Total bytes received so far: 88
I/kickstart(  346): INFO: function: start_sahara_based_transfer:257 STATE <-- SAHARA_WAIT_COMMAND
E/kickstart(  346): HTC: RECEIVED <-- SAHARA_READ_DATA
I/kickstart(  346): INFO: function: start_image_transfer:899 start_image_transfer: 
I/kickstart(  346): INFO: function: tx_data:346 Transmitting 312352 bytes
E/libgenlock(  326): perform_lock_unlock_operation: GENLOCK_IOC_DREADLOCK failed (lockType0x1,err=Invalid argument fd=22)
W/Adreno200-EGLSUB(  326): <GetBackBuffer:2121>: genlock_lock_buffer GENLOCK_WRITE_LOCK failed
W/Adreno200-EGL(  326): <qeglDrvAPI_eglSwapBuffers:3477>: EGL_BAD_ALLOC
I/kickstart(  346): INFO: function: tx_data:367 Total bytes sent so far: 312440
I/kickstart(  346): INFO: function: start_image_transfer:939 Calculating throughput for chunk..
I/kickstart(  346): INFO: function: time_throughput_calculate:1219 Throughput = 67535567.567568
E/QC-DIAG_LSM(  144): 
E/QC-DIAG_LSM(  144):  Diag_LSM: Diag_LSM_Init: Failed to open handle to diag driver, error = 2
I/kickstart(  346): INFO: function: rx_data:386 Entered rx_data. Buffer size (i.e. expected length): 20
I/kickstart(  346): INFO: function: rx_data:425 Expected length changed to 16
I/kickstart(  346): INFO: function: rx_data:485 Total bytes received so far: 104
I/kickstart(  346): INFO: function: start_sahara_based_transfer:257 STATE <-- SAHARA_WAIT_COMMAND
E/kickstart(  346): HTC: RECEIVED <-- SAHARA_END_IMAGE_TX
I/kickstart(  346): INFO: function: is_ack_successful:693 SAHARA_STATUS_SUCCESS
E/kickstart(  346): HTC: SENDING --> SAHARA_DONE
I/kickstart(  346): INFO: function: tx_data:346 Transmitting 8 bytes
I/kickstart(  346): INFO: function: tx_data:367 Total bytes sent so far: 312448
E/libgenlock(  326): perform_lock_unlock_operation: GENLOCK_IOC_DREADLOCK failed (lockType0x1,err=Invalid argument fd=22)
W/Adreno200-EGLSUB(  326): <GetBackBuffer:2121>: genlock_lock_buffer GENLOCK_WRITE_LOCK failed
W/Adreno200-EGL(  326): <qeglDrvAPI_eglSwapBuffers:3477>: EGL_BAD_ALLOC
I/kickstart(  346): INFO: function: start_sahara_based_transfer:566 SAHARA_WAIT_DONE_RESP recieved with SAHARA_MODE_IMAGE_TX_PENDING=0x00000000
I/kickstart(  346): INFO: function: rx_data:386 Entered rx_data. Buffer size (i.e. expected length): 12
I/kickstart(  346): INFO: function: rx_data:485 Total bytes received so far: 116
E/kickstart(  346): HTC: STATE <-- SAHARA_WAIT_DONE_RESP
E/kickstart(  346): HTC: Still More images to be uploaded, entering Hello wait state
I/kickstart(  346): EVENT: STATE <-- SAHARA_WAIT_HELLO
E/libgenlock(  326): perform_lock_unlock_operation: GENLOCK_IOC_DREADLOCK failed (lockType0x1,err=Invalid argument fd=22)
W/Adreno200-EGLSUB(  326): <GetBackBuffer:2121>: genlock_lock_buffer GENLOCK_WRITE_LOCK failed
W/Adreno200-EGL(  326): <qeglDrvAPI_eglSwapBuffers:3477>: EGL_BAD_ALLOC
E/libgenlock(  326): perform_lock_unlock_operation: GENLOCK_IOC_DREADLOCK failed (lockType0x1,err=Invalid argument fd=22)
W/Adreno200-EGLSUB(  326): <GetBackBuffer:2121>: genlock_lock_buffer GENLOCK_WRITE_LOCK failed
W/Adreno200-EGL(  326): <qeglDrvAPI_eglSwapBuffers:3477>: EGL_BAD_ALLOC
E/libgenlock(  326): perform_lock_unlock_operation: GENLOCK_IOC_DREADLOCK failed (lockType0x1,err=Invalid argument fd=22)
W/Adreno200-EGLSUB(  326): <GetBackBuffer:2121>: genlock_lock_buffer GENLOCK_WRITE_LOCK failed
W/Adreno200-EGL(  326): <qeglDrvAPI_eglSwapBuffers:3477>: EGL_BAD_ALLOC
D/dalvikvm(  136): DexOpt: --- BEGIN 'framework.jar' (bootstrap=1) ---
E/libgenlock(  326): perform_lock_unlock_operation: GENLOCK_IOC_DREADLOCK failed (lockType0x1,err=Invalid argument fd=22)
W/Adreno200-EGLSUB(  326): <GetBackBuffer:2121>: genlock_lock_buffer GENLOCK_WRITE_LOCK failed
W/Adreno200-EGL(  326): <qeglDrvAPI_eglSwapBuffers:3477>: EGL_BAD_ALLOC
E/libgenlock(  326): perform_lock_unlock_operation: GENLOCK_IOC_DREADLOCK failed (lockType0x1,err=Invalid argument fd=22)
W/Adreno200-EGLSUB(  326): <GetBackBuffer:2121>: genlock_lock_buffer GENLOCK_WRITE_LOCK failed
W/Adreno200-EGL(  326): <qeglDrvAPI_eglSwapBuffers:3477>: EGL_BAD_ALLOC
E/libgenlock(  326): perform_lock_unlock_operation: GENLOCK_IOC_DREADLOCK failed (lockType0x1,err=Invalid argument fd=22)
W/Adreno200-EGLSUB(  326): <GetBackBuffer:2121>: genlock_lock_buffer GENLOCK_WRITE_LOCK failed
W/Adreno200-EGL(  326): <qeglDrvAPI_eglSwapBuffers:3477>: EGL_BAD_ALLOC
E/libgenlock(  326): perform_lock_unlock_operation: GENLOCK_IOC_DREADLOCK failed (lockType0x1,err=Invalid argument fd=22)
W/Adreno200-EGLSUB(  326): <GetBackBuffer:2121>: genlock_lock_buffer GENLOCK_WRITE_LOCK failed
W/Adreno200-EGL(  326): <qeglDrvAPI_eglSwapBuffers:3477>: EGL_BAD_ALLOC
I/kickstart(  346): INFO: function: rx_data:386 Entered rx_data. Buffer size (i.e. expected length): 48
I/kickstart(  346): INFO: function: rx_data:485 Total bytes received so far: 164
E/kickstart(  346): HTC: RECEIVED <-- SAHARA_HELLO
E/kickstart(  346): HTC: SENDING --> SAHARA_HELLO_RESPONSE
E/kickstart(  346): HTC: 	sahara_mode                         = 4
E/kickstart(  346): HTC: 	m_comm->sahara_hello_packet_rx.mode = 0
E/kickstart(  346): HTC: 	helloRx.mode                        = 0
I/kickstart(  346): INFO: function: tx_data:346 Transmitting 48 bytes
I/kickstart(  346): INFO: function: tx_data:367 Total bytes sent so far: 312496
E/libgenlock(  326): perform_lock_unlock_operation: GENLOCK_IOC_DREADLOCK failed (lockType0x1,err=Invalid argument fd=22)
W/Adreno200-EGLSUB(  326): <GetBackBuffer:2121>: genlock_lock_buffer GENLOCK_WRITE_LOCK failed
W/Adreno200-EGL(  326): <qeglDrvAPI_eglSwapBuffers:3477>: EGL_BAD_ALLOC
I/kickstart(  346): INFO: function: rx_data:386 Entered rx_data. Buffer size (i.e. expected length): 20
I/kickstart(  346): INFO: function: rx_data:425 Expected length changed to 20
I/kickstart(  346): INFO: function: rx_data:485 Total bytes received so far: 184
I/kickstart(  346): INFO: function: start_sahara_based_transfer:257 STATE <-- SAHARA_WAIT_COMMAND
E/kickstart(  346): HTC: RECEIVED <-- SAHARA_READ_DATA
E/kickstart(  346): HTC: Requested "/data/qcks/htcssmem.bin"
E/kickstart(  346): HTC: Uploading file: /data/qcks/htcssmem.bin
I/kickstart(  346): INFO: function: start_image_transfer:899 start_image_transfer: 
I/kickstart(  346): INFO: function: tx_data:346 Transmitting 40 bytes
I/kickstart(  346): INFO: function: tx_data:367 Total bytes sent so far: 312536
I/kickstart(  346): INFO: function: start_image_transfer:939 Calculating throughput for chunk..
I/kickstart(  346): INFO: function: time_throughput_calculate:1219 Throughput = Inf
I/kickstart(  346): INFO: function: rx_data:386 Entered rx_data. Buffer size (i.e. expected length): 20
I/kickstart(  346): INFO: function: rx_data:425 Expected length changed to 20
I/kickstart(  346): INFO: function: rx_data:485 Total bytes received so far: 204
I/kickstart(  346): INFO: function: start_sahara_based_transfer:257 STATE <-- SAHARA_WAIT_COMMAND
E/kickstart(  346): HTC: RECEIVED <-- SAHARA_READ_DATA
I/kickstart(  346): INFO: function: start_image_transfer:899 start_image_transfer: 
I/kickstart(  346): INFO: function: tx_data:346 Transmitting 65536 bytes
I/kickstart(  346): INFO: function: tx_data:367 Total bytes sent so far: 378072
I/kickstart(  346): INFO: function: start_image_transfer:939 Calculating throughput for chunk..
I/kickstart(  346): INFO: function: time_throughput_calculate:1219 Throughput = 65536000.000000
I/kickstart(  346): INFO: function: rx_data:386 Entered rx_data. Buffer size (i.e. expected length): 20
I/kickstart(  346): INFO: function: rx_data:425 Expected length changed to 16
I/kickstart(  346): INFO: function: rx_data:485 Total bytes received so far: 220
I/kickstart(  346): INFO: function: start_sahara_based_transfer:257 STATE <-- SAHARA_WAIT_COMMAND
E/kickstart(  346): HTC: RECEIVED <-- SAHARA_END_IMAGE_TX
I/kickstart(  346): INFO: function: is_ack_successful:693 SAHARA_STATUS_SUCCESS
E/kickstart(  346): HTC: SENDING --> SAHARA_DONE
I/kickstart(  346): INFO: function: tx_data:346 Transmitting 8 bytes
I/kickstart(  346): INFO: function: tx_data:367 Total bytes sent so far: 378080
I/kickstart(  346): INFO: function: start_sahara_based_transfer:566 SAHARA_WAIT_DONE_RESP recieved with SAHARA_MODE_IMAGE_TX_PENDING=0x00000000
I/kickstart(  346): INFO: function: rx_data:386 Entered rx_data. Buffer size (i.e. expected length): 12
I/kickstart(  346): INFO: function: rx_data:485 Total bytes received so far: 232
E/kickstart(  346): HTC: STATE <-- SAHARA_WAIT_DONE_RESP
E/kickstart(  346): HTC: Still More images to be uploaded, entering Hello wait state
I/kickstart(  346): EVENT: STATE <-- SAHARA_WAIT_HELLO
I/kickstart(  346): INFO: function: rx_data:386 Entered rx_data. Buffer size (i.e. expected length): 48
I/kickstart(  346): INFO: function: rx_data:485 Total bytes received so far: 280
E/kickstart(  346): HTC: RECEIVED <-- SAHARA_HELLO
E/kickstart(  346): HTC: SENDING --> SAHARA_HELLO_RESPONSE
E/kickstart(  346): HTC: 	sahara_mode                         = 4
E/kickstart(  346): HTC: 	m_comm->sahara_hello_packet_rx.mode = 0
E/kickstart(  346): HTC: 	helloRx.mode                        = 0
I/kickstart(  346): INFO: function: tx_data:346 Transmitting 48 bytes
I/kickstart(  346): INFO: function: tx_data:367 Total bytes sent so far: 378128
I/kickstart(  346): INFO: function: rx_data:386 Entered rx_data. Buffer size (i.e. expected length): 20
I/kickstart(  346): INFO: function: rx_data:425 Expected length changed to 20
I/kickstart(  346): INFO: function: rx_data:485 Total bytes received so far: 300
I/kickstart(  346): INFO: function: start_sahara_based_transfer:257 STATE <-- SAHARA_WAIT_COMMAND
E/kickstart(  346): HTC: RECEIVED <-- SAHARA_READ_DATA
E/kickstart(  346): HTC: Requested "/vendor/firmware/amss.mbn"
E/kickstart(  346): HTC: Uploading file: /vendor/firmware/amss.mbn
I/kickstart(  346): INFO: function: start_image_transfer:899 start_image_transfer: 
I/kickstart(  346): INFO: function: tx_data:346 Transmitting 52 bytes
I/kickstart(  346): INFO: function: tx_data:367 Total bytes sent so far: 378180
I/kickstart(  346): INFO: function: start_image_transfer:939 Calculating throughput for chunk..
I/kickstart(  346): INFO: function: time_throughput_calculate:1219 Throughput = Inf
I/kickstart(  346): INFO: function: rx_data:386 Entered rx_data. Buffer size (i.e. expected length): 20
I/kickstart(  346): INFO: function: rx_data:425 Expected length changed to 20
I/kickstart(  346): INFO: function: rx_data:485 Total bytes received so far: 320
I/kickstart(  346): INFO: function: start_sahara_based_transfer:257 STATE <-- SAHARA_WAIT_COMMAND
E/kickstart(  346): HTC: RECEIVED <-- SAHARA_READ_DATA
I/kickstart(  346): INFO: function: start_image_transfer:899 start_image_transfer: 
I/kickstart(  346): INFO: function: tx_data:346 Transmitting 288 bytes
I/kickstart(  346): INFO: function: tx_data:367 Total bytes sent so far: 378468
I/kickstart(  346): INFO: function: start_image_transfer:939 Calculating throughput for chunk..
I/kickstart(  346): INFO: function: time_throughput_calculate:1219 Throughput = Inf
I/kickstart(  346): INFO: function: rx_data:386 Entered rx_data. Buffer size (i.e. expected length): 20
I/kickstart(  346): INFO: function: rx_data:425 Expected length changed to 20
I/kickstart(  346): INFO: function: rx_data:485 Total bytes received so far: 340
I/kickstart(  346): INFO: function: start_sahara_based_transfer:257 STATE <-- SAHARA_WAIT_COMMAND
E/kickstart(  346): HTC: RECEIVED <-- SAHARA_READ_DATA
I/kickstart(  346): INFO: function: start_image_transfer:899 start_image_transfer: 
I/kickstart(  346): INFO: function: tx_data:346 Transmitting 6620 bytes
I/kickstart(  346): INFO: function: tx_data:367 Total bytes sent so far: 385088
I/kickstart(  346): INFO: function: start_image_transfer:939 Calculating throughput for chunk..
I/kickstart(  346): INFO: function: time_throughput_calculate:1219 Throughput = Inf
I/kickstart(  346): INFO: function: rx_data:386 Entered rx_data. Buffer size (i.e. expected length): 20
I/kickstart(  346): INFO: function: rx_data:425 Expected length changed to 20
I/kickstart(  346): INFO: function: rx_data:485 Total bytes received so far: 360
I/kickstart(  346): INFO: function: start_sahara_based_transfer:257 STATE <-- SAHARA_WAIT_COMMAND
E/kickstart(  346): HTC: RECEIVED <-- SAHARA_READ_DATA
I/kickstart(  346): INFO: function: start_image_transfer:899 start_image_transfer: 
E/libgenlock(  326): perform_lock_unlock_operation: GENLOCK_IOC_DREADLOCK failed (lockType0x1,err=Invalid argument fd=22)
W/Adreno200-EGLSUB(  326): <GetBackBuffer:2121>: genlock_lock_buffer GENLOCK_WRITE_LOCK failed
W/Adreno200-EGL(  326): <qeglDrvAPI_eglSwapBuffers:3477>: EGL_BAD_ALLOC
I/kickstart(  346): INFO: function: tx_data:346 Transmitting 117388 bytes
I/kickstart(  346): INFO: function: tx_data:367 Total bytes sent so far: 502476
I/kickstart(  346): INFO: function: start_image_transfer:939 Calculating throughput for chunk..
I/kickstart(  346): INFO: function: time_throughput_calculate:1219 Throughput = 156517333.333333
I/kickstart(  346): INFO: function: rx_data:386 Entered rx_data. Buffer size (i.e. expected length): 20
I/kickstart(  346): INFO: function: rx_data:425 Expected length changed to 20
I/kickstart(  346): INFO: function: rx_data:485 Total bytes received so far: 380
I/kickstart(  346): INFO: function: start_sahara_based_transfer:257 STATE <-- SAHARA_WAIT_COMMAND
E/kickstart(  346): HTC: RECEIVED <-- SAHARA_READ_DATA
I/kickstart(  346): INFO: function: start_image_transfer:899 start_image_transfer: 
I/kickstart(  346): INFO: function: tx_data:346 Transmitting 24576 bytes
I/kickstart(  346): INFO: function: tx_data:367 Total bytes sent so far: 527052
I/kickstart(  346): INFO: function: start_image_transfer:939 Calculating throughput for chunk..
I/kickstart(  346): INFO: function: time_throughput_calculate:1219 Throughput = 65536000.000000
I/kickstart(  346): INFO: function: rx_data:386 Entered rx_data. Buffer size (i.e. expected length): 20
I/kickstart(  346): INFO: function: rx_data:425 Expected length changed to 20
I/kickstart(  346): INFO: function: rx_data:485 Total bytes received so far: 400
I/kickstart(  346): INFO: function: start_sahara_based_transfer:257 STATE <-- SAHARA_WAIT_COMMAND
E/kickstart(  346): HTC: RECEIVED <-- SAHARA_READ_DATA
I/kickstart(  346): INFO: function: start_image_transfer:899 start_image_transfer: 
I/kickstart(  346): INFO: function: tx_data:333 Size was 87751, adding 1 bytes of padding
I/kickstart(  346): INFO: function: tx_data:346 Transmitting 87752 bytes
I/kickstart(  346): INFO: function: tx_data:367 Total bytes sent so far: 614804
I/kickstart(  346): INFO: function: start_image_transfer:939 Calculating throughput for chunk..
I/kickstart(  346): INFO: function: time_throughput_calculate:1219 Throughput = 78000888.888889
E/libgenlock(  326): perform_lock_unlock_operation: GENLOCK_IOC_DREADLOCK failed (lockType0x1,err=Invalid argument fd=22)
W/Adreno200-EGLSUB(  326): <GetBackBuffer:2121>: genlock_lock_buffer GENLOCK_WRITE_LOCK failed
W/Adreno200-EGL(  326): <qeglDrvAPI_eglSwapBuffers:3477>: EGL_BAD_ALLOC
I/kickstart(  346): INFO: function: rx_data:386 Entered rx_data. Buffer size (i.e. expected length): 20
I/kickstart(  346): INFO: function: rx_data:425 Expected length changed to 20
I/kickstart(  346): INFO: function: rx_data:485 Total bytes received so far: 420
I/kickstart(  346): INFO: function: start_sahara_based_transfer:257 STATE <-- SAHARA_WAIT_COMMAND
E/kickstart(  346): HTC: RECEIVED <-- SAHARA_READ_DATA
I/kickstart(  346): INFO: function: start_image_transfer:899 start_image_transfer: 
I/kickstart(  346): INFO: function: tx_data:346 Transmitting 392 bytes
I/kickstart(  346): INFO: function: tx_data:367 Total bytes sent so far: 615196
I/kickstart(  346): INFO: function: start_image_transfer:939 Calculating throughput for chunk..
I/kickstart(  346): INFO: function: time_throughput_calculate:1219 Throughput = 3136000.000000
I/kickstart(  346): INFO: function: rx_data:386 Entered rx_data. Buffer size (i.e. expected length): 20
I/kickstart(  346): INFO: function: rx_data:425 Expected length changed to 20
I/kickstart(  346): INFO: function: rx_data:485 Total bytes received so far: 440
I/kickstart(  346): INFO: function: start_sahara_based_transfer:257 STATE <-- SAHARA_WAIT_COMMAND
E/kickstart(  346): HTC: RECEIVED <-- SAHARA_READ_DATA
I/kickstart(  346): INFO: function: start_image_transfer:899 start_image_transfer: 
E/libgenlock(  326): perform_lock_unlock_operation: GENLOCK_IOC_DREADLOCK failed (lockType0x1,err=Invalid argument fd=22)
W/Adreno200-EGLSUB(  326): <GetBackBuffer:2121>: genlock_lock_buffer GENLOCK_WRITE_LOCK failed
W/Adreno200-EGL(  326): <qeglDrvAPI_eglSwapBuffers:3477>: EGL_BAD_ALLOC
I/kickstart(  346): INFO: function: tx_data:346 Transmitting 968968 bytes
E/libgenlock(  326): perform_lock_unlock_operation: GENLOCK_IOC_DREADLOCK failed (lockType0x1,err=Invalid argument fd=22)
W/Adreno200-EGLSUB(  326): <GetBackBuffer:2121>: genlock_lock_buffer GENLOCK_WRITE_LOCK failed
W/Adreno200-EGL(  326): <qeglDrvAPI_eglSwapBuffers:3477>: EGL_BAD_ALLOC
I/kickstart(  346): INFO: function: tx_data:367 Total bytes sent so far: 1584164
I/kickstart(  346): INFO: function: start_image_transfer:939 Calculating throughput for chunk..
I/kickstart(  346): INFO: function: time_throughput_calculate:1219 Throughput = 113996235.294118
I/kickstart(  346): INFO: function: rx_data:386 Entered rx_data. Buffer size (i.e. expected length): 20
E/libgenlock(  326): perform_lock_unlock_operation: GENLOCK_IOC_DREADLOCK failed (lockType0x1,err=Invalid argument fd=22)
W/Adreno200-EGLSUB(  326): <GetBackBuffer:2121>: genlock_lock_buffer GENLOCK_WRITE_LOCK failed
W/Adreno200-EGL(  326): <qeglDrvAPI_eglSwapBuffers:3477>: EGL_BAD_ALLOC
I/kickstart(  346): INFO: function: rx_data:425 Expected length changed to 20
I/kickstart(  346): INFO: function: rx_data:485 Total bytes received so far: 460
I/kickstart(  346): INFO: function: start_sahara_based_transfer:257 STATE <-- SAHARA_WAIT_COMMAND
E/kickstart(  346): HTC: RECEIVED <-- SAHARA_READ_DATA
I/kickstart(  346): INFO: function: start_image_transfer:899 start_image_transfer: 
I/kickstart(  346): INFO: function: tx_data:346 Transmitting 2556 bytes
I/kickstart(  346): INFO: function: tx_data:367 Total bytes sent so far: 1586720
I/kickstart(  346): INFO: function: start_image_transfer:939 Calculating throughput for chunk..
I/kickstart(  346): INFO: function: time_throughput_calculate:1219 Throughput = 20448000.000000
I/kickstart(  346): INFO: function: rx_data:386 Entered rx_data. Buffer size (i.e. expected length): 20
I/kickstart(  346): INFO: function: rx_data:425 Expected length changed to 20
I/kickstart(  346): INFO: function: rx_data:485 Total bytes received so far: 480
I/kickstart(  346): INFO: function: start_sahara_based_transfer:257 STATE <-- SAHARA_WAIT_COMMAND
E/kickstart(  346): HTC: RECEIVED <-- SAHARA_READ_DATA
I/kickstart(  346): INFO: function: start_image_transfer:899 start_image_transfer: 
I/kickstart(  346): INFO: function: tx_data:346 Transmitting 36864 bytes
I/kickstart(  346): INFO: function: tx_data:367 Total bytes sent so far: 1623584
I/kickstart(  346): INFO: function: start_image_transfer:939 Calculating throughput for chunk..
I/kickstart(  346): INFO: function: time_throughput_calculate:1219 Throughput = 294912000.000000
I/kickstart(  346): INFO: function: rx_data:386 Entered rx_data. Buffer size (i.e. expected length): 20
I/kickstart(  346): INFO: function: rx_data:425 Expected length changed to 16
I/kickstart(  346): INFO: function: rx_data:485 Total bytes received so far: 496
I/kickstart(  346): INFO: function: start_sahara_based_transfer:257 STATE <-- SAHARA_WAIT_COMMAND
E/kickstart(  346): HTC: RECEIVED <-- SAHARA_END_IMAGE_TX
I/kickstart(  346): INFO: function: is_ack_successful:693 SAHARA_STATUS_SUCCESS
E/kickstart(  346): HTC: SENDING --> SAHARA_DONE
I/kickstart(  346): INFO: function: tx_data:346 Transmitting 8 bytes
I/kickstart(  346): INFO: function: tx_data:367 Total bytes sent so far: 1623592
I/kickstart(  346): INFO: function: start_sahara_based_transfer:566 SAHARA_WAIT_DONE_RESP recieved with SAHARA_MODE_IMAGE_TX_PENDING=0x00000000
I/kickstart(  346): INFO: function: rx_data:386 Entered rx_data. Buffer size (i.e. expected length): 12
I/kickstart(  346): INFO: function: rx_data:485 Total bytes received so far: 508
E/kickstart(  346): HTC: STATE <-- SAHARA_WAIT_DONE_RESP
E/kickstart(  346): HTC: Still More images to be uploaded, entering Hello wait state
I/kickstart(  346): EVENT: STATE <-- SAHARA_WAIT_HELLO
I/kickstart(  346): INFO: function: rx_data:386 Entered rx_data. Buffer size (i.e. expected length): 48
I/kickstart(  346): INFO: function: rx_data:485 Total bytes received so far: 556
E/kickstart(  346): HTC: RECEIVED <-- SAHARA_HELLO
E/kickstart(  346): HTC: SENDING --> SAHARA_HELLO_RESPONSE
E/kickstart(  346): HTC: 	sahara_mode                         = 4
E/kickstart(  346): HTC: 	m_comm->sahara_hello_packet_rx.mode = 0
E/kickstart(  346): HTC: 	helloRx.mode                        = 0
I/kickstart(  346): INFO: function: tx_data:346 Transmitting 48 bytes
I/kickstart(  346): INFO: function: tx_data:367 Total bytes sent so far: 1623640
I/kickstart(  346): INFO: function: rx_data:386 Entered rx_data. Buffer size (i.e. expected length): 20
I/kickstart(  346): INFO: function: rx_data:425 Expected length changed to 20
I/kickstart(  346): INFO: function: rx_data:485 Total bytes received so far: 576
I/kickstart(  346): INFO: function: start_sahara_based_transfer:257 STATE <-- SAHARA_WAIT_COMMAND
E/kickstart(  346): HTC: RECEIVED <-- SAHARA_READ_DATA
E/kickstart(  346): HTC: Requested "/vendor/firmware/dsp1.mbn"
E/kickstart(  346): HTC: Uploading file: /vendor/firmware/dsp1.mbn
I/kickstart(  346): INFO: function: start_image_transfer:899 start_image_transfer: 
I/kickstart(  346): INFO: function: tx_data:346 Transmitting 52 bytes
I/kickstart(  346): INFO: function: tx_data:367 Total bytes sent so far: 1623692
I/kickstart(  346): INFO: function: start_image_transfer:939 Calculating throughput for chunk..
I/kickstart(  346): INFO: function: time_throughput_calculate:1219 Throughput = Inf
I/kickstart(  346): INFO: function: rx_data:386 Entered rx_data. Buffer size (i.e. expected length): 20
I/kickstart(  346): INFO: function: rx_data:425 Expected length changed to 20
I/kickstart(  346): INFO: function: rx_data:485 Total bytes received so far: 596
I/kickstart(  346): INFO: function: start_sahara_based_transfer:257 STATE <-- SAHARA_WAIT_COMMAND
E/kickstart(  346): HTC: RECEIVED <-- SAHARA_READ_DATA
I/kickstart(  346): INFO: function: start_image_transfer:899 start_image_transfer: 
I/kickstart(  346): INFO: function: tx_data:346 Transmitting 352 bytes
I/kickstart(  346): INFO: function: tx_data:367 Total bytes sent so far: 1624044
I/kickstart(  346): INFO: function: start_image_transfer:939 Calculating throughput for chunk..
I/kickstart(  346): INFO: function: time_throughput_calculate:1219 Throughput = Inf
I/kickstart(  346): INFO: function: rx_data:386 Entered rx_data. Buffer size (i.e. expected length): 20
I/kickstart(  346): INFO: function: rx_data:425 Expected length changed to 20
I/kickstart(  346): INFO: function: rx_data:485 Total bytes received so far: 616
I/kickstart(  346): INFO: function: start_sahara_based_transfer:257 STATE <-- SAHARA_WAIT_COMMAND
