W/Adreno200-EGLSUB(  326): <GetBackBuffer:2121>: genlock_lock_buffer GENLOCK_WRITE_LOCK failed
W/Adreno200-EGL(  326): <qeglDrvAPI_eglSwapBuffers:3477>: EGL_BAD_ALLOC
E/libgenlock(  326): perform_lock_unlock_operation: GENLOCK_IOC_DREADLOCK failed (lockType0x1,err=Invalid argument fd=22)
W/Adreno200-EGLSUB(  326): <GetBackBuffer:2121>: genlock_lock_buffer GENLOCK_WRITE_LOCK failed
D/dalvikvm(  136): DexOpt: --- END 'framework2.jar' (success) ---
W/Adreno200-EGL(  326): <qeglDrvAPI_eglSwapBuffers:3477>: EGL_BAD_ALLOC
D/dalvikvm(  136): DEX prep '/system/framework/framework2.jar': unzip in 27ms, rewrite 487ms
D/dalvikvm(  136): DexOpt: --- BEGIN 'android.policy.jar' (bootstrap=1) ---
E/libgenlock(  326): perform_lock_unlock_operation: GENLOCK_IOC_DREADLOCK failed (lockType0x1,err=Invalid argument fd=22)
W/Adreno200-EGLSUB(  326): <GetBackBuffer:2121>: genlock_lock_buffer GENLOCK_WRITE_LOCK failed
W/Adreno200-EGL(  326): <qeglDrvAPI_eglSwapBuffers:3477>: EGL_BAD_ALLOC
E/libgenlock(  326): perform_lock_unlock_operation: GENLOCK_IOC_DREADLOCK failed (lockType0x1,err=Invalid argument fd=22)
W/Adreno200-EGLSUB(  326): <GetBackBuffer:2121>: genlock_lock_buffer GENLOCK_WRITE_LOCK failed
W/Adreno200-EGL(  326): <qeglDrvAPI_eglSwapBuffers:3477>: EGL_BAD_ALLOC
E/libgenlock(  326): perform_lock_unlock_operation: GENLOCK_IOC_DREADLOCK failed (lockType0x1,err=Invalid argument fd=22)
W/Adreno200-EGLSUB(  326): <GetBackBuffer:2121>: genlock_lock_buffer GENLOCK_WRITE_LOCK failed
W/Adreno200-EGL(  326): <qeglDrvAPI_eglSwapBuffers:3477>: EGL_BAD_ALLOC
E/libgenlock(  326): perform_lock_unlock_operation: GENLOCK_IOC_DREADLOCK failed (lockType0x1,err=Invalid argument fd=22)
W/Adreno200-EGLSUB(  326): <GetBackBuffer:2121>: genlock_lock_buffer GENLOCK_WRITE_LOCK failed
W/Adreno200-EGL(  326): <qeglDrvAPI_eglSwapBuffers:3477>: EGL_BAD_ALLOC
E/libgenlock(  326): perform_lock_unlock_operation: GENLOCK_IOC_DREADLOCK failed (lockType0x1,err=Invalid argument fd=22)
W/Adreno200-EGLSUB(  326): <GetBackBuffer:2121>: genlock_lock_buffer GENLOCK_WRITE_LOCK failed
W/Adreno200-EGL(  326): <qeglDrvAPI_eglSwapBuffers:3477>: EGL_BAD_ALLOC
E/libgenlock(  326): perform_lock_unlock_operation: GENLOCK_IOC_DREADLOCK failed (lockType0x1,err=Invalid argument fd=22)
W/Adreno200-EGLSUB(  326): <GetBackBuffer:2121>: genlock_lock_buffer GENLOCK_WRITE_LOCK failed
W/Adreno200-EGL(  326): <qeglDrvAPI_eglSwapBuffers:3477>: EGL_BAD_ALLOC
E/libgenlock(  326): perform_lock_unlock_operation: GENLOCK_IOC_DREADLOCK failed (lockType0x1,err=Invalid argument fd=22)
W/Adreno200-EGLSUB(  326): <GetBackBuffer:2121>: genlock_lock_buffer GENLOCK_WRITE_LOCK failed
W/Adreno200-EGL(  326): <qeglDrvAPI_eglSwapBuffers:3477>: EGL_BAD_ALLOC
D/dalvikvm(  367): DexOpt: load 43ms, verify+opt 200ms, 964084 bytes
E/libgenlock(  326): perform_lock_unlock_operation: GENLOCK_IOC_DREADLOCK failed (lockType0x1,err=Invalid argument fd=22)
W/Adreno200-EGLSUB(  326): <GetBackBuffer:2121>: genlock_lock_buffer GENLOCK_WRITE_LOCK failed
W/Adreno200-EGL(  326): <qeglDrvAPI_eglSwapBuffers:3477>: EGL_BAD_ALLOC
E/libgenlock(  326): perform_lock_unlock_operation: GENLOCK_IOC_DREADLOCK failed (lockType0x1,err=Invalid argument fd=22)
W/Adreno200-EGLSUB(  326): <GetBackBuffer:2121>: genlock_lock_buffer GENLOCK_WRITE_LOCK failed
W/Adreno200-EGL(  326): <qeglDrvAPI_eglSwapBuffers:3477>: EGL_BAD_ALLOC
E/libgenlock(  326): perform_lock_unlock_operation: GENLOCK_IOC_DREADLOCK failed (lockType0x1,err=Invalid argument fd=22)
W/Adreno200-EGLSUB(  326): <GetBackBuffer:2121>: genlock_lock_buffer GENLOCK_WRITE_LOCK failed
W/Adreno200-EGL(  326): <qeglDrvAPI_eglSwapBuffers:3477>: EGL_BAD_ALLOC
E/libgenlock(  326): perform_lock_unlock_operation: GENLOCK_IOC_DREADLOCK failed (lockType0x1,err=Invalid argument fd=22)
W/Adreno200-EGLSUB(  326): <GetBackBuffer:2121>: genlock_lock_buffer GENLOCK_WRITE_LOCK failed
W/Adreno200-EGL(  326): <qeglDrvAPI_eglSwapBuffers:3477>: EGL_BAD_ALLOC
E/libgenlock(  326): perform_lock_unlock_operation: GENLOCK_IOC_DREADLOCK failed (lockType0x1,err=Invalid argument fd=22)
W/Adreno200-EGLSUB(  326): <GetBackBuffer:2121>: genlock_lock_buffer GENLOCK_WRITE_LOCK failed
W/Adreno200-EGL(  326): <qeglDrvAPI_eglSwapBuffers:3477>: EGL_BAD_ALLOC
E/libgenlock(  326): perform_lock_unlock_operation: GENLOCK_IOC_DREADLOCK failed (lockType0x1,err=Invalid argument fd=22)
W/Adreno200-EGLSUB(  326): <GetBackBuffer:2121>: genlock_lock_buffer GENLOCK_WRITE_LOCK failed
W/Adreno200-EGL(  326): <qeglDrvAPI_eglSwapBuffers:3477>: EGL_BAD_ALLOC
E/libgenlock(  326): perform_lock_unlock_operation: GENLOCK_IOC_DREADLOCK failed (lockType0x1,err=Invalid argument fd=22)
W/Adreno200-EGLSUB(  326): <GetBackBuffer:2121>: genlock_lock_buffer GENLOCK_WRITE_LOCK failed
W/Adreno200-EGL(  326): <qeglDrvAPI_eglSwapBuffers:3477>: EGL_BAD_ALLOC
E/libgenlock(  326): perform_lock_unlock_operation: GENLOCK_IOC_DREADLOCK failed (lockType0x1,err=Invalid argument fd=22)
W/Adreno200-EGLSUB(  326): <GetBackBuffer:2121>: genlock_lock_buffer GENLOCK_WRITE_LOCK failed
W/Adreno200-EGL(  326): <qeglDrvAPI_eglSwapBuffers:3477>: EGL_BAD_ALLOC
E/libgenlock(  326): perform_lock_unlock_operation: GENLOCK_IOC_DREADLOCK failed (lockType0x1,err=Invalid argument fd=22)
W/Adreno200-EGLSUB(  326): <GetBackBuffer:2121>: genlock_lock_buffer GENLOCK_WRITE_LOCK failed
W/Adreno200-EGL(  326): <qeglDrvAPI_eglSwapBuffers:3477>: EGL_BAD_ALLOC
E/libgenlock(  326): perform_lock_unlock_operation: GENLOCK_IOC_DREADLOCK failed (lockType0x1,err=Invalid argument fd=22)
W/Adreno200-EGLSUB(  326): <GetBackBuffer:2121>: genlock_lock_buffer GENLOCK_WRITE_LOCK failed
W/Adreno200-EGL(  326): <qeglDrvAPI_eglSwapBuffers:3477>: EGL_BAD_ALLOC
E/libgenlock(  326): perform_lock_unlock_operation: GENLOCK_IOC_DREADLOCK failed (lockType0x1,err=Invalid argument fd=22)
W/Adreno200-EGLSUB(  326): <GetBackBuffer:2121>: genlock_lock_buffer GENLOCK_WRITE_LOCK failed
W/Adreno200-EGL(  326): <qeglDrvAPI_eglSwapBuffers:3477>: EGL_BAD_ALLOC
E/libgenlock(  326): perform_lock_unlock_operation: GENLOCK_IOC_DREADLOCK failed (lockType0x1,err=Invalid argument fd=22)
W/Adreno200-EGLSUB(  326): <GetBackBuffer:2121>: genlock_lock_buffer GENLOCK_WRITE_LOCK failed
W/Adreno200-EGL(  326): <qeglDrvAPI_eglSwapBuffers:3477>: EGL_BAD_ALLOC
E/libgenlock(  326): perform_lock_unlock_operation: GENLOCK_IOC_DREADLOCK failed (lockType0x1,err=Invalid argument fd=22)
W/Adreno200-EGLSUB(  326): <GetBackBuffer:2121>: genlock_lock_buffer GENLOCK_WRITE_LOCK failed
W/Adreno200-EGL(  326): <qeglDrvAPI_eglSwapBuffers:3477>: EGL_BAD_ALLOC
E/libgenlock(  326): perform_lock_unlock_operation: GENLOCK_IOC_DREADLOCK failed (lockType0x1,err=Invalid argument fd=22)
W/Adreno200-EGLSUB(  326): <GetBackBuffer:2121>: genlock_lock_buffer GENLOCK_WRITE_LOCK failed
W/Adreno200-EGL(  326): <qeglDrvAPI_eglSwapBuffers:3477>: EGL_BAD_ALLOC
E/libgenlock(  326): perform_lock_unlock_operation: GENLOCK_IOC_DREADLOCK failed (lockType0x1,err=Invalid argument fd=22)
W/Adreno200-EGLSUB(  326): <GetBackBuffer:2121>: genlock_lock_buffer GENLOCK_WRITE_LOCK failed
W/Adreno200-EGL(  326): <qeglDrvAPI_eglSwapBuffers:3477>: EGL_BAD_ALLOC
E/libgenlock(  326): perform_lock_unlock_operation: GENLOCK_IOC_DREADLOCK failed (lockType0x1,err=Invalid argument fd=22)
W/Adreno200-EGLSUB(  326): <GetBackBuffer:2121>: genlock_lock_buffer GENLOCK_WRITE_LOCK failed
W/Adreno200-EGL(  326): <qeglDrvAPI_eglSwapBuffers:3477>: EGL_BAD_ALLOC
E/libgenlock(  326): perform_lock_unlock_operation: GENLOCK_IOC_DREADLOCK failed (lockType0x1,err=Invalid argument fd=22)
W/Adreno200-EGLSUB(  326): <GetBackBuffer:2121>: genlock_lock_buffer GENLOCK_WRITE_LOCK failed
W/Adreno200-EGL(  326): <qeglDrvAPI_eglSwapBuffers:3477>: EGL_BAD_ALLOC
E/libgenlock(  326): perform_lock_unlock_operation: GENLOCK_IOC_DREADLOCK failed (lockType0x1,err=Invalid argument fd=22)
W/Adreno200-EGLSUB(  326): <GetBackBuffer:2121>: genlock_lock_buffer GENLOCK_WRITE_LOCK failed
W/Adreno200-EGL(  326): <qeglDrvAPI_eglSwapBuffers:3477>: EGL_BAD_ALLOC
E/libgenlock(  326): perform_lock_unlock_operation: GENLOCK_IOC_DREADLOCK failed (lockType0x1,err=Invalid argument fd=22)
W/Adreno200-EGLSUB(  326): <GetBackBuffer:2121>: genlock_lock_buffer GENLOCK_WRITE_LOCK failed
W/Adreno200-EGL(  326): <qeglDrvAPI_eglSwapBuffers:3477>: EGL_BAD_ALLOC
E/libgenlock(  326): perform_lock_unlock_operation: GENLOCK_IOC_DREADLOCK failed (lockType0x1,err=Invalid argument fd=22)
W/Adreno200-EGLSUB(  326): <GetBackBuffer:2121>: genlock_lock_buffer GENLOCK_WRITE_LOCK failed
W/Adreno200-EGL(  326): <qeglDrvAPI_eglSwapBuffers:3477>: EGL_BAD_ALLOC
E/libgenlock(  326): perform_lock_unlock_operation: GENLOCK_IOC_DREADLOCK failed (lockType0x1,err=Invalid argument fd=22)
W/Adreno200-EGLSUB(  326): <GetBackBuffer:2121>: genlock_lock_buffer GENLOCK_WRITE_LOCK failed
W/Adreno200-EGL(  326): <qeglDrvAPI_eglSwapBuffers:3477>: EGL_BAD_ALLOC
E/libgenlock(  326): perform_lock_unlock_operation: GENLOCK_IOC_DREADLOCK failed (lockType0x1,err=Invalid argument fd=22)
W/Adreno200-EGLSUB(  326): <GetBackBuffer:2121>: genlock_lock_buffer GENLOCK_WRITE_LOCK failed
W/Adreno200-EGL(  326): <qeglDrvAPI_eglSwapBuffers:3477>: EGL_BAD_ALLOC
D/dalvikvm(  136): DexOpt: --- END 'android.policy.jar' (success) ---
D/dalvikvm(  136): DEX prep '/system/framework/android.policy.jar': unzip in 22ms, rewrite 1186ms
E/libgenlock(  326): perform_lock_unlock_operation: GENLOCK_IOC_DREADLOCK failed (lockType0x1,err=Invalid argument fd=22)
W/Adreno200-EGLSUB(  326): <GetBackBuffer:2121>: genlock_lock_buffer GENLOCK_WRITE_LOCK failed
W/Adreno200-EGL(  326): <qeglDrvAPI_eglSwapBuffers:3477>: EGL_BAD_ALLOC
E/libgenlock(  326): perform_lock_unlock_operation: GENLOCK_IOC_DREADLOCK failed (lockType0x1,err=Invalid argument fd=22)
W/Adreno200-EGLSUB(  326): <GetBackBuffer:2121>: genlock_lock_buffer GENLOCK_WRITE_LOCK failed
W/Adreno200-EGL(  326): <qeglDrvAPI_eglSwapBuffers:3477>: EGL_BAD_ALLOC
D/dalvikvm(  136): DexOpt: --- BEGIN 'services.jar' (bootstrap=1) ---
E/libgenlock(  326): perform_lock_unlock_operation: GENLOCK_IOC_DREADLOCK failed (lockType0x1,err=Invalid argument fd=22)
W/Adreno200-EGLSUB(  326): <GetBackBuffer:2121>: genlock_lock_buffer GENLOCK_WRITE_LOCK failed
W/Adreno200-EGL(  326): <qeglDrvAPI_eglSwapBuffers:3477>: EGL_BAD_ALLOC
E/libgenlock(  326): perform_lock_unlock_operation: GENLOCK_IOC_DREADLOCK failed (lockType0x1,err=Invalid argument fd=22)
W/Adreno200-EGLSUB(  326): <GetBackBuffer:2121>: genlock_lock_buffer GENLOCK_WRITE_LOCK failed
W/Adreno200-EGL(  326): <qeglDrvAPI_eglSwapBuffers:3477>: EGL_BAD_ALLOC
E/libgenlock(  326): perform_lock_unlock_operation: GENLOCK_IOC_DREADLOCK failed (lockType0x1,err=Invalid argument fd=22)
W/Adreno200-EGLSUB(  326): <GetBackBuffer:2121>: genlock_lock_buffer GENLOCK_WRITE_LOCK failed
W/Adreno200-EGL(  326): <qeglDrvAPI_eglSwapBuffers:3477>: EGL_BAD_ALLOC
E/libgenlock(  326): perform_lock_unlock_operation: GENLOCK_IOC_DREADLOCK failed (lockType0x1,err=Invalid argument fd=22)
W/Adreno200-EGLSUB(  326): <GetBackBuffer:2121>: genlock_lock_buffer GENLOCK_WRITE_LOCK failed
W/Adreno200-EGL(  326): <qeglDrvAPI_eglSwapBuffers:3477>: EGL_BAD_ALLOC
E/libgenlock(  326): perform_lock_unlock_operation: GENLOCK_IOC_DREADLOCK failed (lockType0x1,err=Invalid argument fd=22)
W/Adreno200-EGLSUB(  326): <GetBackBuffer:2121>: genlock_lock_buffer GENLOCK_WRITE_LOCK failed
W/Adreno200-EGL(  326): <qeglDrvAPI_eglSwapBuffers:3477>: EGL_BAD_ALLOC
E/libgenlock(  326): perform_lock_unlock_operation: GENLOCK_IOC_DREADLOCK failed (lockType0x1,err=Invalid argument fd=22)
W/Adreno200-EGLSUB(  326): <GetBackBuffer:2121>: genlock_lock_buffer GENLOCK_WRITE_LOCK failed
W/Adreno200-EGL(  326): <qeglDrvAPI_eglSwapBuffers:3477>: EGL_BAD_ALLOC
E/libgenlock(  326): perform_lock_unlock_operation: GENLOCK_IOC_DREADLOCK failed (lockType0x1,err=Invalid argument fd=22)
W/Adreno200-EGLSUB(  326): <GetBackBuffer:2121>: genlock_lock_buffer GENLOCK_WRITE_LOCK failed
W/Adreno200-EGL(  326): <qeglDrvAPI_eglSwapBuffers:3477>: EGL_BAD_ALLOC
E/libgenlock(  326): perform_lock_unlock_operation: GENLOCK_IOC_DREADLOCK failed (lockType0x1,err=Invalid argument fd=22)
W/Adreno200-EGLSUB(  326): <GetBackBuffer:2121>: genlock_lock_buffer GENLOCK_WRITE_LOCK failed
W/Adreno200-EGL(  326): <qeglDrvAPI_eglSwapBuffers:3477>: EGL_BAD_ALLOC
E/libgenlock(  326): perform_lock_unlock_operation: GENLOCK_IOC_DREADLOCK failed (lockType0x1,err=Invalid argument fd=22)
W/Adreno200-EGLSUB(  326): <GetBackBuffer:2121>: genlock_lock_buffer GENLOCK_WRITE_LOCK failed
W/Adreno200-EGL(  326): <qeglDrvAPI_eglSwapBuffers:3477>: EGL_BAD_ALLOC
E/libgenlock(  326): perform_lock_unlock_operation: GENLOCK_IOC_DREADLOCK failed (lockType0x1,err=Invalid argument fd=22)
W/Adreno200-EGLSUB(  326): <GetBackBuffer:2121>: genlock_lock_buffer GENLOCK_WRITE_LOCK failed
W/Adreno200-EGL(  326): <qeglDrvAPI_eglSwapBuffers:3477>: EGL_BAD_ALLOC
E/libgenlock(  326): perform_lock_unlock_operation: GENLOCK_IOC_DREADLOCK failed (lockType0x1,err=Invalid argument fd=22)
W/Adreno200-EGLSUB(  326): <GetBackBuffer:2121>: genlock_lock_buffer GENLOCK_WRITE_LOCK failed
W/Adreno200-EGL(  326): <qeglDrvAPI_eglSwapBuffers:3477>: EGL_BAD_ALLOC
E/libgenlock(  326): perform_lock_unlock_operation: GENLOCK_IOC_DREADLOCK failed (lockType0x1,err=Invalid argument fd=22)
W/Adreno200-EGLSUB(  326): <GetBackBuffer:2121>: genlock_lock_buffer GENLOCK_WRITE_LOCK failed
W/Adreno200-EGL(  326): <qeglDrvAPI_eglSwapBuffers:3477>: EGL_BAD_ALLOC
E/libgenlock(  326): perform_lock_unlock_operation: GENLOCK_IOC_DREADLOCK failed (lockType0x1,err=Invalid argument fd=22)
W/Adreno200-EGLSUB(  326): <GetBackBuffer:2121>: genlock_lock_buffer GENLOCK_WRITE_LOCK failed
W/Adreno200-EGL(  326): <qeglDrvAPI_eglSwapBuffers:3477>: EGL_BAD_ALLOC
E/libgenlock(  326): perform_lock_unlock_operation: GENLOCK_IOC_DREADLOCK failed (lockType0x1,err=Invalid argument fd=22)
W/Adreno200-EGLSUB(  326): <GetBackBuffer:2121>: genlock_lock_buffer GENLOCK_WRITE_LOCK failed
W/Adreno200-EGL(  326): <qeglDrvAPI_eglSwapBuffers:3477>: EGL_BAD_ALLOC
E/libgenlock(  326): perform_lock_unlock_operation: GENLOCK_IOC_DREADLOCK failed (lockType0x1,err=Invalid argument fd=22)
W/Adreno200-EGLSUB(  326): <GetBackBuffer:2121>: genlock_lock_buffer GENLOCK_WRITE_LOCK failed
W/Adreno200-EGL(  326): <qeglDrvAPI_eglSwapBuffers:3477>: EGL_BAD_ALLOC
E/libgenlock(  326): perform_lock_unlock_operation: GENLOCK_IOC_DREADLOCK failed (lockType0x1,err=Invalid argument fd=22)
W/Adreno200-EGLSUB(  326): <GetBackBuffer:2121>: genlock_lock_buffer GENLOCK_WRITE_LOCK failed
W/Adreno200-EGL(  326): <qeglDrvAPI_eglSwapBuffers:3477>: EGL_BAD_ALLOC
E/libgenlock(  326): perform_lock_unlock_operation: GENLOCK_IOC_DREADLOCK failed (lockType0x1,err=Invalid argument fd=22)
W/Adreno200-EGLSUB(  326): <GetBackBuffer:2121>: genlock_lock_buffer GENLOCK_WRITE_LOCK failed
W/Adreno200-EGL(  326): <qeglDrvAPI_eglSwapBuffers:3477>: EGL_BAD_ALLOC
E/libgenlock(  326): perform_lock_unlock_operation: GENLOCK_IOC_DREADLOCK failed (lockType0x1,err=Invalid argument fd=22)
W/Adreno200-EGLSUB(  326): <GetBackBuffer:2121>: genlock_lock_buffer GENLOCK_WRITE_LOCK failed
W/Adreno200-EGL(  326): <qeglDrvAPI_eglSwapBuffers:3477>: EGL_BAD_ALLOC
E/libgenlock(  326): perform_lock_unlock_operation: GENLOCK_IOC_DREADLOCK failed (lockType0x1,err=Invalid argument fd=22)
W/Adreno200-EGLSUB(  326): <GetBackBuffer:2121>: genlock_lock_buffer GENLOCK_WRITE_LOCK failed
W/Adreno200-EGL(  326): <qeglDrvAPI_eglSwapBuffers:3477>: EGL_BAD_ALLOC
E/libgenlock(  326): perform_lock_unlock_operation: GENLOCK_IOC_DREADLOCK failed (lockType0x1,err=Invalid argument fd=22)
W/Adreno200-EGLSUB(  326): <GetBackBuffer:2121>: genlock_lock_buffer GENLOCK_WRITE_LOCK failed
W/Adreno200-EGL(  326): <qeglDrvAPI_eglSwapBuffers:3477>: EGL_BAD_ALLOC
E/libgenlock(  326): perform_lock_unlock_operation: GENLOCK_IOC_DREADLOCK failed (lockType0x1,err=Invalid argument fd=22)
W/Adreno200-EGLSUB(  326): <GetBackBuffer:2121>: genlock_lock_buffer GENLOCK_WRITE_LOCK failed
W/Adreno200-EGL(  326): <qeglDrvAPI_eglSwapBuffers:3477>: EGL_BAD_ALLOC
E/libgenlock(  326): perform_lock_unlock_operation: GENLOCK_IOC_DREADLOCK failed (lockType0x1,err=Invalid argument fd=22)
W/Adreno200-EGLSUB(  326): <GetBackBuffer:2121>: genlock_lock_buffer GENLOCK_WRITE_LOCK failed
W/Adreno200-EGL(  326): <qeglDrvAPI_eglSwapBuffers:3477>: EGL_BAD_ALLOC
E/libgenlock(  326): perform_lock_unlock_operation: GENLOCK_IOC_DREADLOCK failed (lockType0x1,err=Invalid argument fd=22)
W/Adreno200-EGLSUB(  326): <GetBackBuffer:2121>: genlock_lock_buffer GENLOCK_WRITE_LOCK failed
W/Adreno200-EGL(  326): <qeglDrvAPI_eglSwapBuffers:3477>: EGL_BAD_ALLOC
E/libgenlock(  326): perform_lock_unlock_operation: GENLOCK_IOC_DREADLOCK failed (lockType0x1,err=Invalid argument fd=22)
W/Adreno200-EGLSUB(  326): <GetBackBuffer:2121>: genlock_lock_buffer GENLOCK_WRITE_LOCK failed
W/Adreno200-EGL(  326): <qeglDrvAPI_eglSwapBuffers:3477>: EGL_BAD_ALLOC
E/libgenlock(  326): perform_lock_unlock_operation: GENLOCK_IOC_DREADLOCK failed (lockType0x1,err=Invalid argument fd=22)
W/Adreno200-EGLSUB(  326): <GetBackBuffer:2121>: genlock_lock_buffer GENLOCK_WRITE_LOCK failed
W/Adreno200-EGL(  326): <qeglDrvAPI_eglSwapBuffers:3477>: EGL_BAD_ALLOC
E/libgenlock(  326): perform_lock_unlock_operation: GENLOCK_IOC_DREADLOCK failed (lockType0x1,err=Invalid argument fd=22)
W/Adreno200-EGLSUB(  326): <GetBackBuffer:2121>: genlock_lock_buffer GENLOCK_WRITE_LOCK failed
W/Adreno200-EGL(  326): <qeglDrvAPI_eglSwapBuffers:3477>: EGL_BAD_ALLOC
E/libgenlock(  326): perform_lock_unlock_operation: GENLOCK_IOC_DREADLOCK failed (lockType0x1,err=Invalid argument fd=22)
W/Adreno200-EGLSUB(  326): <GetBackBuffer:2121>: genlock_lock_buffer GENLOCK_WRITE_LOCK failed
W/Adreno200-EGL(  326): <qeglDrvAPI_eglSwapBuffers:3477>: EGL_BAD_ALLOC
E/libgenlock(  326): perform_lock_unlock_operation: GENLOCK_IOC_DREADLOCK failed (lockType0x1,err=Invalid argument fd=22)
W/Adreno200-EGLSUB(  326): <GetBackBuffer:2121>: genlock_lock_buffer GENLOCK_WRITE_LOCK failed
W/Adreno200-EGL(  326): <qeglDrvAPI_eglSwapBuffers:3477>: EGL_BAD_ALLOC
E/libgenlock(  326): perform_lock_unlock_operation: GENLOCK_IOC_DREADLOCK failed (lockType0x1,err=Invalid argument fd=22)
W/Adreno200-EGLSUB(  326): <GetBackBuffer:2121>: genlock_lock_buffer GENLOCK_WRITE_LOCK failed
W/Adreno200-EGL(  326): <qeglDrvAPI_eglSwapBuffers:3477>: EGL_BAD_ALLOC
E/libgenlock(  326): perform_lock_unlock_operation: GENLOCK_IOC_DREADLOCK failed (lockType0x1,err=Invalid argument fd=22)
W/Adreno200-EGLSUB(  326): <GetBackBuffer:2121>: genlock_lock_buffer GENLOCK_WRITE_LOCK failed
W/Adreno200-EGL(  326): <qeglDrvAPI_eglSwapBuffers:3477>: EGL_BAD_ALLOC
D/dalvikvm(  380): DexOpt: load 55ms, verify+opt 1096ms, 1962452 bytes
E/libgenlock(  326): perform_lock_unlock_operation: GENLOCK_IOC_DREADLOCK failed (lockType0x1,err=Invalid argument fd=22)
W/Adreno200-EGLSUB(  326): <GetBackBuffer:2121>: genlock_lock_buffer GENLOCK_WRITE_LOCK failed
W/Adreno200-EGL(  326): <qeglDrvAPI_eglSwapBuffers:3477>: EGL_BAD_ALLOC
E/libgenlock(  326): perform_lock_unlock_operation: GENLOCK_IOC_DREADLOCK failed (lockType0x1,err=Invalid argument fd=22)
W/Adreno200-EGLSUB(  326): <GetBackBuffer:2121>: genlock_lock_buffer GENLOCK_WRITE_LOCK failed
W/Adreno200-EGL(  326): <qeglDrvAPI_eglSwapBuffers:3477>: EGL_BAD_ALLOC
E/libgenlock(  326): perform_lock_unlock_operation: GENLOCK_IOC_DREADLOCK failed (lockType0x1,err=Invalid argument fd=22)
W/Adreno200-EGLSUB(  326): <GetBackBuffer:2121>: genlock_lock_buffer GENLOCK_WRITE_LOCK failed
W/Adreno200-EGL(  326): <qeglDrvAPI_eglSwapBuffers:3477>: EGL_BAD_ALLOC
E/libgenlock(  326): perform_lock_unlock_operation: GENLOCK_IOC_DREADLOCK failed (lockType0x1,err=Invalid argument fd=22)
W/Adreno200-EGLSUB(  326): <GetBackBuffer:2121>: genlock_lock_buffer GENLOCK_WRITE_LOCK failed
W/Adreno200-EGL(  326): <qeglDrvAPI_eglSwapBuffers:3477>: EGL_BAD_ALLOC
I/rmt_storage(  130): rmt_storage open event: handle=1
I/rmt_storage(  130): Opened /dev/block/mmcblk0p27 for /q6_fs1_parti_id_0x59
I/rmt_storage(  130): rmt_storage events processing done. (handle=1)
I/rmt_storage(  130): rmt_storage client thread started... (handle=1)
I/rmt_storage(  130): rmt_storage client thread waiting... (handle=1)
I/rmt_storage(  130): rmt_storage send user data event: handle=1
I/rmt_storage(  130): rmt_storage events processing done. (handle=1)
I/rmt_storage(  130): rmt_storage open event: handle=2
I/rmt_storage(  130): Opened /dev/block/mmcblk0p28 for /q6_fs2_parti_id_0x5A
I/rmt_storage(  130): rmt_storage events processing done. (handle=2)
I/rmt_storage(  130): rmt_storage client thread started... (handle=2)
I/rmt_storage(  130): rmt_storage client thread waiting... (handle=2)
E/libgenlock(  326): perform_lock_unlock_operation: GENLOCK_IOC_DREADLOCK failed (lockType0x1,err=Invalid argument fd=22)
W/Adreno200-EGLSUB(  326): <GetBackBuffer:2121>: genlock_lock_buffer GENLOCK_WRITE_LOCK failed
W/Adreno200-EGL(  326): <qeglDrvAPI_eglSwapBuffers:3477>: EGL_BAD_ALLOC
I/rmt_storage(  130): rmt_storage send user data event: handle=2
I/rmt_storage(  130): rmt_storage events processing done. (handle=2)
I/rmt_storage(  130): rmt_storage open event: handle=3
I/rmt_storage(  130): Opened /dev/block/mmcblk0p20 for /boot/mdm9k_config
I/rmt_storage(  130): rmt_storage events processing done. (handle=3)
I/rmt_storage(  130): rmt_storage client thread started... (handle=3)
I/rmt_storage(  130): rmt_storage client thread waiting... (handle=3)
I/rmt_storage(  130): rmt_storage send user data event: handle=3
I/rmt_storage(  130): rmt_storage events processing done. (handle=3)
E/libgenlock(  326): perform_lock_unlock_operation: GENLOCK_IOC_DREADLOCK failed (lockType0x1,err=Invalid argument fd=22)
W/Adreno200-EGLSUB(  326): <GetBackBuffer:2121>: genlock_lock_buffer GENLOCK_WRITE_LOCK failed
W/Adreno200-EGL(  326): <qeglDrvAPI_eglSwapBuffers:3477>: EGL_BAD_ALLOC
E/libgenlock(  326): perform_lock_unlock_operation: GENLOCK_IOC_DREADLOCK failed (lockType0x1,err=Invalid argument fd=22)
W/Adreno200-EGLSUB(  326): <GetBackBuffer:2121>: genlock_lock_buffer GENLOCK_WRITE_LOCK failed
W/Adreno200-EGL(  326): <qeglDrvAPI_eglSwapBuffers:3477>: EGL_BAD_ALLOC
I/rmt_storage(  130): rmt_storage write event: handle=2
I/rmt_storage(  130): Try to unblock rmt_storage client thread... (handle=2)
I/rmt_storage(  130): rmt_storage events processing done. (handle=2)
I/rmt_storage(  130): rmt_storage client thread is unblocked. (handle=2)
I/rmt_storage(  130): rmt_storage fop(1) fd(10) handle(2): bytes required=769536, offset=0
E/libgenlock(  326): perform_lock_unlock_operation: GENLOCK_IOC_DREADLOCK failed (lockType0x1,err=Invalid argument fd=22)
W/Adreno200-EGLSUB(  326): <GetBackBuffer:2121>: genlock_lock_buffer GENLOCK_WRITE_LOCK failed
W/Adreno200-EGL(  326): <qeglDrvAPI_eglSwapBuffers:3477>: EGL_BAD_ALLOC
E/libgenlock(  326): perform_lock_unlock_operation: GENLOCK_IOC_DREADLOCK failed (lockType0x1,err=Invalid argument fd=22)
W/Adreno200-EGLSUB(  326): <GetBackBuffer:2121>: genlock_lock_buffer GENLOCK_WRITE_LOCK failed
W/Adreno200-EGL(  326): <qeglDrvAPI_eglSwapBuffers:3477>: EGL_BAD_ALLOC
E/libgenlock(  326): perform_lock_unlock_operation: GENLOCK_IOC_DREADLOCK failed (lockType0x1,err=Invalid argument fd=22)
W/Adreno200-EGLSUB(  326): <GetBackBuffer:2121>: genlock_lock_buffer GENLOCK_WRITE_LOCK failed
W/Adreno200-EGL(  326): <qeglDrvAPI_eglSwapBuffers:3477>: EGL_BAD_ALLOC
E/libgenlock(  326): perform_lock_unlock_operation: GENLOCK_IOC_DREADLOCK failed (lockType0x1,err=Invalid argument fd=22)
W/Adreno200-EGLSUB(  326): <GetBackBuffer:2121>: genlock_lock_buffer GENLOCK_WRITE_LOCK failed
W/Adreno200-EGL(  326): <qeglDrvAPI_eglSwapBuffers:3477>: EGL_BAD_ALLOC
E/libgenlock(  326): perform_lock_unlock_operation: GENLOCK_IOC_DREADLOCK failed (lockType0x1,err=Invalid argument fd=22)
W/Adreno200-EGLSUB(  326): <GetBackBuffer:2121>: genlock_lock_buffer GENLOCK_WRITE_LOCK failed
W/Adreno200-EGL(  326): <qeglDrvAPI_eglSwapBuffers:3477>: EGL_BAD_ALLOC
E/libgenlock(  326): perform_lock_unlock_operation: GENLOCK_IOC_DREADLOCK failed (lockType0x1,err=Invalid argument fd=22)
W/Adreno200-EGLSUB(  326): <GetBackBuffer:2121>: genlock_lock_buffer GENLOCK_WRITE_LOCK failed
W/Adreno200-EGL(  326): <qeglDrvAPI_eglSwapBuffers:3477>: EGL_BAD_ALLOC
E/libgenlock(  326): perform_lock_unlock_operation: GENLOCK_IOC_DREADLOCK failed (lockType0x1,err=Invalid argument fd=22)
W/Adreno200-EGLSUB(  326): <GetBackBuffer:2121>: genlock_lock_buffer GENLOCK_WRITE_LOCK failed
W/Adreno200-EGL(  326): <qeglDrvAPI_eglSwapBuffers:3477>: EGL_BAD_ALLOC
E/libgenlock(  326): perform_lock_unlock_operation: GENLOCK_IOC_DREADLOCK failed (lockType0x1,err=Invalid argument fd=22)
W/Adreno200-EGLSUB(  326): <GetBackBuffer:2121>: genlock_lock_buffer GENLOCK_WRITE_LOCK failed
W/Adreno200-EGL(  326): <qeglDrvAPI_eglSwapBuffers:3477>: EGL_BAD_ALLOC
E/libgenlock(  326): perform_lock_unlock_operation: GENLOCK_IOC_DREADLOCK failed (lockType0x1,err=Invalid argument fd=22)
W/Adreno200-EGLSUB(  326): <GetBackBuffer:2121>: genlock_lock_buffer GENLOCK_WRITE_LOCK failed
W/Adreno200-EGL(  326): <qeglDrvAPI_eglSwapBuffers:3477>: EGL_BAD_ALLOC
E/libgenlock(  326): perform_lock_unlock_operation: GENLOCK_IOC_DREADLOCK failed (lockType0x1,err=Invalid argument fd=22)
W/Adreno200-EGLSUB(  326): <GetBackBuffer:2121>: genlock_lock_buffer GENLOCK_WRITE_LOCK failed
W/Adreno200-EGL(  326): <qeglDrvAPI_eglSwapBuffers:3477>: EGL_BAD_ALLOC
E/libgenlock(  326): perform_lock_unlock_operation: GENLOCK_IOC_DREADLOCK failed (lockType0x1,err=Invalid argument fd=22)
W/Adreno200-EGLSUB(  326): <GetBackBuffer:2121>: genlock_lock_buffer GENLOCK_WRITE_LOCK failed
W/Adreno200-EGL(  326): <qeglDrvAPI_eglSwapBuffers:3477>: EGL_BAD_ALLOC
E/libgenlock(  326): perform_lock_unlock_operation: GENLOCK_IOC_DREADLOCK failed (lockType0x1,err=Invalid argument fd=22)
W/Adreno200-EGLSUB(  326): <GetBackBuffer:2121>: genlock_lock_buffer GENLOCK_WRITE_LOCK failed
W/Adreno200-EGL(  326): <qeglDrvAPI_eglSwapBuffers:3477>: EGL_BAD_ALLOC
I/rmt_storage(  130): rmt_storage fop(1) fd(10) handle(2): bytes transferred=769536
I/rmt_storage(  130): rmt_storage fop(1) fd(10) handle(2): bytes required=512, offset=769536
I/rmt_storage(  130): rmt_storage fop(1) fd(10) handle(2): bytes transferred=512
I/rmt_storage(  130): rmt_storage_send_status fop(1) fd(10) handle(2): error_code = 0
I/rmt_storage(  130): rmt_storage client thread waiting... (handle=2)
E/libgenlock(  326): perform_lock_unlock_operation: GENLOCK_IOC_DREADLOCK failed (lockType0x1,err=Invalid argument fd=22)
W/Adreno200-EGLSUB(  326): <GetBackBuffer:2121>: genlock_lock_buffer GENLOCK_WRITE_LOCK failed
W/Adreno200-EGL(  326): <qeglDrvAPI_eglSwapBuffers:3477>: EGL_BAD_ALLOC
E/libgenlock(  326): perform_lock_unlock_operation: GENLOCK_IOC_DREADLOCK failed (lockType0x1,err=Invalid argument fd=22)
W/Adreno200-EGLSUB(  326): <GetBackBuffer:2121>: genlock_lock_buffer GENLOCK_WRITE_LOCK failed
W/Adreno200-EGL(  326): <qeglDrvAPI_eglSwapBuffers:3477>: EGL_BAD_ALLOC
E/libgenlock(  326): perform_lock_unlock_operation: GENLOCK_IOC_DREADLOCK failed (lockType0x1,err=Invalid argument fd=22)
W/Adreno200-EGLSUB(  326): <GetBackBuffer:2121>: genlock_lock_buffer GENLOCK_WRITE_LOCK failed
W/Adreno200-EGL(  326): <qeglDrvAPI_eglSwapBuffers:3477>: EGL_BAD_ALLOC
D/dalvikvm(  136): DexOpt: --- END 'services.jar' (success) ---
D/dalvikvm(  136): DEX prep '/system/framework/services.jar': unzip in 87ms, rewrite 2174ms
E/QC-DIAG_LSM(  134): 
E/QC-DIAG_LSM(  134):  Diag_LSM: Diag_LSM_Init: Failed to open handle to diag driver, error = 2
E/libgenlock(  326): perform_lock_unlock_operation: GENLOCK_IOC_DREADLOCK failed (lockType0x1,err=Invalid argument fd=22)
W/Adreno200-EGLSUB(  326): <GetBackBuffer:2121>: genlock_lock_buffer GENLOCK_WRITE_LOCK failed
W/Adreno200-EGL(  326): <qeglDrvAPI_eglSwapBuffers:3477>: EGL_BAD_ALLOC
D/dalvikvm(  136): DexOpt: --- BEGIN 'apache-xml.jar' (bootstrap=1) ---
E/libgenlock(  326): perform_lock_unlock_operation: GENLOCK_IOC_DREADLOCK failed (lockType0x1,err=Invalid argument fd=22)
W/Adreno200-EGLSUB(  326): <GetBackBuffer:2121>: genlock_lock_buffer GENLOCK_WRITE_LOCK failed
W/Adreno200-EGL(  326): <qeglDrvAPI_eglSwapBuffers:3477>: EGL_BAD_ALLOC
E/libgenlock(  326): perform_lock_unlock_operation: GENLOCK_IOC_DREADLOCK failed (lockType0x1,err=Invalid argument fd=22)
W/Adreno200-EGLSUB(  326): <GetBackBuffer:2121>: genlock_lock_buffer GENLOCK_WRITE_LOCK failed
W/Adreno200-EGL(  326): <qeglDrvAPI_eglSwapBuffers:3477>: EGL_BAD_ALLOC
E/libgenlock(  326): perform_lock_unlock_operation: GENLOCK_IOC_DREADLOCK failed (lockType0x1,err=Invalid argument fd=22)
W/Adreno200-EGLSUB(  326): <GetBackBuffer:2121>: genlock_lock_buffer GENLOCK_WRITE_LOCK failed
W/Adreno200-EGL(  326): <qeglDrvAPI_eglSwapBuffers:3477>: EGL_BAD_ALLOC
E/libgenlock(  326): perform_lock_unlock_operation: GENLOCK_IOC_DREADLOCK failed (lockType0x1,err=Invalid argument fd=22)
W/Adreno200-EGLSUB(  326): <GetBackBuffer:2121>: genlock_lock_buffer GENLOCK_WRITE_LOCK failed
W/Adreno200-EGL(  326): <qeglDrvAPI_eglSwapBuffers:3477>: EGL_BAD_ALLOC
E/libgenlock(  326): perform_lock_unlock_operation: GENLOCK_IOC_DREADLOCK failed (lockType0x1,err=Invalid argument fd=22)
W/Adreno200-EGLSUB(  326): <GetBackBuffer:2121>: genlock_lock_buffer GENLOCK_WRITE_LOCK failed
W/Adreno200-EGL(  326): <qeglDrvAPI_eglSwapBuffers:3477>: EGL_BAD_ALLOC
E/libgenlock(  326): perform_lock_unlock_operation: GENLOCK_IOC_DREADLOCK failed (lockType0x1,err=Invalid argument fd=22)
W/Adreno200-EGLSUB(  326): <GetBackBuffer:2121>: genlock_lock_buffer GENLOCK_WRITE_LOCK failed
W/Adreno200-EGL(  326): <qeglDrvAPI_eglSwapBuffers:3477>: EGL_BAD_ALLOC
E/libgenlock(  326): perform_lock_unlock_operation: GENLOCK_IOC_DREADLOCK failed (lockType0x1,err=Invalid argument fd=22)
W/Adreno200-EGLSUB(  326): <GetBackBuffer:2121>: genlock_lock_buffer GENLOCK_WRITE_LOCK failed
W/Adreno200-EGL(  326): <qeglDrvAPI_eglSwapBuffers:3477>: EGL_BAD_ALLOC
E/libgenlock(  326): perform_lock_unlock_operation: GENLOCK_IOC_DREADLOCK failed (lockType0x1,err=Invalid argument fd=22)
W/Adreno200-EGLSUB(  326): <GetBackBuffer:2121>: genlock_lock_buffer GENLOCK_WRITE_LOCK failed
W/Adreno200-EGL(  326): <qeglDrvAPI_eglSwapBuffers:3477>: EGL_BAD_ALLOC
E/libgenlock(  326): perform_lock_unlock_operation: GENLOCK_IOC_DREADLOCK failed (lockType0x1,err=Invalid argument fd=22)
W/Adreno200-EGLSUB(  326): <GetBackBuffer:2121>: genlock_lock_buffer GENLOCK_WRITE_LOCK failed
W/Adreno200-EGL(  326): <qeglDrvAPI_eglSwapBuffers:3477>: EGL_BAD_ALLOC
E/libgenlock(  326): perform_lock_unlock_operation: GENLOCK_IOC_DREADLOCK failed (lockType0x1,err=Invalid argument fd=22)
W/Adreno200-EGLSUB(  326): <GetBackBuffer:2121>: genlock_lock_buffer GENLOCK_WRITE_LOCK failed
W/Adreno200-EGL(  326): <qeglDrvAPI_eglSwapBuffers:3477>: EGL_BAD_ALLOC
E/libgenlock(  326): perform_lock_unlock_operation: GENLOCK_IOC_DREADLOCK failed (lockType0x1,err=Invalid argument fd=22)
W/Adreno200-EGLSUB(  326): <GetBackBuffer:2121>: genlock_lock_buffer GENLOCK_WRITE_LOCK failed
W/Adreno200-EGL(  326): <qeglDrvAPI_eglSwapBuffers:3477>: EGL_BAD_ALLOC
E/libgenlock(  326): perform_lock_unlock_operation: GENLOCK_IOC_DREADLOCK failed (lockType0x1,err=Invalid argument fd=22)
W/Adreno200-EGLSUB(  326): <GetBackBuffer:2121>: genlock_lock_buffer GENLOCK_WRITE_LOCK failed
W/Adreno200-EGL(  326): <qeglDrvAPI_eglSwapBuffers:3477>: EGL_BAD_ALLOC
D/dalvikvm(  400): DexOpt: load 42ms, verify+opt 380ms, 836588 bytes
E/libgenlock(  326): perform_lock_unlock_operation: GENLOCK_IOC_DREADLOCK failed (lockType0x1,err=Invalid argument fd=22)
W/Adreno200-EGLSUB(  326): <GetBackBuffer:2121>: genlock_lock_buffer GENLOCK_WRITE_LOCK failed
W/Adreno200-EGL(  326): <qeglDrvAPI_eglSwapBuffers:3477>: EGL_BAD_ALLOC
E/libgenlock(  326): perform_lock_unlock_operation: GENLOCK_IOC_DREADLOCK failed (lockType0x1,err=Invalid argument fd=22)
W/Adreno200-EGLSUB(  326): <GetBackBuffer:2121>: genlock_lock_buffer GENLOCK_WRITE_LOCK failed
W/Adreno200-EGL(  326): <qeglDrvAPI_eglSwapBuffers:3477>: EGL_BAD_ALLOC
E/libgenlock(  326): perform_lock_unlock_operation: GENLOCK_IOC_DREADLOCK failed (lockType0x1,err=Invalid argument fd=22)
W/Adreno200-EGLSUB(  326): <GetBackBuffer:2121>: genlock_lock_buffer GENLOCK_WRITE_LOCK failed
W/Adreno200-EGL(  326): <qeglDrvAPI_eglSwapBuffers:3477>: EGL_BAD_ALLOC
E/libgenlock(  326): perform_lock_unlock_operation: GENLOCK_IOC_DREADLOCK failed (lockType0x1,err=Invalid argument fd=22)
W/Adreno200-EGLSUB(  326): <GetBackBuffer:2121>: genlock_lock_buffer GENLOCK_WRITE_LOCK failed
W/Adreno200-EGL(  326): <qeglDrvAPI_eglSwapBuffers:3477>: EGL_BAD_ALLOC
E/libgenlock(  326): perform_lock_unlock_operation: GENLOCK_IOC_DREADLOCK failed (lockType0x1,err=Invalid argument fd=22)
W/Adreno200-EGLSUB(  326): <GetBackBuffer:2121>: genlock_lock_buffer GENLOCK_WRITE_LOCK failed
W/Adreno200-EGL(  326): <qeglDrvAPI_eglSwapBuffers:3477>: EGL_BAD_ALLOC
E/libgenlock(  326): perform_lock_unlock_operation: GENLOCK_IOC_DREADLOCK failed (lockType0x1,err=Invalid argument fd=22)
W/Adreno200-EGLSUB(  326): <GetBackBuffer:2121>: genlock_lock_buffer GENLOCK_WRITE_LOCK failed
W/Adreno200-EGL(  326): <qeglDrvAPI_eglSwapBuffers:3477>: EGL_BAD_ALLOC
E/libgenlock(  326): perform_lock_unlock_operation: GENLOCK_IOC_DREADLOCK failed (lockType0x1,err=Invalid argument fd=22)
W/Adreno200-EGLSUB(  326): <GetBackBuffer:2121>: genlock_lock_buffer GENLOCK_WRITE_LOCK failed
W/Adreno200-EGL(  326): <qeglDrvAPI_eglSwapBuffers:3477>: EGL_BAD_ALLOC
D/dalvikvm(  136): DexOpt: --- END 'apache-xml.jar' (success) ---
D/dalvikvm(  136): DEX prep '/system/framework/apache-xml.jar': unzip in 49ms, rewrite 804ms
D/dalvikvm(  136): Trying to load lib libjavacore.so 0x0
E/libgenlock(  326): perform_lock_unlock_operation: GENLOCK_IOC_DREADLOCK failed (lockType0x1,err=Invalid argument fd=22)
W/Adreno200-EGLSUB(  326): <GetBackBuffer:2121>: genlock_lock_buffer GENLOCK_WRITE_LOCK failed
W/Adreno200-EGL(  326): <qeglDrvAPI_eglSwapBuffers:3477>: EGL_BAD_ALLOC
D/dalvikvm(  136): Added shared lib libjavacore.so 0x0
D/dalvikvm(  136): Trying to load lib libnativehelper.so 0x0
D/dalvikvm(  136): Added shared lib libnativehelper.so 0x0
E/libgenlock(  326): perform_lock_unlock_operation: GENLOCK_IOC_DREADLOCK failed (lockType0x1,err=Invalid argument fd=22)
W/Adreno200-EGLSUB(  326): <GetBackBuffer:2121>: genlock_lock_buffer GENLOCK_WRITE_LOCK failed
W/Adreno200-EGL(  326): <qeglDrvAPI_eglSwapBuffers:3477>: EGL_BAD_ALLOC
E/libgenlock(  326): perform_lock_unlock_operation: GENLOCK_IOC_DREADLOCK failed (lockType0x1,err=Invalid argument fd=22)
W/Adreno200-EGLSUB(  326): <GetBackBuffer:2121>: genlock_lock_buffer GENLOCK_WRITE_LOCK failed
W/Adreno200-EGL(  326): <qeglDrvAPI_eglSwapBuffers:3477>: EGL_BAD_ALLOC
E/libgenlock(  326): perform_lock_unlock_operation: GENLOCK_IOC_DREADLOCK failed (lockType0x1,err=Invalid argument fd=22)
W/Adreno200-EGLSUB(  326): <GetBackBuffer:2121>: genlock_lock_buffer GENLOCK_WRITE_LOCK failed
W/Adreno200-EGL(  326): <qeglDrvAPI_eglSwapBuffers:3477>: EGL_BAD_ALLOC
E/libgenlock(  326): perform_lock_unlock_operation: GENLOCK_IOC_DREADLOCK failed (lockType0x1,err=Invalid argument fd=22)
W/Adreno200-EGLSUB(  326): <GetBackBuffer:2121>: genlock_lock_buffer GENLOCK_WRITE_LOCK failed
W/Adreno200-EGL(  326): <qeglDrvAPI_eglSwapBuffers:3477>: EGL_BAD_ALLOC
E/QC-DIAG_LSM(  144): 
E/QC-DIAG_LSM(  144):  Diag_LSM: Diag_LSM_Init: Failed to open handle to diag driver, error = 2
E/libgenlock(  326): perform_lock_unlock_operation: GENLOCK_IOC_DREADLOCK failed (lockType0x1,err=Invalid argument fd=22)
W/Adreno200-EGLSUB(  326): <GetBackBuffer:2121>: genlock_lock_buffer GENLOCK_WRITE_LOCK failed
W/Adreno200-EGL(  326): <qeglDrvAPI_eglSwapBuffers:3477>: EGL_BAD_ALLOC
E/libgenlock(  326): perform_lock_unlock_operation: GENLOCK_IOC_DREADLOCK failed (lockType0x1,err=Invalid argument fd=22)
W/Adreno200-EGLSUB(  326): <GetBackBuffer:2121>: genlock_lock_buffer GENLOCK_WRITE_LOCK failed
W/Adreno200-EGL(  326): <qeglDrvAPI_eglSwapBuffers:3477>: EGL_BAD_ALLOC
I/SamplingProfilerIntegration(  136): Profiling disabled.
I/Zygote  (  136): Preloading classes...
E/libgenlock(  326): perform_lock_unlock_operation: GENLOCK_IOC_DREADLOCK failed (lockType0x1,err=Invalid argument fd=22)
W/Adreno200-EGLSUB(  326): <GetBackBuffer:2121>: genlock_lock_buffer GENLOCK_WRITE_LOCK failed
W/Adreno200-EGL(  326): <qeglDrvAPI_eglSwapBuffers:3477>: EGL_BAD_ALLOC
D/dalvikvm(  136): GC_EXPLICIT freed 37K, 90% free 420K/4096K, paused 0ms+1ms, total 4ms
W/Zygote  (  136): Class not found for preloading: android.animation.ValueAnimator$2
W/Zygote  (  136): Class not found for preloading: android.animation.ValueAnimator$3
W/Zygote  (  136): Class not found for preloading: android.animation.ValueAnimator$4
W/Zygote  (  136): Class not found for preloading: android.animation.ValueAnimator$5
E/libgenlock(  326): perform_lock_unlock_operation: GENLOCK_IOC_DREADLOCK failed (lockType0x1,err=Invalid argument fd=22)
W/Adreno200-EGLSUB(  326): <GetBackBuffer:2121>: genlock_lock_buffer GENLOCK_WRITE_LOCK failed
W/Adreno200-EGL(  326): <qeglDrvAPI_eglSwapBuffers:3477>: EGL_BAD_ALLOC
W/Zygote  (  136): Class not found for preloading: android.content.res.Resources$1
E/libgenlock(  326): perform_lock_unlock_operation: GENLOCK_IOC_DREADLOCK failed (lockType0x1,err=Invalid argument fd=22)
W/Adreno200-EGLSUB(  326): <GetBackBuffer:2121>: genlock_lock_buffer GENLOCK_WRITE_LOCK failed
W/Adreno200-EGL(  326): <qeglDrvAPI_eglSwapBuffers:3477>: EGL_BAD_ALLOC
E/libgenlock(  326): perform_lock_unlock_operation: GENLOCK_IOC_DREADLOCK failed (lockType0x1,err=Invalid argument fd=22)
W/Adreno200-EGLSUB(  326): <GetBackBuffer:2121>: genlock_lock_buffer GENLOCK_WRITE_LOCK failed
W/Adreno200-EGL(  326): <qeglDrvAPI_eglSwapBuffers:3477>: EGL_BAD_ALLOC
E/libgenlock(  326): perform_lock_unlock_operation: GENLOCK_IOC_DREADLOCK failed (lockType0x1,err=Invalid argument fd=22)
W/Adreno200-EGLSUB(  326): <GetBackBuffer:2121>: genlock_lock_buffer GENLOCK_WRITE_LOCK failed
W/Adreno200-EGL(  326): <qeglDrvAPI_eglSwapBuffers:3477>: EGL_BAD_ALLOC
W/Zygote  (  136): Class not found for preloading: android.database.sqlite.SQLiteCompiledSql
W/Zygote  (  136): Class not found for preloading: android.database.sqlite.SQLiteDatabase$DatabaseReentrantLock
E/libgenlock(  326): perform_lock_unlock_operation: GENLOCK_IOC_DREADLOCK failed (lockType0x1,err=Invalid argument fd=22)
W/Adreno200-EGLSUB(  326): <GetBackBuffer:2121>: genlock_lock_buffer GENLOCK_WRITE_LOCK failed
W/Adreno200-EGL(  326): <qeglDrvAPI_eglSwapBuffers:3477>: EGL_BAD_ALLOC
E/libgenlock(  326): perform_lock_unlock_operation: GENLOCK_IOC_DREADLOCK failed (lockType0x1,err=Invalid argument fd=22)
W/Adreno200-EGLSUB(  326): <GetBackBuffer:2121>: genlock_lock_buffer GENLOCK_WRITE_LOCK failed
W/Adreno200-EGL(  326): <qeglDrvAPI_eglSwapBuffers:3477>: EGL_BAD_ALLOC
E/libgenlock(  326): perform_lock_unlock_operation: GENLOCK_IOC_DREADLOCK failed (lockType0x1,err=Invalid argument fd=22)
W/Adreno200-EGLSUB(  326): <GetBackBuffer:2121>: genlock_lock_buffer GENLOCK_WRITE_LOCK failed
W/Adreno200-EGL(  326): <qeglDrvAPI_eglSwapBuffers:3477>: EGL_BAD_ALLOC
E/libgenlock(  326): perform_lock_unlock_operation: GENLOCK_IOC_DREADLOCK failed (lockType0x1,err=Invalid argument fd=22)
W/Adreno200-EGLSUB(  326): <GetBackBuffer:2121>: genlock_lock_buffer GENLOCK_WRITE_LOCK failed
W/Adreno200-EGL(  326): <qeglDrvAPI_eglSwapBuffers:3477>: EGL_BAD_ALLOC
E/libgenlock(  326): perform_lock_unlock_operation: GENLOCK_IOC_DREADLOCK failed (lockType0x1,err=Invalid argument fd=22)
W/Adreno200-EGLSUB(  326): <GetBackBuffer:2121>: genlock_lock_buffer GENLOCK_WRITE_LOCK failed
W/Adreno200-EGL(  326): <qeglDrvAPI_eglSwapBuffers:3477>: EGL_BAD_ALLOC
E/libgenlock(  326): perform_lock_unlock_operation: GENLOCK_IOC_DREADLOCK failed (lockType0x1,err=Invalid argument fd=22)
W/Adreno200-EGLSUB(  326): <GetBackBuffer:2121>: genlock_lock_buffer GENLOCK_WRITE_LOCK failed
W/Adreno200-EGL(  326): <qeglDrvAPI_eglSwapBuffers:3477>: EGL_BAD_ALLOC
D/TextLayoutCache(  136): Using debug level = 0 - Debug Enabled = 0
E/libgenlock(  326): perform_lock_unlock_operation: GENLOCK_IOC_DREADLOCK failed (lockType0x1,err=Invalid argument fd=22)
W/Adreno200-EGLSUB(  326): <GetBackBuffer:2121>: genlock_lock_buffer GENLOCK_WRITE_LOCK failed
W/Adreno200-EGL(  326): <qeglDrvAPI_eglSwapBuffers:3477>: EGL_BAD_ALLOC
E/libgenlock(  326): perform_lock_unlock_operation: GENLOCK_IOC_DREADLOCK failed (lockType0x1,err=Invalid argument fd=22)
W/Adreno200-EGLSUB(  326): <GetBackBuffer:2121>: genlock_lock_buffer GENLOCK_WRITE_LOCK failed
W/Adreno200-EGL(  326): <qeglDrvAPI_eglSwapBuffers:3477>: EGL_BAD_ALLOC
E/libgenlock(  326): perform_lock_unlock_operation: GENLOCK_IOC_DREADLOCK failed (lockType0x1,err=Invalid argument fd=22)
W/Adreno200-EGLSUB(  326): <GetBackBuffer:2121>: genlock_lock_buffer GENLOCK_WRITE_LOCK failed
W/Adreno200-EGL(  326): <qeglDrvAPI_eglSwapBuffers:3477>: EGL_BAD_ALLOC
I/dalvikvm(  136): threadid=1: recursive native library load attempt (/system/lib/libmedia_jni.so)
D/MtpDeviceJNI(  136): register_android_mtp_MtpDevice
I/dalvikvm(  136): threadid=1: recursive native library load attempt (/system/lib/libmedia_jni.so)
I/dalvikvm(  136): threadid=1: recursive native library load attempt (/system/lib/libmedia_jni.so)
W/Zygote  (  136): Class not found for preloading: android.media.IRemoteControlClientDispatcher
W/Zygote  (  136): Class not found for preloading: android.media.IRemoteControlClientDispatcher$Stub
E/libgenlock(  326): perform_lock_unlock_operation: GENLOCK_IOC_DREADLOCK failed (lockType0x1,err=Invalid argument fd=22)
W/Adreno200-EGLSUB(  326): <GetBackBuffer:2121>: genlock_lock_buffer GENLOCK_WRITE_LOCK failed
W/Adreno200-EGL(  326): <qeglDrvAPI_eglSwapBuffers:3477>: EGL_BAD_ALLOC
E/libgenlock(  326): perform_lock_unlock_operation: GENLOCK_IOC_DREADLOCK failed (lockType0x1,err=Invalid argument fd=22)
W/Adreno200-EGLSUB(  326): <GetBackBuffer:2121>: genlock_lock_buffer GENLOCK_WRITE_LOCK failed
W/Adreno200-EGL(  326): <qeglDrvAPI_eglSwapBuffers:3477>: EGL_BAD_ALLOC
E/libgenlock(  326): perform_lock_unlock_operation: GENLOCK_IOC_DREADLOCK failed (lockType0x1,err=Invalid argument fd=22)
W/Adreno200-EGLSUB(  326): <GetBackBuffer:2121>: genlock_lock_buffer GENLOCK_WRITE_LOCK failed
W/Adreno200-EGL(  326): <qeglDrvAPI_eglSwapBuffers:3477>: EGL_BAD_ALLOC
W/Zygote  (  136): Class not found for preloading: android.os.Power
E/libgenlock(  326): perform_lock_unlock_operation: GENLOCK_IOC_DREADLOCK failed (lockType0x1,err=Invalid argument fd=22)
W/Adreno200-EGLSUB(  326): <GetBackBuffer:2121>: genlock_lock_buffer GENLOCK_WRITE_LOCK failed
W/Adreno200-EGL(  326): <qeglDrvAPI_eglSwapBuffers:3477>: EGL_BAD_ALLOC
E/libgenlock(  326): perform_lock_unlock_operation: GENLOCK_IOC_DREADLOCK failed (lockType0x1,err=Invalid argument fd=22)
W/Adreno200-EGLSUB(  326): <GetBackBuffer:2121>: genlock_lock_buffer GENLOCK_WRITE_LOCK failed
W/Adreno200-EGL(  326): <qeglDrvAPI_eglSwapBuffers:3477>: EGL_BAD_ALLOC
E/libgenlock(  326): perform_lock_unlock_operation: GENLOCK_IOC_DREADLOCK failed (lockType0x1,err=Invalid argument fd=22)
W/Adreno200-EGLSUB(  326): <GetBackBuffer:2121>: genlock_lock_buffer GENLOCK_WRITE_LOCK failed
W/Adreno200-EGL(  326): <qeglDrvAPI_eglSwapBuffers:3477>: EGL_BAD_ALLOC
E/libgenlock(  326): perform_lock_unlock_operation: GENLOCK_IOC_DREADLOCK failed (lockType0x1,err=Invalid argument fd=22)
W/Adreno200-EGLSUB(  326): <GetBackBuffer:2121>: genlock_lock_buffer GENLOCK_WRITE_LOCK failed
W/Adreno200-EGL(  326): <qeglDrvAPI_eglSwapBuffers:3477>: EGL_BAD_ALLOC
E/libgenlock(  326): perform_lock_unlock_operation: GENLOCK_IOC_DREADLOCK failed (lockType0x1,err=Invalid argument fd=22)
W/Adreno200-EGLSUB(  326): <GetBackBuffer:2121>: genlock_lock_buffer GENLOCK_WRITE_LOCK failed
W/Adreno200-EGL(  326): <qeglDrvAPI_eglSwapBuffers:3477>: EGL_BAD_ALLOC
E/libgenlock(  326): perform_lock_unlock_operation: GENLOCK_IOC_DREADLOCK failed (lockType0x1,err=Invalid argument fd=22)
W/Adreno200-EGLSUB(  326): <GetBackBuffer:2121>: genlock_lock_buffer GENLOCK_WRITE_LOCK failed
W/Adreno200-EGL(  326): <qeglDrvAPI_eglSwapBuffers:3477>: EGL_BAD_ALLOC
E/libgenlock(  326): perform_lock_unlock_operation: GENLOCK_IOC_DREADLOCK failed (lockType0x1,err=Invalid argument fd=22)
W/Adreno200-EGLSUB(  326): <GetBackBuffer:2121>: genlock_lock_buffer GENLOCK_WRITE_LOCK failed
W/Adreno200-EGL(  326): <qeglDrvAPI_eglSwapBuffers:3477>: EGL_BAD_ALLOC
E/libgenlock(  326): perform_lock_unlock_operation: GENLOCK_IOC_DREADLOCK failed (lockType0x1,err=Invalid argument fd=22)
W/Adreno200-EGLSUB(  326): <GetBackBuffer:2121>: genlock_lock_buffer GENLOCK_WRITE_LOCK failed
W/Adreno200-EGL(  326): <qeglDrvAPI_eglSwapBuffers:3477>: EGL_BAD_ALLOC
E/libgenlock(  326): perform_lock_unlock_operation: GENLOCK_IOC_DREADLOCK failed (lockType0x1,err=Invalid argument fd=22)
W/Adreno200-EGLSUB(  326): <GetBackBuffer:2121>: genlock_lock_buffer GENLOCK_WRITE_LOCK failed
W/Adreno200-EGL(  326): <qeglDrvAPI_eglSwapBuffers:3477>: EGL_BAD_ALLOC
W/Zygote  (  136): Class not found for preloading: android.text.TextDirectionHeuristics$CharCount
W/Zygote  (  136): Class not found for preloading: android.text.method.WordIterator$1
E/libgenlock(  326): perform_lock_unlock_operation: GENLOCK_IOC_DREADLOCK failed (lockType0x1,err=Invalid argument fd=22)
W/Adreno200-EGLSUB(  326): <GetBackBuffer:2121>: genlock_lock_buffer GENLOCK_WRITE_LOCK failed
W/Adreno200-EGL(  326): <qeglDrvAPI_eglSwapBuffers:3477>: EGL_BAD_ALLOC
W/Zygote  (  136): Class not found for preloading: android.view.InputHandler
W/Zygote  (  136): Class not found for preloading: android.view.InputQueue$FinishedCallback
W/Zygote  (  136): Class not found for preloading: android.view.ViewRootImpl$3
E/libgenlock(  326): perform_lock_unlock_operation: GENLOCK_IOC_DREADLOCK failed (lockType0x1,err=Invalid argument fd=22)
W/Adreno200-EGLSUB(  326): <GetBackBuffer:2121>: genlock_lock_buffer GENLOCK_WRITE_LOCK failed
W/Adreno200-EGL(  326): <qeglDrvAPI_eglSwapBuffers:3477>: EGL_BAD_ALLOC
E/libgenlock(  326): perform_lock_unlock_operation: GENLOCK_IOC_DREADLOCK failed (lockType0x1,err=Invalid argument fd=22)
W/Adreno200-EGLSUB(  326): <GetBackBuffer:2121>: genlock_lock_buffer GENLOCK_WRITE_LOCK failed
W/Adreno200-EGL(  326): <qeglDrvAPI_eglSwapBuffers:3477>: EGL_BAD_ALLOC
E/libgenlock(  326): perform_lock_unlock_operation: GENLOCK_IOC_DREADLOCK failed (lockType0x1,err=Invalid argument fd=22)
W/Adreno200-EGLSUB(  326): <GetBackBuffer:2121>: genlock_lock_buffer GENLOCK_WRITE_LOCK failed
W/Adreno200-EGL(  326): <qeglDrvAPI_eglSwapBuffers:3477>: EGL_BAD_ALLOC
E/libgenlock(  326): perform_lock_unlock_operation: GENLOCK_IOC_DREADLOCK failed (lockType0x1,err=Invalid argument fd=22)
W/Adreno200-EGLSUB(  326): <GetBackBuffer:2121>: genlock_lock_buffer GENLOCK_WRITE_LOCK failed
W/Adreno200-EGL(  326): <qeglDrvAPI_eglSwapBuffers:3477>: EGL_BAD_ALLOC
E/libgenlock(  326): perform_lock_unlock_operation: GENLOCK_IOC_DREADLOCK failed (lockType0x1,err=Invalid argument fd=22)
W/Adreno200-EGLSUB(  326): <GetBackBuffer:2121>: genlock_lock_buffer GENLOCK_WRITE_LOCK failed
W/Adreno200-EGL(  326): <qeglDrvAPI_eglSwapBuffers:3477>: EGL_BAD_ALLOC
E/libgenlock(  326): perform_lock_unlock_operation: GENLOCK_IOC_DREADLOCK failed (lockType0x1,err=Invalid argument fd=22)
W/Adreno200-EGLSUB(  326): <GetBackBuffer:2121>: genlock_lock_buffer GENLOCK_WRITE_LOCK failed
W/Adreno200-EGL(  326): <qeglDrvAPI_eglSwapBuffers:3477>: EGL_BAD_ALLOC
I/dalvikvm(  136): threadid=1: recursive native library load attempt (/system/lib/libwebcore.so)
D/dalvikvm(  136): No JNI_OnLoad found in /system/lib/libchromium_net.so 0x0, skipping init
D/dalvikvm(  136): GC_FOR_ALLOC freed 622K, 60% free 1641K/4096K, paused 17ms, total 17ms
E/libgenlock(  326): perform_lock_unlock_operation: GENLOCK_IOC_DREADLOCK failed (lockType0x1,err=Invalid argument fd=22)
W/Adreno200-EGLSUB(  326): <GetBackBuffer:2121>: genlock_lock_buffer GENLOCK_WRITE_LOCK failed
W/Adreno200-EGL(  326): <qeglDrvAPI_eglSwapBuffers:3477>: EGL_BAD_ALLOC
W/Zygote  (  136): Class not found for preloading: android.widget.EdgeGlow
E/libgenlock(  326): perform_lock_unlock_operation: GENLOCK_IOC_DREADLOCK failed (lockType0x1,err=Invalid argument fd=22)
W/Adreno200-EGLSUB(  326): <GetBackBuffer:2121>: genlock_lock_buffer GENLOCK_WRITE_LOCK failed
W/Adreno200-EGL(  326): <qeglDrvAPI_eglSwapBuffers:3477>: EGL_BAD_ALLOC
E/libgenlock(  326): perform_lock_unlock_operation: GENLOCK_IOC_DREADLOCK failed (lockType0x1,err=Invalid argument fd=22)
W/Adreno200-EGLSUB(  326): <GetBackBuffer:2121>: genlock_lock_buffer GENLOCK_WRITE_LOCK failed
W/Adreno200-EGL(  326): <qeglDrvAPI_eglSwapBuffers:3477>: EGL_BAD_ALLOC
W/Zygote  (  136): Class not found for preloading: android.widget.TextView$Blink
W/Zygote  (  136): Class not found for preloading: android.widget.TextView$EasyEditSpanController
W/Zygote  (  136): Class not found for preloading: android.widget.TextView$InputContentType
W/Zygote  (  136): Class not found for preloading: android.widget.TextView$InputMethodState
W/Zygote  (  136): Class not found for preloading: android.widget.TextView$TextAlign
E/libgenlock(  326): perform_lock_unlock_operation: GENLOCK_IOC_DREADLOCK failed (lockType0x1,err=Invalid argument fd=22)
W/Adreno200-EGLSUB(  326): <GetBackBuffer:2121>: genlock_lock_buffer GENLOCK_WRITE_LOCK failed
W/Adreno200-EGL(  326): <qeglDrvAPI_eglSwapBuffers:3477>: EGL_BAD_ALLOC
E/PhonePolicy(  136): Could not preload class for phone policy: com.android.internal.policy.impl.PhoneWindow$ContextMenuCallback
E/libgenlock(  326): perform_lock_unlock_operation: GENLOCK_IOC_DREADLOCK failed (lockType0x1,err=Invalid argument fd=22)
W/Adreno200-EGLSUB(  326): <GetBackBuffer:2121>: genlock_lock_buffer GENLOCK_WRITE_LOCK failed
W/Adreno200-EGL(  326): <qeglDrvAPI_eglSwapBuffers:3477>: EGL_BAD_ALLOC
W/Zygote  (  136): Class not found for preloading: java.text.DecimalFormat$1
